Archive member included to satisfy reference by file (symbol)

c:/program files (x86)/atmel/studio/7.0/toolchain/arm/arm-gnu-toolchain/bin/../lib/gcc/arm-none-eabi/6.3.1/thumb/v7e-m\libgcc.a(_arm_addsubdf3.o)
                              src/main.o (__aeabi_i2d)
c:/program files (x86)/atmel/studio/7.0/toolchain/arm/arm-gnu-toolchain/bin/../lib/gcc/arm-none-eabi/6.3.1/thumb/v7e-m\libgcc.a(_arm_muldivdf3.o)
                              src/main.o (__aeabi_dmul)
c:/program files (x86)/atmel/studio/7.0/toolchain/arm/arm-gnu-toolchain/bin/../lib/gcc/arm-none-eabi/6.3.1/thumb/v7e-m\libgcc.a(_arm_fixdfsi.o)
                              src/main.o (__aeabi_d2iz)
c:/program files (x86)/atmel/studio/7.0/toolchain/arm/arm-gnu-toolchain/bin/../lib/gcc/arm-none-eabi/6.3.1/../../../../arm-none-eabi/lib/thumb/v7e-m\libc.a(lib_a-exit.o)
                              c:/program files (x86)/atmel/studio/7.0/toolchain/arm/arm-gnu-toolchain/bin/../lib/gcc/arm-none-eabi/6.3.1/../../../../arm-none-eabi/lib/thumb/v7e-m/crt0.o (exit)
c:/program files (x86)/atmel/studio/7.0/toolchain/arm/arm-gnu-toolchain/bin/../lib/gcc/arm-none-eabi/6.3.1/../../../../arm-none-eabi/lib/thumb/v7e-m\libc.a(lib_a-impure.o)
                              c:/program files (x86)/atmel/studio/7.0/toolchain/arm/arm-gnu-toolchain/bin/../lib/gcc/arm-none-eabi/6.3.1/../../../../arm-none-eabi/lib/thumb/v7e-m\libc.a(lib_a-exit.o) (_global_impure_ptr)
c:/program files (x86)/atmel/studio/7.0/toolchain/arm/arm-gnu-toolchain/bin/../lib/gcc/arm-none-eabi/6.3.1/../../../../arm-none-eabi/lib/thumb/v7e-m\libc.a(lib_a-init.o)
                              c:/program files (x86)/atmel/studio/7.0/toolchain/arm/arm-gnu-toolchain/bin/../lib/gcc/arm-none-eabi/6.3.1/../../../../arm-none-eabi/lib/thumb/v7e-m/crt0.o (__libc_init_array)
c:/program files (x86)/atmel/studio/7.0/toolchain/arm/arm-gnu-toolchain/bin/../lib/gcc/arm-none-eabi/6.3.1/../../../../arm-none-eabi/lib/thumb/v7e-m\libc.a(lib_a-memset.o)
                              c:/program files (x86)/atmel/studio/7.0/toolchain/arm/arm-gnu-toolchain/bin/../lib/gcc/arm-none-eabi/6.3.1/../../../../arm-none-eabi/lib/thumb/v7e-m/crt0.o (memset)
c:/program files (x86)/atmel/studio/7.0/toolchain/arm/arm-gnu-toolchain/bin/../lib/gcc/arm-none-eabi/6.3.1/../../../../arm-none-eabi/lib/thumb/v7e-m\libc.a(lib_a-sprintf.o)
                              src/main.o (sprintf)
c:/program files (x86)/atmel/studio/7.0/toolchain/arm/arm-gnu-toolchain/bin/../lib/gcc/arm-none-eabi/6.3.1/../../../../arm-none-eabi/lib/thumb/v7e-m\libc.a(lib_a-svfprintf.o)
                              c:/program files (x86)/atmel/studio/7.0/toolchain/arm/arm-gnu-toolchain/bin/../lib/gcc/arm-none-eabi/6.3.1/../../../../arm-none-eabi/lib/thumb/v7e-m\libc.a(lib_a-sprintf.o) (_svfprintf_r)
c:/program files (x86)/atmel/studio/7.0/toolchain/arm/arm-gnu-toolchain/bin/../lib/gcc/arm-none-eabi/6.3.1/../../../../arm-none-eabi/lib/thumb/v7e-m\libc.a(lib_a-__call_atexit.o)
                              c:/program files (x86)/atmel/studio/7.0/toolchain/arm/arm-gnu-toolchain/bin/../lib/gcc/arm-none-eabi/6.3.1/../../../../arm-none-eabi/lib/thumb/v7e-m\libc.a(lib_a-exit.o) (__call_exitprocs)
c:/program files (x86)/atmel/studio/7.0/toolchain/arm/arm-gnu-toolchain/bin/../lib/gcc/arm-none-eabi/6.3.1/../../../../arm-none-eabi/lib/thumb/v7e-m\libc.a(lib_a-atexit.o)
                              c:/program files (x86)/atmel/studio/7.0/toolchain/arm/arm-gnu-toolchain/bin/../lib/gcc/arm-none-eabi/6.3.1/../../../../arm-none-eabi/lib/thumb/v7e-m\libc.a(lib_a-__call_atexit.o) (atexit)
c:/program files (x86)/atmel/studio/7.0/toolchain/arm/arm-gnu-toolchain/bin/../lib/gcc/arm-none-eabi/6.3.1/../../../../arm-none-eabi/lib/thumb/v7e-m\libc.a(lib_a-dtoa.o)
                              c:/program files (x86)/atmel/studio/7.0/toolchain/arm/arm-gnu-toolchain/bin/../lib/gcc/arm-none-eabi/6.3.1/../../../../arm-none-eabi/lib/thumb/v7e-m\libc.a(lib_a-svfprintf.o) (_dtoa_r)
c:/program files (x86)/atmel/studio/7.0/toolchain/arm/arm-gnu-toolchain/bin/../lib/gcc/arm-none-eabi/6.3.1/../../../../arm-none-eabi/lib/thumb/v7e-m\libc.a(lib_a-fini.o)
                              c:/program files (x86)/atmel/studio/7.0/toolchain/arm/arm-gnu-toolchain/bin/../lib/gcc/arm-none-eabi/6.3.1/../../../../arm-none-eabi/lib/thumb/v7e-m\libc.a(lib_a-__call_atexit.o) (__libc_fini_array)
c:/program files (x86)/atmel/studio/7.0/toolchain/arm/arm-gnu-toolchain/bin/../lib/gcc/arm-none-eabi/6.3.1/../../../../arm-none-eabi/lib/thumb/v7e-m\libc.a(lib_a-localeconv.o)
                              c:/program files (x86)/atmel/studio/7.0/toolchain/arm/arm-gnu-toolchain/bin/../lib/gcc/arm-none-eabi/6.3.1/../../../../arm-none-eabi/lib/thumb/v7e-m\libc.a(lib_a-svfprintf.o) (_localeconv_r)
c:/program files (x86)/atmel/studio/7.0/toolchain/arm/arm-gnu-toolchain/bin/../lib/gcc/arm-none-eabi/6.3.1/../../../../arm-none-eabi/lib/thumb/v7e-m\libc.a(lib_a-lock.o)
[...]
Memory Configuration

Name             Origin             Length             Attributes
rom              0x00400000         0x00200000         xr
ram              0x20400000         0x00060000         xrw
*default*        0x00000000         0xffffffff

Linker script and memory map

LOAD c:/program files (x86)/atmel/studio/7.0/toolchain/arm/arm-gnu-toolchain/bin/../lib/gcc/arm-none-eabi/6.3.1/thumb/v7e-m/crti.o
LOAD c:/program files (x86)/atmel/studio/7.0/toolchain/arm/arm-gnu-toolchain/bin/../lib/gcc/arm-none-eabi/6.3.1/thumb/v7e-m/crtbegin.o
LOAD c:/program files (x86)/atmel/studio/7.0/toolchain/arm/arm-gnu-toolchain/bin/../lib/gcc/arm-none-eabi/6.3.1/../../../../arm-none-eabi/lib/thumb/v7e-m/crt0.o
LOAD src/ASF/common/services/sleepmgr/sam/sleepmgr.o
LOAD src/ASF/sam/drivers/rtc/rtc.o
LOAD src/ASF/sam/drivers/rtt/rtt.o
LOAD src/ASF/sam/drivers/tc/tc.o
LOAD src/main.o
LOAD src/ASF/common/services/delay/sam/cycle_counter.o
LOAD src/ASF/common/services/spi/sam_spi/spi_master.o
LOAD src/ASF/sam/components/display/ili9488/ili9488.o
LOAD src/ASF/sam/drivers/spi/spi.o
LOAD src/ASF/common/services/clock/same70/sysclk.o
LOAD src/ASF/common/utils/interrupt/interrupt_sam_nvic.o
LOAD src/ASF/sam/boards/same70_xplained/init.o
LOAD src/ASF/sam/drivers/mpu/mpu.o
LOAD src/ASF/sam/drivers/pio/pio.o
LOAD src/ASF/sam/drivers/pio/pio_handler.o
LOAD src/ASF/sam/drivers/pmc/pmc.o
LOAD src/ASF/sam/drivers/pmc/sleep.o
LOAD src/ASF/sam/utils/cmsis/same70/source/templates/gcc/startup_same70.o
LOAD src/ASF/sam/utils/cmsis/same70/source/templates/system_same70.o
LOAD src/ASF/sam/utils/syscalls/gcc/syscalls.o
START GROUP
LOAD ../src/ASF/thirdparty/CMSIS/Lib/GCC\libarm_cortexM7lfsp_math_softfp.a
LOAD c:/program files (x86)/atmel/studio/7.0/toolchain/arm/arm-gnu-toolchain/bin/../lib/gcc/arm-none-eabi/6.3.1/../../../../arm-none-eabi/lib/thumb/v7e-m\libm.a
END GROUP
START GROUP
LOAD c:/program files (x86)/atmel/studio/7.0/toolchain/arm/arm-gnu-toolchain/bin/../lib/gcc/arm-none-eabi/6.3.1/thumb/v7e-m\libgcc.a
LOAD c:/program files (x86)/atmel/studio/7.0/toolchain/arm/arm-gnu-toolchain/bin/../lib/gcc/arm-none-eabi/6.3.1/../../../../arm-none-eabi/lib/thumb/v7e-m\libc.a
END GROUP
LOAD c:/program files (x86)/atmel/studio/7.0/toolchain/arm/arm-gnu-toolchain/bin/../lib/gcc/arm-none-eabi/6.3.1/thumb/v7e-m/crtend.o
LOAD c:/program files (x86)/atmel/studio/7.0/toolchain/arm/arm-gnu-toolchain/bin/../lib/gcc/arm-none-eabi/6.3.1/thumb/v7e-m/crtn.o
                0x00002000                STACK_SIZE = DEFINED (STACK_SIZE)?STACK_SIZE:0x2000
                0x2045fffc                __ram_end__ = ((ORIGIN (ram) + LENGTH (ram)) - 0x4)
                0x00000200                HEAP_SIZE = DEFINED (HEAP_SIZE)?HEAP_SIZE:0x200

.text           0x00400000    0x35234
                0x00400000                . = ALIGN (0x4)
                0x00400000                _sfixed = .
 *(.vectors .vectors.*)
 .vectors       0x00400000      0x168 src/ASF/sam/utils/cmsis/same70/source/templates/gcc/startup_same70.o
                0x00400000                exception_table
 *(.text .text.* .gnu.linkonce.t.*)
 .text          0x00400168       0x6c c:/program files (x86)/atmel/studio/7.0/toolchain/arm/arm-gnu-toolchain/bin/../lib/gcc/arm-none-eabi/6.3.1/thumb/v7e-m/crtbegin.o
 .text.rtc_set_hour_mode
                0x004001d4       0x36 src/ASF/sam/drivers/rtc/rtc.o
                0x004001d4                rtc_set_hour_mode
 .text.rtc_enable_interrupt
                0x0040020a       0x1c src/ASF/sam/drivers/rtc/rtc.o
                0x0040020a                rtc_enable_interrupt
 .text.rtc_get_time
                0x00400226       0xc4 src/ASF/sam/drivers/rtc/rtc.o
                0x00400226                rtc_get_time
 *fill*         0x004002ea        0x2 
 .text.rtc_set_time
                0x004002ec      0x108 src/ASF/sam/drivers/rtc/rtc.o
                0x004002ec                rtc_set_time
 .text.rtc_set_time_alarm
                0x004003f4      0x100 src/ASF/sam/drivers/rtc/rtc.o
                0x004003f4                rtc_set_time_alarm
 .text.rtc_set_date
                0x004004f4      0x140 src/ASF/sam/drivers/rtc/rtc.o
                0x004004f4                rtc_set_date
 .text.rtc_set_date_alarm
                0x00400634       0xb0 src/ASF/sam/drivers/rtc/rtc.o
                0x00400634                rtc_set_date_alarm
 .text.rtc_get_status
                0x004006e4       0x18 src/ASF/sam/drivers/rtc/rtc.o
                0x004006e4                rtc_get_status
 .text.rtc_clear_status
                0x004006fc       0x1c src/ASF/sam/drivers/rtc/rtc.o
                0x004006fc                rtc_clear_status
 .text.rtt_init
                0x00400718       0x30 src/ASF/sam/drivers/rtt/rtt.o
                0x00400718                rtt_init
 .text.rtt_sel_source
                0x00400748       0x58 src/ASF/sam/drivers/rtt/rtt.o
                0x00400748                rtt_sel_source
 .text.rtt_enable_interrupt
                0x004007a0       0x38 src/ASF/sam/drivers/rtt/rtt.o
                0x004007a0                rtt_enable_interrupt
 .text.rtt_disable_interrupt
                0x004007d8       0x40 src/ASF/sam/drivers/rtt/rtt.o
                0x004007d8                rtt_disable_interrupt
 .text.rtt_read_timer_value
                0x00400818       0x2e src/ASF/sam/drivers/rtt/rtt.o
                0x00400818                rtt_read_timer_value
 .text.rtt_get_status
                0x00400846       0x18 src/ASF/sam/drivers/rtt/rtt.o
                0x00400846                rtt_get_status
 *fill*         0x0040085e        0x2 
 .text.rtt_write_alarm_time
                0x00400860       0x5c src/ASF/sam/drivers/rtt/rtt.o
                0x00400860                rtt_write_alarm_time
 .text.NVIC_EnableIRQ
                0x004008bc       0x34 src/main.o
 .text.NVIC_DisableIRQ
                0x004008f0       0x34 src/main.o
 .text.NVIC_ClearPendingIRQ
                0x00400924       0x34 src/main.o
 .text.NVIC_SetPriority
                0x00400958       0x54 src/main.o
 .text.configure_lcd
                0x004009ac       0x4c src/main.o
                0x004009ac                configure_lcd
 .text.font_draw_text
                0x004009f8       0x88 src/main.o
                0x004009f8                font_draw_text
 .text.but_flag_callback
                0x00400a80       0x18 src/main.o
                0x00400a80                but_flag_callback
 .text.velocidade
                0x00400a98       0xac src/main.o
                0x00400a98                velocidade
 *fill*         0x00400b44        0x4 
 .text.distancia
                0x00400b48       0x4c src/main.o
                0x00400b48                distancia
 .text.RTC_Handler
                0x00400b94       0xe8 src/main.o
                0x00400b94                RTC_Handler
 .text.rtc_init
                0x00400c7c       0x84 src/main.o
                0x00400c7c                rtc_init
 .text.RTT_Handler
                0x00400d00       0x34 src/main.o
                0x00400d00                RTT_Handler
 .text.RTT_init
                0x00400d34       0x98 src/main.o
 .text.io_init  0x00400dcc       0x80 src/main.o
                0x00400dcc                io_init
 .text.main     0x00400e4c      0x2b0 src/main.o
                0x00400e4c                main
 .text.osc_get_rate
                0x004010fc       0x74 src/ASF/common/services/spi/sam_spi/spi_master.o
 .text.sysclk_get_main_hz
                0x00401170       0x20 src/ASF/common/services/spi/sam_spi/spi_master.o
 .text.sysclk_get_peripheral_hz
                0x00401190       0x14 src/ASF/common/services/spi/sam_spi/spi_master.o
 .text.spi_reset
                0x004011a4       0x1a src/ASF/common/services/spi/sam_spi/spi_master.o
 .text.spi_set_master_mode
                0x004011be       0x20 src/ASF/common/services/spi/sam_spi/spi_master.o
 .text.spi_set_fixed_peripheral_select
                0x004011de       0x20 src/ASF/common/services/spi/sam_spi/spi_master.o
 .text.spi_disable_peripheral_select_decode
                0x004011fe       0x20 src/ASF/common/services/spi/sam_spi/spi_master.o
 .text.spi_get_peripheral_select_decode_setting
                0x0040121e       0x26 src/ASF/common/services/spi/sam_spi/spi_master.o
 .text.spi_disable_mode_fault_detect
                0x00401244       0x20 src/ASF/common/services/spi/sam_spi/spi_master.o
 .text.spi_disable_loopback
                0x00401264       0x20 src/ASF/common/services/spi/sam_spi/spi_master.o
 .text.spi_put  0x00401284       0x1e src/ASF/common/services/spi/sam_spi/spi_master.o
 .text.spi_get  0x004012a2       0x1a src/ASF/common/services/spi/sam_spi/spi_master.o
 .text.spi_is_tx_ready
                0x004012bc       0x26 src/ASF/common/services/spi/sam_spi/spi_master.o
 .text.spi_is_rx_ready
                0x004012e2       0x2c src/ASF/common/services/spi/sam_spi/spi_master.o
 *fill*         0x0040130e        0x2 
 .text.spi_write_single
                0x00401310       0x24 src/ASF/common/services/spi/sam_spi/spi_master.o
 .text.spi_read_single
                0x00401334       0x24 src/ASF/common/services/spi/sam_spi/spi_master.o
 .text.spi_master_init
                0x00401358       0x70 src/ASF/common/services/spi/sam_spi/spi_master.o
                0x00401358                spi_master_init
 .text.spi_master_setup_device
                0x004013c8       0xb4 src/ASF/common/services/spi/sam_spi/spi_master.o
                0x004013c8                spi_master_setup_device
 .text.spi_select_device
                0x0040147c       0x58 src/ASF/common/services/spi/sam_spi/spi_master.o
                0x0040147c                spi_select_device
 .text.spi_write_packet
                0x004014d4       0x74 src/ASF/common/services/spi/sam_spi/spi_master.o
                0x004014d4                spi_write_packet
 .text.spi_read_packet
                0x00401548       0xac src/ASF/common/services/spi/sam_spi/spi_master.o
                0x00401548                spi_read_packet
 .text.spi_enable
                0x004015f4       0x1a src/ASF/sam/components/display/ili9488/ili9488.o
 .text.spi_enable_interrupt
                0x0040160e       0x1c src/ASF/sam/components/display/ili9488/ili9488.o
 *fill*         0x0040162a        0x2 
 .text.ili9488_write_ram_prepare
                0x0040162c       0x40 src/ASF/sam/components/display/ili9488/ili9488.o
 .text.ili9488_write_ram_buffer
                0x0040166c       0x40 src/ASF/sam/components/display/ili9488/ili9488.o
 .text.ili9488_write_register
                0x004016ac       0x78 src/ASF/sam/components/display/ili9488/ili9488.o
 .text.ili9488_read_chipid
                0x00401724       0xcc src/ASF/sam/components/display/ili9488/ili9488.o
 .text.ili9488_delay
                0x004017f0       0x40 src/ASF/sam/components/display/ili9488/ili9488.o
                0x004017f0                ili9488_delay
 .text.ili9488_check_box_coordinates
                0x00401830       0xa2 src/ASF/sam/components/display/ili9488/ili9488.o
 *fill*         0x004018d2        0x2 
 .text.ili9488_set_display_direction
                0x004018d4       0x34 src/ASF/sam/components/display/ili9488/ili9488.o
                0x004018d4                ili9488_set_display_direction
 .text.ili9488_set_window
                0x00401908       0xc8 src/ASF/sam/components/display/ili9488/ili9488.o
                0x00401908                ili9488_set_window
 .text.ili9488_init
                0x004019d0      0x15c src/ASF/sam/components/display/ili9488/ili9488.o
                0x004019d0                ili9488_init
 .text.ili9488_display_on
                0x00401b2c       0x18 src/ASF/sam/components/display/ili9488/ili9488.o
                0x00401b2c                ili9488_display_on
 .text.ili9488_set_foreground_color
                0x00401b44       0x54 src/ASF/sam/components/display/ili9488/ili9488.o
                0x00401b44                ili9488_set_foreground_color
 .text.ili9488_set_cursor_position
                0x00401b98       0x84 src/ASF/sam/components/display/ili9488/ili9488.o
                0x00401b98                ili9488_set_cursor_position
 .text.ili9488_draw_filled_rectangle
                0x00401c1c       0xdc src/ASF/sam/components/display/ili9488/ili9488.o
                0x00401c1c                ili9488_draw_filled_rectangle
 .text.ili9488_draw_pixmap
                0x00401cf8       0xb4 src/ASF/sam/components/display/ili9488/ili9488.o
                0x00401cf8                ili9488_draw_pixmap
 .text.spi_get_peripheral_select_mode
                0x00401dac       0x26 src/ASF/sam/drivers/spi/spi.o
 *fill*         0x00401dd2        0x2 
 .text.sysclk_enable_peripheral_clock
                0x00401dd4       0x1c src/ASF/sam/drivers/spi/spi.o
 .text.spi_enable_clock
                0x00401df0       0x3c src/ASF/sam/drivers/spi/spi.o
                0x00401df0                spi_enable_clock
 .text.spi_set_peripheral_chip_select_value
                0x00401e2c       0x34 src/ASF/sam/drivers/spi/spi.o
                0x00401e2c                spi_set_peripheral_chip_select_value
 .text.spi_set_delay_between_chip_select
                0x00401e60       0x30 src/ASF/sam/drivers/spi/spi.o
                0x00401e60                spi_set_delay_between_chip_select
 .text.spi_write
                0x00401e90       0x80 src/ASF/sam/drivers/spi/spi.o
                0x00401e90                spi_write
 .text.spi_set_clock_polarity
                0x00401f10       0x50 src/ASF/sam/drivers/spi/spi.o
                0x00401f10                spi_set_clock_polarity
 .text.spi_set_clock_phase
                0x00401f60       0x50 src/ASF/sam/drivers/spi/spi.o
                0x00401f60                spi_set_clock_phase
 .text.spi_configure_cs_behavior
                0x00401fb0       0xa6 src/ASF/sam/drivers/spi/spi.o
                0x00401fb0                spi_configure_cs_behavior
 .text.spi_set_bits_per_transfer
                0x00402056       0x4a src/ASF/sam/drivers/spi/spi.o
                0x00402056                spi_set_bits_per_transfer
 .text.spi_calc_baudrate_div
                0x004020a0       0x3c src/ASF/sam/drivers/spi/spi.o
                0x004020a0                spi_calc_baudrate_div
 .text.spi_set_baudrate_div
                0x004020dc       0x5e src/ASF/sam/drivers/spi/spi.o
                0x004020dc                spi_set_baudrate_div
 .text.spi_set_transfer_delay
                0x0040213a       0x5e src/ASF/sam/drivers/spi/spi.o
                0x0040213a                spi_set_transfer_delay
 .text.osc_enable
                0x00402198       0x88 src/ASF/common/services/clock/same70/sysclk.o
 .text.osc_is_ready
                0x00402220       0x70 src/ASF/common/services/clock/same70/sysclk.o
 .text.osc_get_rate
                0x00402290       0x74 src/ASF/common/services/clock/same70/sysclk.o
 .text.osc_wait_ready
                0x00402304       0x2c src/ASF/common/services/clock/same70/sysclk.o
 .text.pll_config_init
                0x00402330       0x6c src/ASF/common/services/clock/same70/sysclk.o
 .text.pll_enable
                0x0040239c       0x40 src/ASF/common/services/clock/same70/sysclk.o
 .text.pll_is_locked
                0x004023dc       0x2c src/ASF/common/services/clock/same70/sysclk.o
 .text.pll_enable_source
                0x00402408       0x38 src/ASF/common/services/clock/same70/sysclk.o
 .text.pll_wait_for_lock
                0x00402440       0x24 src/ASF/common/services/clock/same70/sysclk.o
 .text.sysclk_get_main_hz
                0x00402464       0x20 src/ASF/common/services/clock/same70/sysclk.o
 .text.sysclk_get_cpu_hz
                0x00402484       0x14 src/ASF/common/services/clock/same70/sysclk.o
 .text.sysclk_init
                0x00402498       0x7c src/ASF/common/services/clock/same70/sysclk.o
                0x00402498                sysclk_init
 .text.sysclk_enable_peripheral_clock
                0x00402514       0x1c src/ASF/sam/boards/same70_xplained/init.o
 .text.ioport_init
                0x00402530       0x2c src/ASF/sam/boards/same70_xplained/init.o
 .text.ioport_disable_pin
                0x0040255c       0x4c src/ASF/sam/boards/same70_xplained/init.o
 .text.ioport_set_pin_mode
                0x004025a8      0x11c src/ASF/sam/boards/same70_xplained/init.o
 .text.ioport_set_pin_dir
                0x004026c4       0x88 src/ASF/sam/boards/same70_xplained/init.o
 .text.ioport_set_pin_level
                0x0040274c       0x6c src/ASF/sam/boards/same70_xplained/init.o
 .text.ioport_set_pin_sense_mode
                0x004027b8       0xd0 src/ASF/sam/boards/same70_xplained/init.o
 .text.tcm_disable
                0x00402888       0x44 src/ASF/sam/boards/same70_xplained/init.o
 .text.board_init
                0x004028cc      0x1ac src/ASF/sam/boards/same70_xplained/init.o
                0x004028cc                board_init
 .text.pio_pull_up
                0x00402a78       0x2c src/ASF/sam/drivers/pio/pio.o
                0x00402a78                pio_pull_up
 .text.pio_set_debounce_filter
                0x00402aa4       0x38 src/ASF/sam/drivers/pio/pio.o
                0x00402aa4                pio_set_debounce_filter
 .text.pio_set  0x00402adc       0x1c src/ASF/sam/drivers/pio/pio.o
                0x00402adc                pio_set
 .text.pio_set_peripheral
                0x00402af8      0x110 src/ASF/sam/drivers/pio/pio.o
                0x00402af8                pio_set_peripheral
 .text.pio_set_input
                0x00402c08       0x80 src/ASF/sam/drivers/pio/pio.o
                0x00402c08                pio_set_input
 .text.pio_set_output
                0x00402c88       0x64 src/ASF/sam/drivers/pio/pio.o
                0x00402c88                pio_set_output
 .text.pio_configure
                0x00402cec       0xcc src/ASF/sam/drivers/pio/pio.o
                0x00402cec                pio_configure
 .text.pio_configure_interrupt
                0x00402db8       0x6c src/ASF/sam/drivers/pio/pio.o
                0x00402db8                pio_configure_interrupt
 .text.pio_enable_interrupt
                0x00402e24       0x1c src/ASF/sam/drivers/pio/pio.o
                0x00402e24                pio_enable_interrupt
 .text.pio_disable_interrupt
                0x00402e40       0x1c src/ASF/sam/drivers/pio/pio.o
                0x00402e40                pio_disable_interrupt
 .text.pio_get_interrupt_status
                0x00402e5c       0x18 src/ASF/sam/drivers/pio/pio.o
                0x00402e5c                pio_get_interrupt_status
 .text.pio_get_interrupt_mask
                0x00402e74       0x18 src/ASF/sam/drivers/pio/pio.o
                0x00402e74                pio_get_interrupt_mask
 .text.pio_set_pin_high
                0x00402e8c       0x30 src/ASF/sam/drivers/pio/pio.o
                0x00402e8c                pio_set_pin_high
 .text.pio_set_pin_low
                0x00402ebc       0x30 src/ASF/sam/drivers/pio/pio.o
                0x00402ebc                pio_set_pin_low
 .text.pio_configure_pin
                0x00402eec      0x1b0 src/ASF/sam/drivers/pio/pio.o
                0x00402eec                pio_configure_pin
 .text.pio_get_pin_group
                0x0040309c       0x28 src/ASF/sam/drivers/pio/pio.o
                0x0040309c                pio_get_pin_group
 .text.pio_handler_process
                0x004030c4       0xb4 src/ASF/sam/drivers/pio/pio_handler.o
                0x004030c4                pio_handler_process
 .text.pio_handler_set
                0x00403178       0xa0 src/ASF/sam/drivers/pio/pio_handler.o
                0x00403178                pio_handler_set
 .text.PIOA_Handler
                0x00403218       0x18 src/ASF/sam/drivers/pio/pio_handler.o
                0x00403218                PIOA_Handler
 .text.PIOB_Handler
                0x00403230       0x18 src/ASF/sam/drivers/pio/pio_handler.o
                0x00403230                PIOB_Handler
 .text.PIOC_Handler
                0x00403248       0x18 src/ASF/sam/drivers/pio/pio_handler.o
                0x00403248                PIOC_Handler
 .text.PIOD_Handler
                0x00403260       0x18 src/ASF/sam/drivers/pio/pio_handler.o
                0x00403260                PIOD_Handler
 .text.PIOE_Handler
                0x00403278       0x18 src/ASF/sam/drivers/pio/pio_handler.o
                0x00403278                PIOE_Handler
 .text.pmc_mck_set_division
                0x00403290       0x7c src/ASF/sam/drivers/pmc/pmc.o
                0x00403290                pmc_mck_set_division
 .text.pmc_switch_mck_to_pllack
                0x0040330c       0x84 src/ASF/sam/drivers/pmc/pmc.o
                0x0040330c                pmc_switch_mck_to_pllack
 .text.pmc_switch_sclk_to_32kxtal
                0x00403390       0x38 src/ASF/sam/drivers/pmc/pmc.o
                0x00403390                pmc_switch_sclk_to_32kxtal
 .text.pmc_osc_is_ready_32kxtal
                0x004033c8       0x34 src/ASF/sam/drivers/pmc/pmc.o
                0x004033c8                pmc_osc_is_ready_32kxtal
 .text.pmc_switch_mainck_to_fastrc
                0x004033fc       0x70 src/ASF/sam/drivers/pmc/pmc.o
                0x004033fc                pmc_switch_mainck_to_fastrc
 .text.pmc_switch_mainck_to_xtal
                0x0040346c       0x78 src/ASF/sam/drivers/pmc/pmc.o
                0x0040346c                pmc_switch_mainck_to_xtal
 .text.pmc_osc_is_ready_mainck
                0x004034e4       0x1c src/ASF/sam/drivers/pmc/pmc.o
                0x004034e4                pmc_osc_is_ready_mainck
 .text.pmc_disable_pllack
                0x00403500       0x1c src/ASF/sam/drivers/pmc/pmc.o
                0x00403500                pmc_disable_pllack
 .text.pmc_is_locked_pllack
                0x0040351c       0x1c src/ASF/sam/drivers/pmc/pmc.o
                0x0040351c                pmc_is_locked_pllack
 .text.pmc_is_locked_upll
                0x00403538       0x1c src/ASF/sam/drivers/pmc/pmc.o
                0x00403538                pmc_is_locked_upll
 .text.pmc_enable_periph_clk
                0x00403554       0x3c src/ASF/sam/drivers/pmc/pmc.o
                0x00403554                pmc_enable_periph_clk
 .text.pmc_set_flash_in_wait_mode
                0x00403590       0x20 src/ASF/sam/drivers/pmc/pmc.o
                0x00403590                pmc_set_flash_in_wait_mode
 .text.pmc_enable_waitmode
                0x004035b0       0x90 src/ASF/sam/drivers/pmc/pmc.o
                0x004035b0                pmc_enable_waitmode
 .text.pmc_sleep
                0x00403640      0x398 src/ASF/sam/drivers/pmc/sleep.o
                0x00403640                pmc_sleep
 .text.cpu_irq_save
                0x004039d8       0x38 src/ASF/sam/utils/cmsis/same70/source/templates/gcc/startup_same70.o
 .text.cpu_irq_is_enabled_flags
                0x00403a10       0x20 src/ASF/sam/utils/cmsis/same70/source/templates/gcc/startup_same70.o
 .text.cpu_irq_restore
                0x00403a30       0x30 src/ASF/sam/utils/cmsis/same70/source/templates/gcc/startup_same70.o
 .text.Reset_Handler
                0x00403a60       0xb0 src/ASF/sam/utils/cmsis/same70/source/templates/gcc/startup_same70.o
                0x00403a60                Reset_Handler
 .text.Dummy_Handler
                0x00403b10        0x6 src/ASF/sam/utils/cmsis/same70/source/templates/gcc/startup_same70.o
                0x00403b10                DACC_Handler
                0x00403b10                DebugMon_Handler
                0x00403b10                UART3_Handler
                0x00403b10                UART2_Handler
                0x00403b10                TRNG_Handler
                0x00403b10                HardFault_Handler
                0x00403b10                TC2_Handler
                0x00403b10                SysTick_Handler
                0x00403b10                AFEC1_Handler
                0x00403b10                PendSV_Handler
                0x00403b10                NMI_Handler
                0x00403b10                TC7_Handler
                0x00403b10                QSPI_Handler
                0x00403b10                ISI_Handler
                0x00403b10                MCAN0_INT0_Handler
                0x00403b10                TC9_Handler
                0x00403b10                RSWDT_Handler
                0x00403b10                USART0_Handler
                0x00403b10                USBHS_Handler
                0x00403b10                IXC_Handler
                0x00403b10                CCF_Handler
                0x00403b10                UsageFault_Handler
                0x00403b10                TC6_Handler
                0x00403b10                WDT_Handler
                0x00403b10                MCAN1_INT1_Handler
                0x00403b10                TC4_Handler
                0x00403b10                TC1_Handler
                0x00403b10                HSMCI_Handler
                0x00403b10                UART1_Handler
                0x00403b10                TC3_Handler
                0x00403b10                Dummy_Handler
                0x00403b10                TWIHS1_Handler
                0x00403b10                XDMAC_Handler
                0x00403b10                UART4_Handler
                0x00403b10                PWM1_Handler
                0x00403b10                USART1_Handler
                0x00403b10                PWM0_Handler
                0x00403b10                AFEC0_Handler
                0x00403b10                CCW_Handler
                0x00403b10                TC11_Handler
                0x00403b10                SSC_Handler
                0x00403b10                ACC_Handler
                0x00403b10                PMC_Handler
                0x00403b10                GMAC_Handler
                0x00403b10                MCAN0_INT1_Handler
                0x00403b10                GMAC_Q5_Handler
                0x00403b10                MemManage_Handler
                0x00403b10                SUPC_Handler
                0x00403b10                SVC_Handler
                0x00403b10                TC8_Handler
                0x00403b10                MCAN1_INT0_Handler
                0x00403b10                EFC_Handler
                0x00403b10                GMAC_Q1_Handler
                0x00403b10                USART2_Handler
                0x00403b10                SDRAMC_Handler
                0x00403b10                GMAC_Q2_Handler
                0x00403b10                SPI1_Handler
                0x00403b10                TC10_Handler
                0x00403b10                GMAC_Q3_Handler
                0x00403b10                TWIHS2_Handler
                0x00403b10                I2SC0_Handler
                0x00403b10                UART0_Handler
                0x00403b10                I2SC1_Handler
                0x00403b10                GMAC_Q4_Handler
                0x00403b10                FPU_Handler
                0x00403b10                BusFault_Handler
                0x00403b10                RSTC_Handler
                0x00403b10                TC0_Handler
                0x00403b10                TC5_Handler
                0x00403b10                AES_Handler
                0x00403b10                ICM_Handler
                0x00403b10                TWIHS0_Handler
                0x00403b10                SPI0_Handler
 *fill*         0x00403b16        0x2 
 .text.SystemCoreClockUpdate
                0x00403b18      0x168 src/ASF/sam/utils/cmsis/same70/source/templates/system_same70.o
                0x00403b18                SystemCoreClockUpdate
 .text.system_init_flash
                0x00403c80       0xb0 src/ASF/sam/utils/cmsis/same70/source/templates/system_same70.o
                0x00403c80                system_init_flash
 .text._sbrk    0x00403d30       0x58 src/ASF/sam/utils/syscalls/gcc/syscalls.o
                0x00403d30                _sbrk
 .text          0x00403d88      0x370 c:/program files (x86)/atmel/studio/7.0/toolchain/arm/arm-gnu-toolchain/bin/../lib/gcc/arm-none-eabi/6.3.1/thumb/v7e-m\libgcc.a(_arm_addsubdf3.o)
                0x00403d88                __aeabi_drsub
                0x00403d90                __aeabi_dsub
                0x00403d90                __subdf3
                0x00403d94                __aeabi_dadd
                0x00403d94                __adddf3
                0x0040400c                __floatunsidf
                0x0040400c                __aeabi_ui2d
                0x0040402c                __floatsidf
                0x0040402c                __aeabi_i2d
                0x00404050                __aeabi_f2d
                0x00404050                __extendsfdf2
                0x0040408c                __floatundidf
                0x0040408c                __aeabi_ul2d
                0x0040409c                __floatdidf
                0x0040409c                __aeabi_l2d
 .text          0x004040f8      0x424 c:/program files (x86)/atmel/studio/7.0/toolchain/arm/arm-gnu-toolchain/bin/../lib/gcc/arm-none-eabi/6.3.1/thumb/v7e-m\libgcc.a(_arm_muldivdf3.o)
                0x004040f8                __aeabi_dmul
                0x004040f8                __muldf3
                0x0040434c                __divdf3
                0x0040434c                __aeabi_ddiv
 .text          0x0040451c       0x50 c:/program files (x86)/atmel/studio/7.0/toolchain/arm/arm-gnu-toolchain/bin/../lib/gcc/arm-none-eabi/6.3.1/thumb/v7e-m\libgcc.a(_arm_fixdfsi.o)
                0x0040451c                __aeabi_d2iz
                0x0040451c                __fixdfsi
 .text.__libc_init_array
                0x0040456c       0x50 c:/program files (x86)/atmel/studio/7.0/toolchain/arm/arm-gnu-toolchain/bin/../lib/gcc/arm-none-eabi/6.3.1/../../../../arm-none-eabi/lib/thumb/v7e-m\libc.a(lib_a-init.o)
                0x0040456c                __libc_init_array
 .text.memset   0x004045bc       0x9c c:/program files (x86)/atmel/studio/7.0/toolchain/arm/arm-gnu-toolchain/bin/../lib/gcc/arm-none-eabi/6.3.1/../../../../arm-none-eabi/lib/thumb/v7e-m\libc.a(lib_a-memset.o)
                0x004045bc                memset
 .text.sprintf  0x00404658       0x4c c:/program files (x86)/atmel/studio/7.0/toolchain/arm/arm-gnu-toolchain/bin/../lib/gcc/arm-none-eabi/6.3.1/../../../../arm-none-eabi/lib/thumb/v7e-m\libc.a(lib_a-sprintf.o)
                0x00404658                sprintf
 .text._svfprintf_r
                0x004046a4     0x145c c:/program files (x86)/atmel/studio/7.0/toolchain/arm/arm-gnu-toolchain/bin/../lib/gcc/arm-none-eabi/6.3.1/../../../../arm-none-eabi/lib/thumb/v7e-m\libc.a(lib_a-svfprintf.o)
                0x004046a4                _svfprintf_r
 .text.startup.register_fini
                0x00405b00       0x14 c:/program files (x86)/atmel/studio/7.0/toolchain/arm/arm-gnu-toolchain/bin/../lib/gcc/arm-none-eabi/6.3.1/../../../../arm-none-eabi/lib/thumb/v7e-m\libc.a(lib_a-__call_atexit.o)
 .text.atexit   0x00405b14        0xc c:/program files (x86)/atmel/studio/7.0/toolchain/arm/arm-gnu-toolchain/bin/../lib/gcc/arm-none-eabi/6.3.1/../../../../arm-none-eabi/lib/thumb/v7e-m\libc.a(lib_a-atexit.o)
                0x00405b14                atexit
 .text.quorem   0x00405b20      0x128 c:/program files (x86)/atmel/studio/7.0/toolchain/arm/arm-gnu-toolchain/bin/../lib/gcc/arm-none-eabi/6.3.1/../../../../arm-none-eabi/lib/thumb/v7e-m\libc.a(lib_a-dtoa.o)
 .text._dtoa_r  0x00405c48      0xe54 c:/program files (x86)/atmel/studio/7.0/toolchain/arm/arm-gnu-toolchain/bin/../lib/gcc/arm-none-eabi/6.3.1/../../../../arm-none-eabi/lib/thumb/v7e-m\libc.a(lib_a-dtoa.o)
                0x00405c48                _dtoa_r
 .text.__libc_fini_array
                0x00406a9c       0x34 c:/program files (x86)/atmel/studio/7.0/toolchain/arm/arm-gnu-toolchain/bin/../lib/gcc/arm-none-eabi/6.3.1/../../../../arm-none-eabi/lib/thumb/v7e-m\libc.a(lib_a-fini.o)
                0x00406a9c                __libc_fini_array
 .text._localeconv_r
                0x00406ad0       0x1c c:/program files (x86)/atmel/studio/7.0/toolchain/arm/arm-gnu-toolchain/bin/../lib/gcc/arm-none-eabi/6.3.1/../../../../arm-none-eabi/lib/thumb/v7e-m\libc.a(lib_a-localeconv.o)
                0x00406ad0                _localeconv_r
 .text.__retarget_lock_acquire_recursive
                0x00406aec        0x4 c:/program files (x86)/atmel/studio/7.0/toolchain/arm/arm-gnu-toolchain/bin/../lib/gcc/arm-none-eabi/6.3.1/../../../../arm-none-eabi/lib/thumb/v7e-m\libc.a(lib_a-lock.o)
                0x00406aec                __retarget_lock_acquire_recursive
 .text.__retarget_lock_release_recursive
                0x00406af0        0x4 c:/program files (x86)/atmel/studio/7.0/toolchain/arm/arm-gnu-toolchain/bin/../lib/gcc/arm-none-eabi/6.3.1/../../../../arm-none-eabi/lib/thumb/v7e-m\libc.a(lib_a-lock.o)
                0x00406af0                __retarget_lock_release_recursive
 .text._malloc_r
                0x00406af4      0x560 c:/program files (x86)/atmel/studio/7.0/toolchain/arm/arm-gnu-toolchain/bin/../lib/gcc/arm-none-eabi/6.3.1/../../../../arm-none-eabi/lib/thumb/v7e-m\libc.a(lib_a-mallocr.o)
                0x00406af4                _malloc_r
 *fill*         0x00407054        0xc 
 .text          0x00407060       0xa0 c:/program files (x86)/atmel/studio/7.0/toolchain/arm/arm-gnu-toolchain/bin/../lib/gcc/arm-none-eabi/6.3.1/../../../../arm-none-eabi/lib/thumb/v7e-m\libc.a(lib_a-memchr.o)
                0x00407060                memchr
 .text          0x00407100      0x134 c:/program files (x86)/atmel/studio/7.0/toolchain/arm/arm-gnu-toolchain/bin/../lib/gcc/arm-none-eabi/6.3.1/../../../../arm-none-eabi/lib/thumb/v7e-m\libc.a(lib_a-memcpy.o)
                0x00407100                memcpy
 .text.__malloc_lock
                0x00407234        0xc c:/program files (x86)/atmel/studio/7.0/toolchain/arm/arm-gnu-toolchain/bin/../lib/gcc/arm-none-eabi/6.3.1/../../../../arm-none-eabi/lib/thumb/v7e-m\libc.a(lib_a-mlock.o)
                0x00407234                __malloc_lock
 .text.__malloc_unlock
                0x00407240        0xc c:/program files (x86)/atmel/studio/7.0/toolchain/arm/arm-gnu-toolchain/bin/../lib/gcc/arm-none-eabi/6.3.1/../../../../arm-none-eabi/lib/thumb/v7e-m\libc.a(lib_a-mlock.o)
                0x00407240                __malloc_unlock
 .text._Balloc  0x0040724c       0x4c c:/program files (x86)/atmel/studio/7.0/toolchain/arm/arm-gnu-toolchain/bin/../lib/gcc/arm-none-eabi/6.3.1/../../../../arm-none-eabi/lib/thumb/v7e-m\libc.a(lib_a-mprec.o)
                0x0040724c                _Balloc
 .text._Bfree   0x00407298       0x14 c:/program files (x86)/atmel/studio/7.0/toolchain/arm/arm-gnu-toolchain/bin/../lib/gcc/arm-none-eabi/6.3.1/../../../../arm-none-eabi/lib/thumb/v7e-m\libc.a(lib_a-mprec.o)
                0x00407298                _Bfree
 .text.__multadd
                0x004072ac       0x80 c:/program files (x86)/atmel/studio/7.0/toolchain/arm/arm-gnu-toolchain/bin/../lib/gcc/arm-none-eabi/6.3.1/../../../../arm-none-eabi/lib/thumb/v7e-m\libc.a(lib_a-mprec.o)
                0x004072ac                __multadd
 .text.__hi0bits
                0x0040732c       0x40 c:/program files (x86)/atmel/studio/7.0/toolchain/arm/arm-gnu-toolchain/bin/../lib/gcc/arm-none-eabi/6.3.1/../../../../arm-none-eabi/lib/thumb/v7e-m\libc.a(lib_a-mprec.o)
                0x0040732c                __hi0bits
 .text.__lo0bits
                0x0040736c       0x60 c:/program files (x86)/atmel/studio/7.0/toolchain/arm/arm-gnu-toolchain/bin/../lib/gcc/arm-none-eabi/6.3.1/../../../../arm-none-eabi/lib/thumb/v7e-m\libc.a(lib_a-mprec.o)
                0x0040736c                __lo0bits
 .text.__i2b    0x004073cc       0x14 c:/program files (x86)/atmel/studio/7.0/toolchain/arm/arm-gnu-toolchain/bin/../lib/gcc/arm-none-eabi/6.3.1/../../../../arm-none-eabi/lib/thumb/v7e-m\libc.a(lib_a-mprec.o)
                0x004073cc                __i2b
 .text.__multiply
                0x004073e0      0x124 c:/program files (x86)/atmel/studio/7.0/toolchain/arm/arm-gnu-toolchain/bin/../lib/gcc/arm-none-eabi/6.3.1/../../../../arm-none-eabi/lib/thumb/v7e-m\libc.a(lib_a-mprec.o)
                0x004073e0                __multiply
 .text.__pow5mult
                0x00407504       0xa0 c:/program files (x86)/atmel/studio/7.0/toolchain/arm/arm-gnu-toolchain/bin/../lib/gcc/arm-none-eabi/6.3.1/../../../../arm-none-eabi/lib/thumb/v7e-m\libc.a(lib_a-mprec.o)
                0x00407504                __pow5mult
 .text.__lshift
                0x004075a4       0xa4 c:/program files (x86)/atmel/studio/7.0/toolchain/arm/arm-gnu-toolchain/bin/../lib/gcc/arm-none-eabi/6.3.1/../../../../arm-none-eabi/lib/thumb/v7e-m\libc.a(lib_a-mprec.o)
                0x004075a4                __lshift
 .text.__mcmp   0x00407648       0x38 c:/program files (x86)/atmel/studio/7.0/toolchain/arm/arm-gnu-toolchain/bin/../lib/gcc/arm-none-eabi/6.3.1/../../../../arm-none-eabi/lib/thumb/v7e-m\libc.a(lib_a-mprec.o)
                0x00407648                __mcmp
 .text.__mdiff  0x00407680      0x108 c:/program files (x86)/atmel/studio/7.0/toolchain/arm/arm-gnu-toolchain/bin/../lib/gcc/arm-none-eabi/6.3.1/../../../../arm-none-eabi/lib/thumb/v7e-m\libc.a(lib_a-mprec.o)
                0x00407680                __mdiff
 .text.__d2b    0x00407788       0xb8 c:/program files (x86)/atmel/studio/7.0/toolchain/arm/arm-gnu-toolchain/bin/../lib/gcc/arm-none-eabi/6.3.1/../../../../arm-none-eabi/lib/thumb/v7e-m\libc.a(lib_a-mprec.o)
                0x00407788                __d2b
 .text._sbrk_r  0x00407840       0x24 c:/program files (x86)/atmel/studio/7.0/toolchain/arm/arm-gnu-toolchain/bin/../lib/gcc/arm-none-eabi/6.3.1/../../../../arm-none-eabi/lib/thumb/v7e-m\libc.a(lib_a-sbrkr.o)
                0x00407840                _sbrk_r
 *fill*         0x00407864       0x1c 
 .text          0x00407880       0xdc c:/program files (x86)/atmel/studio/7.0/toolchain/arm/arm-gnu-toolchain/bin/../lib/gcc/arm-none-eabi/6.3.1/../../../../arm-none-eabi/lib/thumb/v7e-m\libc.a(lib_a-strlen.o)
                0x00407880                strlen
 .text.__ssprint_r
                0x0040795c       0xfc c:/program files (x86)/atmel/studio/7.0/toolchain/arm/arm-gnu-toolchain/bin/../lib/gcc/arm-none-eabi/6.3.1/../../../../arm-none-eabi/lib/thumb/v7e-m\libc.a(lib_a-svfiprintf.o)
                0x0040795c                __ssprint_r
 .text.__register_exitproc
                0x00407a58       0xc4 c:/program files (x86)/atmel/studio/7.0/toolchain/arm/arm-gnu-toolchain/bin/../lib/gcc/arm-none-eabi/6.3.1/../../../../arm-none-eabi/lib/thumb/v7e-m\libc.a(lib_a-__atexit.o)
                0x00407a58                __register_exitproc
 .text._calloc_r
                0x00407b1c       0x60 c:/program files (x86)/atmel/studio/7.0/toolchain/arm/arm-gnu-toolchain/bin/../lib/gcc/arm-none-eabi/6.3.1/../../../../arm-none-eabi/lib/thumb/v7e-m\libc.a(lib_a-callocr.o)
                0x00407b1c                _calloc_r
 .text._malloc_trim_r
                0x00407b7c       0xa0 c:/program files (x86)/atmel/studio/7.0/toolchain/arm/arm-gnu-toolchain/bin/../lib/gcc/arm-none-eabi/6.3.1/../../../../arm-none-eabi/lib/thumb/v7e-m\libc.a(lib_a-freer.o)
                0x00407b7c                _malloc_trim_r
 .text._free_r  0x00407c1c      0x1cc c:/program files (x86)/atmel/studio/7.0/toolchain/arm/arm-gnu-toolchain/bin/../lib/gcc/arm-none-eabi/6.3.1/../../../../arm-none-eabi/lib/thumb/v7e-m\libc.a(lib_a-freer.o)
                0x00407c1c                _free_r
 .text.__ascii_mbtowc
                0x00407de8       0x2c c:/program files (x86)/atmel/studio/7.0/toolchain/arm/arm-gnu-toolchain/bin/../lib/gcc/arm-none-eabi/6.3.1/../../../../arm-none-eabi/lib/thumb/v7e-m\libc.a(lib_a-mbtowc_r.o)
                0x00407de8                __ascii_mbtowc
 .text.memmove  0x00407e14       0xc8 c:/program files (x86)/atmel/studio/7.0/toolchain/arm/arm-gnu-toolchain/bin/../lib/gcc/arm-none-eabi/6.3.1/../../../../arm-none-eabi/lib/thumb/v7e-m\libc.a(lib_a-memmove.o)
                0x00407e14                memmove
 .text._realloc_r
                0x00407edc      0x34c c:/program files (x86)/atmel/studio/7.0/toolchain/arm/arm-gnu-toolchain/bin/../lib/gcc/arm-none-eabi/6.3.1/../../../../arm-none-eabi/lib/thumb/v7e-m\libc.a(lib_a-reallocr.o)
                0x00407edc                _realloc_r
 .text.__ascii_wctomb
                0x00408228       0x1c c:/program files (x86)/atmel/studio/7.0/toolchain/arm/arm-gnu-toolchain/bin/../lib/gcc/arm-none-eabi/6.3.1/../../../../arm-none-eabi/lib/thumb/v7e-m\libc.a(lib_a-wctomb_r.o)
                0x00408228                __ascii_wctomb
 .text          0x00408244      0x110 c:/program files (x86)/atmel/studio/7.0/toolchain/arm/arm-gnu-toolchain/bin/../lib/gcc/arm-none-eabi/6.3.1/thumb/v7e-m\libgcc.a(_arm_cmpdf2.o)
                0x00408244                __gtdf2
                0x00408244                __gedf2
                0x0040824c                __ltdf2
                0x0040824c                __ledf2
                0x00408254                __nedf2
                0x00408254                __eqdf2
                0x00408254                __cmpdf2
                0x004082d0                __aeabi_cdrcmple
                0x004082e0                __aeabi_cdcmpeq
                0x004082e0                __aeabi_cdcmple
                0x004082f0                __aeabi_dcmpeq
                0x00408304                __aeabi_dcmplt
                0x00408318                __aeabi_dcmple
                0x0040832c                __aeabi_dcmpge
                0x00408340                __aeabi_dcmpgt
 .text          0x00408354       0x2c c:/program files (x86)/atmel/studio/7.0/toolchain/arm/arm-gnu-toolchain/bin/../lib/gcc/arm-none-eabi/6.3.1/thumb/v7e-m\libgcc.a(_arm_unorddf2.o)
                0x00408354                __unorddf2
                0x00408354                __aeabi_dcmpun
 .text          0x00408380       0x30 c:/program files (x86)/atmel/studio/7.0/toolchain/arm/arm-gnu-toolchain/bin/../lib/gcc/arm-none-eabi/6.3.1/thumb/v7e-m\libgcc.a(_aeabi_uldivmod.o)
                0x00408380                __aeabi_uldivmod
 .text          0x004083b0      0x2dc c:/program files (x86)/atmel/studio/7.0/toolchain/arm/arm-gnu-toolchain/bin/../lib/gcc/arm-none-eabi/6.3.1/thumb/v7e-m\libgcc.a(_udivmoddi4.o)
                0x004083b0                __udivmoddi4
 .text          0x0040868c        0x4 c:/program files (x86)/atmel/studio/7.0/toolchain/arm/arm-gnu-toolchain/bin/../lib/gcc/arm-none-eabi/6.3.1/thumb/v7e-m\libgcc.a(_dvmd_tls.o)
                0x0040868c                __aeabi_idiv0
                0x0040868c                __aeabi_ldiv0
 *(.glue_7t)
 .glue_7t       0x00408690        0x0 linker stubs
 *(.glue_7)
 .glue_7        0x00408690        0x0 linker stubs
 *(.rodata .rodata* .gnu.linkonce.r.*)
 .rodata.image_data_calibri_36_0x20
                0x00408690      0x378 src/main.o
 .rodata.calibri_36_0x20
                0x00408a08       0x10 src/main.o
 .rodata.image_data_calibri_36_0x21
                0x00408a18      0x534 src/main.o
 .rodata.calibri_36_0x21
                0x00408f4c       0x10 src/main.o
 .rodata.image_data_calibri_36_0x22
                0x00408f5c      0x612 src/main.o
 *fill*         0x0040956e        0x2 
 .rodata.calibri_36_0x22
                0x00409570       0x10 src/main.o
 .rodata.image_data_calibri_36_0x23
                0x00409580      0x7ce src/main.o
 *fill*         0x00409d4e        0x2 
 .rodata.calibri_36_0x23
                0x00409d50       0x10 src/main.o
 .rodata.image_data_calibri_36_0x24
                0x00409d60      0x7ce src/main.o
 *fill*         0x0040a52e        0x2 
 .rodata.calibri_36_0x24
                0x0040a530       0x10 src/main.o
 .rodata.image_data_calibri_36_0x25
                0x0040a540      0xb46 src/main.o
 *fill*         0x0040b086        0x2 
 .rodata.calibri_36_0x25
                0x0040b088       0x10 src/main.o
 .rodata.image_data_calibri_36_0x26
                0x0040b098      0xad7 src/main.o
 *fill*         0x0040bb6f        0x1 
 .rodata.calibri_36_0x26
                0x0040bb70       0x10 src/main.o
 .rodata.image_data_calibri_36_0x27
                0x0040bb80      0x378 src/main.o
 .rodata.calibri_36_0x27
                0x0040bef8       0x10 src/main.o
 .rodata.image_data_calibri_36_0x28
                0x0040bf08      0x4c5 src/main.o
 *fill*         0x0040c3cd        0x3 
 .rodata.calibri_36_0x28
                0x0040c3d0       0x10 src/main.o
 .rodata.image_data_calibri_36_0x29
                0x0040c3e0      0x4c5 src/main.o
 *fill*         0x0040c8a5        0x3 
 .rodata.calibri_36_0x29
                0x0040c8a8       0x10 src/main.o
 .rodata.image_data_calibri_36_0x2a
                0x0040c8b8      0x7ce src/main.o
 *fill*         0x0040d086        0x2 
 .rodata.calibri_36_0x2a
                0x0040d088       0x10 src/main.o
 .rodata.image_data_calibri_36_0x2b
                0x0040d098      0x7ce src/main.o
 *fill*         0x0040d866        0x2 
 .rodata.calibri_36_0x2b
                0x0040d868       0x10 src/main.o
 .rodata.image_data_calibri_36_0x2c
                0x0040d878      0x3e7 src/main.o
 *fill*         0x0040dc5f        0x1 
 .rodata.calibri_36_0x2c
                0x0040dc60       0x10 src/main.o
 .rodata.image_data_calibri_36_0x2d
                0x0040dc70      0x4c5 src/main.o
 *fill*         0x0040e135        0x3 
 .rodata.calibri_36_0x2d
                0x0040e138       0x10 src/main.o
 .rodata.image_data_calibri_36_0x2e
                0x0040e148      0x3e7 src/main.o
 *fill*         0x0040e52f        0x1 
 .rodata.calibri_36_0x2e
                0x0040e530       0x10 src/main.o
 .rodata.image_data_calibri_36_0x2f
                0x0040e540      0x612 src/main.o
 *fill*         0x0040eb52        0x2 
 .rodata.calibri_36_0x2f
                0x0040eb54       0x10 src/main.o
 .rodata.image_data_calibri_36_0x30
                0x0040eb64      0x7ce src/main.o
 *fill*         0x0040f332        0x2 
 .rodata.calibri_36_0x30
                0x0040f334       0x10 src/main.o
 .rodata.image_data_calibri_36_0x31
                0x0040f344      0x7ce src/main.o
 *fill*         0x0040fb12        0x2 
 .rodata.calibri_36_0x31
                0x0040fb14       0x10 src/main.o
 .rodata.image_data_calibri_36_0x32
                0x0040fb24      0x7ce src/main.o
 *fill*         0x004102f2        0x2 
 .rodata.calibri_36_0x32
                0x004102f4       0x10 src/main.o
 .rodata.image_data_calibri_36_0x33
                0x00410304      0x7ce src/main.o
 *fill*         0x00410ad2        0x2 
 .rodata.calibri_36_0x33
                0x00410ad4       0x10 src/main.o
 .rodata.image_data_calibri_36_0x34
                0x00410ae4      0x7ce src/main.o
 *fill*         0x004112b2        0x2 
 .rodata.calibri_36_0x34
                0x004112b4       0x10 src/main.o
 .rodata.image_data_calibri_36_0x35
                0x004112c4      0x7ce src/main.o
 *fill*         0x00411a92        0x2 
 .rodata.calibri_36_0x35
                0x00411a94       0x10 src/main.o
 .rodata.image_data_calibri_36_0x36
                0x00411aa4      0x7ce src/main.o
 *fill*         0x00412272        0x2 
 .rodata.calibri_36_0x36
                0x00412274       0x10 src/main.o
 .rodata.image_data_calibri_36_0x37
                0x00412284      0x7ce src/main.o
 *fill*         0x00412a52        0x2 
 .rodata.calibri_36_0x37
                0x00412a54       0x10 src/main.o
 .rodata.image_data_calibri_36_0x38
                0x00412a64      0x7ce src/main.o
 *fill*         0x00413232        0x2 
 .rodata.calibri_36_0x38
                0x00413234       0x10 src/main.o
 .rodata.image_data_calibri_36_0x39
                0x00413244      0x7ce src/main.o
 *fill*         0x00413a12        0x2 
 .rodata.calibri_36_0x39
                0x00413a14       0x10 src/main.o
 .rodata.image_data_calibri_36_0x3a
                0x00413a24      0x456 src/main.o
 *fill*         0x00413e7a        0x2 
 .rodata.calibri_36_0x3a
                0x00413e7c       0x10 src/main.o
 .rodata.image_data_calibri_36_0x3b
                0x00413e8c      0x456 src/main.o
 *fill*         0x004142e2        0x2 
 .rodata.calibri_36_0x3b
                0x004142e4       0x10 src/main.o
 .rodata.image_data_calibri_36_0x3c
                0x004142f4      0x7ce src/main.o
 *fill*         0x00414ac2        0x2 
 .rodata.calibri_36_0x3c
                0x00414ac4       0x10 src/main.o
 .rodata.image_data_calibri_36_0x3d
                0x00414ad4      0x7ce src/main.o
 *fill*         0x004152a2        0x2 
 .rodata.calibri_36_0x3d
                0x004152a4       0x10 src/main.o
 .rodata.image_data_calibri_36_0x3e
                0x004152b4      0x7ce src/main.o
 *fill*         0x00415a82        0x2 
 .rodata.calibri_36_0x3e
                0x00415a84       0x10 src/main.o
 .rodata.image_data_calibri_36_0x3f
                0x00415a94      0x75f src/main.o
 *fill*         0x004161f3        0x1 
 .rodata.calibri_36_0x3f
                0x004161f4       0x10 src/main.o
 .rodata.image_data_calibri_36_0x40
                0x00416204      0xde0 src/main.o
 .rodata.calibri_36_0x40
                0x00416fe4       0x10 src/main.o
 .rodata.image_data_calibri_36_0x41
                0x00416ff4      0x91b src/main.o
 *fill*         0x0041790f        0x1 
 .rodata.calibri_36_0x41
                0x00417910       0x10 src/main.o
 .rodata.image_data_calibri_36_0x42
                0x00417920      0x8ac src/main.o
 .rodata.calibri_36_0x42
                0x004181cc       0x10 src/main.o
 .rodata.image_data_calibri_36_0x43
                0x004181dc      0x83d src/main.o
 *fill*         0x00418a19        0x3 
 .rodata.calibri_36_0x43
                0x00418a1c       0x10 src/main.o
 .rodata.image_data_calibri_36_0x44
                0x00418a2c      0x98a src/main.o
 *fill*         0x004193b6        0x2 
 .rodata.calibri_36_0x44
                0x004193b8       0x10 src/main.o
 .rodata.image_data_calibri_36_0x45
                0x004193c8      0x7ce src/main.o
 *fill*         0x00419b96        0x2 
 .rodata.calibri_36_0x45
                0x00419b98       0x10 src/main.o
 .rodata.image_data_calibri_36_0x46
                0x00419ba8      0x75f src/main.o
 *fill*         0x0041a307        0x1 
 .rodata.calibri_36_0x46
                0x0041a308       0x10 src/main.o
 .rodata.image_data_calibri_36_0x47
                0x0041a318      0x9f9 src/main.o
 *fill*         0x0041ad11        0x3 
 .rodata.calibri_36_0x47
                0x0041ad14       0x10 src/main.o
 .rodata.image_data_calibri_36_0x48
                0x0041ad24      0x98a src/main.o
 *fill*         0x0041b6ae        0x2 
 .rodata.calibri_36_0x48
                0x0041b6b0       0x10 src/main.o
 .rodata.image_data_calibri_36_0x49
                0x0041b6c0      0x3e7 src/main.o
 *fill*         0x0041baa7        0x1 
 .rodata.calibri_36_0x49
                0x0041baa8       0x10 src/main.o
 .rodata.image_data_calibri_36_0x4a
                0x0041bab8      0x4c5 src/main.o
 *fill*         0x0041bf7d        0x3 
 .rodata.calibri_36_0x4a
                0x0041bf80       0x10 src/main.o
 .rodata.image_data_calibri_36_0x4b
                0x0041bf90      0x83d src/main.o
 *fill*         0x0041c7cd        0x3 
 .rodata.calibri_36_0x4b
                0x0041c7d0       0x10 src/main.o
 .rodata.image_data_calibri_36_0x4c
                0x0041c7e0      0x681 src/main.o
 *fill*         0x0041ce61        0x3 
 .rodata.calibri_36_0x4c
                0x0041ce64       0x10 src/main.o
 .rodata.image_data_calibri_36_0x4d
                0x0041ce74      0xd71 src/main.o
 *fill*         0x0041dbe5        0x3 
 .rodata.calibri_36_0x4d
                0x0041dbe8       0x10 src/main.o
 .rodata.image_data_calibri_36_0x4e
                0x0041dbf8      0x9f9 src/main.o
 *fill*         0x0041e5f1        0x3 
 .rodata.calibri_36_0x4e
                0x0041e5f4       0x10 src/main.o
 .rodata.image_data_calibri_36_0x4f
                0x0041e604      0xa68 src/main.o
 .rodata.calibri_36_0x4f
                0x0041f06c       0x10 src/main.o
 .rodata.image_data_calibri_36_0x50
                0x0041f07c      0x83d src/main.o
 *fill*         0x0041f8b9        0x3 
 .rodata.calibri_36_0x50
                0x0041f8bc       0x10 src/main.o
 .rodata.image_data_calibri_36_0x51
                0x0041f8cc      0xad7 src/main.o
 *fill*         0x004203a3        0x1 
 .rodata.calibri_36_0x51
                0x004203a4       0x10 src/main.o
 .rodata.image_data_calibri_36_0x52
                0x004203b4      0x8ac src/main.o
 .rodata.calibri_36_0x52
                0x00420c60       0x10 src/main.o
 .rodata.image_data_calibri_36_0x53
                0x00420c70      0x75f src/main.o
 *fill*         0x004213cf        0x1 
 .rodata.calibri_36_0x53
                0x004213d0       0x10 src/main.o
 .rodata.image_data_calibri_36_0x54
                0x004213e0      0x7ce src/main.o
 *fill*         0x00421bae        0x2 
 .rodata.calibri_36_0x54
                0x00421bb0       0x10 src/main.o
 .rodata.image_data_calibri_36_0x55
                0x00421bc0      0x9f9 src/main.o
 *fill*         0x004225b9        0x3 
 .rodata.calibri_36_0x55
                0x004225bc       0x10 src/main.o
 .rodata.image_data_calibri_36_0x56
                0x004225cc      0x8ac src/main.o
 .rodata.calibri_36_0x56
                0x00422e78       0x10 src/main.o
 .rodata.image_data_calibri_36_0x57
                0x00422e88      0xde0 src/main.o
 .rodata.calibri_36_0x57
                0x00423c68       0x10 src/main.o
 .rodata.image_data_calibri_36_0x58
                0x00423c78      0x83d src/main.o
 *fill*         0x004244b5        0x3 
 .rodata.calibri_36_0x58
                0x004244b8       0x10 src/main.o
 .rodata.image_data_calibri_36_0x59
                0x004244c8      0x7ce src/main.o
 *fill*         0x00424c96        0x2 
 .rodata.calibri_36_0x59
                0x00424c98       0x10 src/main.o
 .rodata.image_data_calibri_36_0x5a
                0x00424ca8      0x75f src/main.o
 *fill*         0x00425407        0x1 
 .rodata.calibri_36_0x5a
                0x00425408       0x10 src/main.o
 .rodata.image_data_calibri_36_0x5b
                0x00425418      0x4c5 src/main.o
 *fill*         0x004258dd        0x3 
 .rodata.calibri_36_0x5b
                0x004258e0       0x10 src/main.o
 .rodata.image_data_calibri_36_0x5c
                0x004258f0      0x612 src/main.o
 *fill*         0x00425f02        0x2 
 .rodata.calibri_36_0x5c
                0x00425f04       0x10 src/main.o
 .rodata.image_data_calibri_36_0x5d
                0x00425f14      0x4c5 src/main.o
 *fill*         0x004263d9        0x3 
 .rodata.calibri_36_0x5d
                0x004263dc       0x10 src/main.o
 .rodata.image_data_calibri_36_0x5e
                0x004263ec      0x7ce src/main.o
 *fill*         0x00426bba        0x2 
 .rodata.calibri_36_0x5e
                0x00426bbc       0x10 src/main.o
 .rodata.image_data_calibri_36_0x5f
                0x00426bcc      0x7ce src/main.o
 *fill*         0x0042739a        0x2 
 .rodata.calibri_36_0x5f
                0x0042739c       0x10 src/main.o
 .rodata.image_data_calibri_36_0x60
                0x004273ac      0x456 src/main.o
 *fill*         0x00427802        0x2 
 .rodata.calibri_36_0x60
                0x00427804       0x10 src/main.o
 .rodata.image_data_calibri_36_0x61
                0x00427814      0x75f src/main.o
 *fill*         0x00427f73        0x1 
 .rodata.calibri_36_0x61
                0x00427f74       0x10 src/main.o
 .rodata.image_data_calibri_36_0x62
                0x00427f84      0x83d src/main.o
 *fill*         0x004287c1        0x3 
 .rodata.calibri_36_0x62
                0x004287c4       0x10 src/main.o
 .rodata.image_data_calibri_36_0x63
                0x004287d4      0x681 src/main.o
 *fill*         0x00428e55        0x3 
 .rodata.calibri_36_0x63
                0x00428e58       0x10 src/main.o
 .rodata.image_data_calibri_36_0x64
                0x00428e68      0x83d src/main.o
 *fill*         0x004296a5        0x3 
 .rodata.calibri_36_0x64
                0x004296a8       0x10 src/main.o
 .rodata.image_data_calibri_36_0x65
                0x004296b8      0x7ce src/main.o
 *fill*         0x00429e86        0x2 
 .rodata.calibri_36_0x65
                0x00429e88       0x10 src/main.o
 .rodata.image_data_calibri_36_0x66
                0x00429e98      0x4c5 src/main.o
 *fill*         0x0042a35d        0x3 
 .rodata.calibri_36_0x66
                0x0042a360       0x10 src/main.o
 .rodata.image_data_calibri_36_0x67
                0x0042a370      0x75f src/main.o
 *fill*         0x0042aacf        0x1 
 .rodata.calibri_36_0x67
                0x0042aad0       0x10 src/main.o
 .rodata.image_data_calibri_36_0x68
                0x0042aae0      0x83d src/main.o
 *fill*         0x0042b31d        0x3 
 .rodata.calibri_36_0x68
                0x0042b320       0x10 src/main.o
 .rodata.image_data_calibri_36_0x69
                0x0042b330      0x378 src/main.o
 .rodata.calibri_36_0x69
                0x0042b6a8       0x10 src/main.o
 .rodata.image_data_calibri_36_0x6a
                0x0042b6b8      0x3e7 src/main.o
 *fill*         0x0042ba9f        0x1 
 .rodata.calibri_36_0x6a
                0x0042baa0       0x10 src/main.o
 .rodata.image_data_calibri_36_0x6b
                0x0042bab0      0x6f0 src/main.o
 .rodata.calibri_36_0x6b
                0x0042c1a0       0x10 src/main.o
 .rodata.image_data_calibri_36_0x6c
                0x0042c1b0      0x378 src/main.o
 .rodata.calibri_36_0x6c
                0x0042c528       0x10 src/main.o
 .rodata.image_data_calibri_36_0x6d
                0x0042c538      0xc93 src/main.o
 *fill*         0x0042d1cb        0x1 
 .rodata.calibri_36_0x6d
                0x0042d1cc       0x10 src/main.o
 .rodata.image_data_calibri_36_0x6e
                0x0042d1dc      0x83d src/main.o
 *fill*         0x0042da19        0x3 
 .rodata.calibri_36_0x6e
                0x0042da1c       0x10 src/main.o
 .rodata.image_data_calibri_36_0x6f
                0x0042da2c      0x83d src/main.o
 *fill*         0x0042e269        0x3 
 .rodata.calibri_36_0x6f
                0x0042e26c       0x10 src/main.o
 .rodata.image_data_calibri_36_0x70
                0x0042e27c      0x83d src/main.o
 *fill*         0x0042eab9        0x3 
 .rodata.calibri_36_0x70
                0x0042eabc       0x10 src/main.o
 .rodata.image_data_calibri_36_0x71
                0x0042eacc      0x83d src/main.o
 *fill*         0x0042f309        0x3 
 .rodata.calibri_36_0x71
                0x0042f30c       0x10 src/main.o
 .rodata.image_data_calibri_36_0x72
                0x0042f31c      0x5a3 src/main.o
 *fill*         0x0042f8bf        0x1 
 .rodata.calibri_36_0x72
                0x0042f8c0       0x10 src/main.o
 .rodata.image_data_calibri_36_0x73
                0x0042f8d0      0x612 src/main.o
 *fill*         0x0042fee2        0x2 
 .rodata.calibri_36_0x73
                0x0042fee4       0x10 src/main.o
 .rodata.image_data_calibri_36_0x74
                0x0042fef4      0x534 src/main.o
 .rodata.calibri_36_0x74
                0x00430428       0x10 src/main.o
 .rodata.image_data_calibri_36_0x75
                0x00430438      0x83d src/main.o
 *fill*         0x00430c75        0x3 
 .rodata.calibri_36_0x75
                0x00430c78       0x10 src/main.o
 .rodata.image_data_calibri_36_0x76
                0x00430c88      0x6f0 src/main.o
 .rodata.calibri_36_0x76
                0x00431378       0x10 src/main.o
 .rodata.image_data_calibri_36_0x77
                0x00431388      0xb46 src/main.o
 *fill*         0x00431ece        0x2 
 .rodata.calibri_36_0x77
                0x00431ed0       0x10 src/main.o
 .rodata.image_data_calibri_36_0x78
                0x00431ee0      0x6f0 src/main.o
 .rodata.calibri_36_0x78
                0x004325d0       0x10 src/main.o
 .rodata.image_data_calibri_36_0x79
                0x004325e0      0x6f0 src/main.o
 .rodata.calibri_36_0x79
                0x00432cd0       0x10 src/main.o
 .rodata.image_data_calibri_36_0x7a
                0x00432ce0      0x612 src/main.o
 *fill*         0x004332f2        0x2 
 .rodata.calibri_36_0x7a
                0x004332f4       0x10 src/main.o
 .rodata.image_data_calibri_36_0x7b
                0x00433304      0x4c5 src/main.o
 *fill*         0x004337c9        0x3 
 .rodata.calibri_36_0x7b
                0x004337cc       0x10 src/main.o
 .rodata.image_data_calibri_36_0x7c
                0x004337dc      0x75f src/main.o
 *fill*         0x00433f3b        0x1 
 .rodata.calibri_36_0x7c
                0x00433f3c       0x10 src/main.o
 .rodata.image_data_calibri_36_0x7d
                0x00433f4c      0x4c5 src/main.o
 *fill*         0x00434411        0x3 
 .rodata.calibri_36_0x7d
                0x00434414       0x10 src/main.o
 .rodata.image_data_calibri_36_0x7e
                0x00434424      0x7ce src/main.o
 *fill*         0x00434bf2        0x2 
 .rodata.calibri_36_0x7e
                0x00434bf4       0x10 src/main.o
 .rodata.calibri_36_array
                0x00434c04      0x2f8 src/main.o
 .rodata.calibri_36
                0x00434efc        0xc src/main.o
                0x00434efc                calibri_36
 .rodata        0x00434f08       0x7a src/main.o
 *fill*         0x00434f82        0x2 
 .rodata._global_impure_ptr
                0x00434f84        0x4 c:/program files (x86)/atmel/studio/7.0/toolchain/arm/arm-gnu-toolchain/bin/../lib/gcc/arm-none-eabi/6.3.1/../../../../arm-none-eabi/lib/thumb/v7e-m\libc.a(lib_a-impure.o)
                0x00434f84                _global_impure_ptr
 .rodata._svfprintf_r.str1.4
                0x00434f88       0x42 c:/program files (x86)/atmel/studio/7.0/toolchain/arm/arm-gnu-toolchain/bin/../lib/gcc/arm-none-eabi/6.3.1/../../../../arm-none-eabi/lib/thumb/v7e-m\libc.a(lib_a-svfprintf.o)
 *fill*         0x00434fca        0x2 
 .rodata.blanks.7223
                0x00434fcc       0x10 c:/program files (x86)/atmel/studio/7.0/toolchain/arm/arm-gnu-toolchain/bin/../lib/gcc/arm-none-eabi/6.3.1/../../../../arm-none-eabi/lib/thumb/v7e-m\libc.a(lib_a-svfprintf.o)
 .rodata.zeroes.7224
                0x00434fdc       0x10 c:/program files (x86)/atmel/studio/7.0/toolchain/arm/arm-gnu-toolchain/bin/../lib/gcc/arm-none-eabi/6.3.1/../../../../arm-none-eabi/lib/thumb/v7e-m\libc.a(lib_a-svfprintf.o)
 .rodata._dtoa_r.str1.4
                0x00434fec       0x10 c:/program files (x86)/atmel/studio/7.0/toolchain/arm/arm-gnu-toolchain/bin/../lib/gcc/arm-none-eabi/6.3.1/../../../../arm-none-eabi/lib/thumb/v7e-m\libc.a(lib_a-dtoa.o)
                                 0x12 (size before relaxing)
 *fill*         0x00434ffc        0x4 
 .rodata.__mprec_bigtens
                0x00435000       0x28 c:/program files (x86)/atmel/studio/7.0/toolchain/arm/arm-gnu-toolchain/bin/../lib/gcc/arm-none-eabi/6.3.1/../../../../arm-none-eabi/lib/thumb/v7e-m\libc.a(lib_a-mprec.o)
                0x00435000                __mprec_bigtens
 .rodata.__mprec_tens
                0x00435028       0xc8 c:/program files (x86)/atmel/studio/7.0/toolchain/arm/arm-gnu-toolchain/bin/../lib/gcc/arm-none-eabi/6.3.1/../../../../arm-none-eabi/lib/thumb/v7e-m\libc.a(lib_a-mprec.o)
                0x00435028                __mprec_tens
 .rodata.p05.6055
                0x004350f0        0xc c:/program files (x86)/atmel/studio/7.0/toolchain/arm/arm-gnu-toolchain/bin/../lib/gcc/arm-none-eabi/6.3.1/../../../../arm-none-eabi/lib/thumb/v7e-m\libc.a(lib_a-mprec.o)
 .rodata._setlocale_r.str1.4
                0x004350fc        0xa c:/program files (x86)/atmel/studio/7.0/toolchain/arm/arm-gnu-toolchain/bin/../lib/gcc/arm-none-eabi/6.3.1/../../../../arm-none-eabi/lib/thumb/v7e-m\libc.a(lib_a-locale.o)
                                  0xd (size before relaxing)
 *fill*         0x00435106        0x2 
 .rodata.str1.4
                0x00435108        0x4 c:/program files (x86)/atmel/studio/7.0/toolchain/arm/arm-gnu-toolchain/bin/../lib/gcc/arm-none-eabi/6.3.1/../../../../arm-none-eabi/lib/thumb/v7e-m\libc.a(lib_a-locale.o)
                                  0x2 (size before relaxing)
 .rodata._ctype_
                0x0043510c      0x101 c:/program files (x86)/atmel/studio/7.0/toolchain/arm/arm-gnu-toolchain/bin/../lib/gcc/arm-none-eabi/6.3.1/../../../../arm-none-eabi/lib/thumb/v7e-m\libc.a(lib_a-ctype_.o)
                0x0043510c                _ctype_
 *(.ARM.extab* .gnu.linkonce.armextab.*)
                0x00435210                . = ALIGN (0x4)
 *fill*         0x0043520d        0x3 
 *(.init)
 .init          0x00435210        0x4 c:/program files (x86)/atmel/studio/7.0/toolchain/arm/arm-gnu-toolchain/bin/../lib/gcc/arm-none-eabi/6.3.1/thumb/v7e-m/crti.o
                0x00435210                _init
 .init          0x00435214        0x8 c:/program files (x86)/atmel/studio/7.0/toolchain/arm/arm-gnu-toolchain/bin/../lib/gcc/arm-none-eabi/6.3.1/thumb/v7e-m/crtn.o
                0x0043521c                . = ALIGN (0x4)
                0x0043521c                __preinit_array_start = .
 *(.preinit_array)
                0x0043521c                __preinit_array_end = .
                0x0043521c                . = ALIGN (0x4)
                0x0043521c                __init_array_start = .
 *(SORT(.init_array.*))
 .init_array.00000
                0x0043521c        0x4 c:/program files (x86)/atmel/studio/7.0/toolchain/arm/arm-gnu-toolchain/bin/../lib/gcc/arm-none-eabi/6.3.1/../../../../arm-none-eabi/lib/thumb/v7e-m\libc.a(lib_a-__call_atexit.o)
 *(.init_array)
 .init_array    0x00435220        0x4 c:/program files (x86)/atmel/studio/7.0/toolchain/arm/arm-gnu-toolchain/bin/../lib/gcc/arm-none-eabi/6.3.1/thumb/v7e-m/crtbegin.o
                0x00435224                __init_array_end = .
                0x00435224                . = ALIGN (0x4)
 *crtbegin.o(.ctors)
 *(EXCLUDE_FILE(*crtend.o) .ctors)
 *(SORT(.ctors.*))
 *crtend.o(.ctors)
                0x00435224                . = ALIGN (0x4)
 *(.fini)
 .fini          0x00435224        0x4 c:/program files (x86)/atmel/studio/7.0/toolchain/arm/arm-gnu-toolchain/bin/../lib/gcc/arm-none-eabi/6.3.1/thumb/v7e-m/crti.o
                0x00435224                _fini
 .fini          0x00435228        0x8 c:/program files (x86)/atmel/studio/7.0/toolchain/arm/arm-gnu-toolchain/bin/../lib/gcc/arm-none-eabi/6.3.1/thumb/v7e-m/crtn.o
                0x00435230                . = ALIGN (0x4)
                0x00435230                __fini_array_start = .
 *(.fini_array)
 .fini_array    0x00435230        0x4 c:/program files (x86)/atmel/studio/7.0/toolchain/arm/arm-gnu-toolchain/bin/../lib/gcc/arm-none-eabi/6.3.1/thumb/v7e-m/crtbegin.o
 *(SORT(.fini_array.*))
                0x00435234                __fini_array_end = .
 *crtbegin.o(.dtors)
 *(EXCLUDE_FILE(*crtend.o) .dtors)
 *(SORT(.dtors.*))
 *crtend.o(.dtors)
                0x00435234                . = ALIGN (0x4)
                0x00435234                _efixed = .
                [!provide]                PROVIDE (__exidx_start, .)

.vfp11_veneer   0x00435234        0x0
 .vfp11_veneer  0x00435234        0x0 linker stubs

.v4_bx          0x00435234        0x0
 .v4_bx         0x00435234        0x0 linker stubs

.iplt           0x00435234        0x0
 .iplt          0x00435234        0x0 c:/program files (x86)/atmel/studio/7.0/toolchain/arm/arm-gnu-toolchain/bin/../lib/gcc/arm-none-eabi/6.3.1/thumb/v7e-m/crtbegin.o

.ARM.exidx      0x00435234        0x8
 *(.ARM.exidx* .gnu.linkonce.armexidx.*)
 .ARM.exidx     0x00435234        0x8 c:/program files (x86)/atmel/studio/7.0/toolchain/arm/arm-gnu-toolchain/bin/../lib/gcc/arm-none-eabi/6.3.1/thumb/v7e-m\libgcc.a(_udivmoddi4.o)
                [!provide]                PROVIDE (__exidx_end, .)

.eh_frame       0x0043523c        0x0
 .eh_frame      0x0043523c        0x0 c:/program files (x86)/atmel/studio/7.0/toolchain/arm/arm-gnu-toolchain/bin/../lib/gcc/arm-none-eabi/6.3.1/thumb/v7e-m/crtbegin.o

.rel.dyn        0x0043523c        0x0
 .rel.iplt      0x0043523c        0x0 c:/program files (x86)/atmel/studio/7.0/toolchain/arm/arm-gnu-toolchain/bin/../lib/gcc/arm-none-eabi/6.3.1/thumb/v7e-m/crtbegin.o

.jcr            0x0043523c        0x0
 .jcr           0x0043523c        0x0 c:/program files (x86)/atmel/studio/7.0/toolchain/arm/arm-gnu-toolchain/bin/../lib/gcc/arm-none-eabi/6.3.1/thumb/v7e-m/crtbegin.o

.igot.plt       0x0043523c        0x0
 .igot.plt      0x0043523c        0x0 c:/program files (x86)/atmel/studio/7.0/toolchain/arm/arm-gnu-toolchain/bin/../lib/gcc/arm-none-eabi/6.3.1/thumb/v7e-m/crtbegin.o
                0x0043523c                . = ALIGN (0x4)
                0x0043523c                _etext = .

.relocate       0x20400000      0x9b8 load address 0x0043523c
                0x20400000                . = ALIGN (0x4)
                0x20400000                _srelocate = .
 *(.ramfunc .ramfunc.*)
 *(.data .data.*)
 .data.g_interrupt_enabled
                0x20400000        0x1 src/ASF/common/utils/interrupt/interrupt_sam_nvic.o
                0x20400000                g_interrupt_enabled
 *fill*         0x20400001        0x3 
 .data.ul_flash_in_wait_mode
                0x20400004        0x4 src/ASF/sam/drivers/pmc/pmc.o
 .data.SystemCoreClock
                0x20400008        0x4 src/ASF/sam/utils/cmsis/same70/source/templates/system_same70.o
                0x20400008                SystemCoreClock
 .data._impure_ptr
                0x2040000c        0x4 c:/program files (x86)/atmel/studio/7.0/toolchain/arm/arm-gnu-toolchain/bin/../lib/gcc/arm-none-eabi/6.3.1/../../../../arm-none-eabi/lib/thumb/v7e-m\libc.a(lib_a-impure.o)
                0x2040000c                _impure_ptr
 .data.impure_data
                0x20400010      0x428 c:/program files (x86)/atmel/studio/7.0/toolchain/arm/arm-gnu-toolchain/bin/../lib/gcc/arm-none-eabi/6.3.1/../../../../arm-none-eabi/lib/thumb/v7e-m\libc.a(lib_a-impure.o)
 .data.__atexit_recursive_mutex
                0x20400438        0x4 c:/program files (x86)/atmel/studio/7.0/toolchain/arm/arm-gnu-toolchain/bin/../lib/gcc/arm-none-eabi/6.3.1/../../../../arm-none-eabi/lib/thumb/v7e-m\libc.a(lib_a-__call_atexit.o)
                0x20400438                __atexit_recursive_mutex
 .data.__malloc_av_
                0x2040043c      0x408 c:/program files (x86)/atmel/studio/7.0/toolchain/arm/arm-gnu-toolchain/bin/../lib/gcc/arm-none-eabi/6.3.1/../../../../arm-none-eabi/lib/thumb/v7e-m\libc.a(lib_a-mallocr.o)
                0x2040043c                __malloc_av_
 .data.__malloc_sbrk_base
                0x20400844        0x4 c:/program files (x86)/atmel/studio/7.0/toolchain/arm/arm-gnu-toolchain/bin/../lib/gcc/arm-none-eabi/6.3.1/../../../../arm-none-eabi/lib/thumb/v7e-m\libc.a(lib_a-mallocr.o)
                0x20400844                __malloc_sbrk_base
 .data.__malloc_trim_threshold
                0x20400848        0x4 c:/program files (x86)/atmel/studio/7.0/toolchain/arm/arm-gnu-toolchain/bin/../lib/gcc/arm-none-eabi/6.3.1/../../../../arm-none-eabi/lib/thumb/v7e-m\libc.a(lib_a-mallocr.o)
                0x20400848                __malloc_trim_threshold
 .data.__global_locale
                0x2040084c      0x16c c:/program files (x86)/atmel/studio/7.0/toolchain/arm/arm-gnu-toolchain/bin/../lib/gcc/arm-none-eabi/6.3.1/../../../../arm-none-eabi/lib/thumb/v7e-m\libc.a(lib_a-locale.o)
                0x2040084c                __global_locale
                0x204009b8                . = ALIGN (0x4)
                0x204009b8                _erelocate = .

.bss            0x204009b8      0x4ec load address 0x00435bf4
                0x204009b8                . = ALIGN (0x4)
                0x204009b8                _sbss = .
                0x204009b8                _szero = .
 *(.bss .bss.*)
 .bss           0x204009b8       0x1c c:/program files (x86)/atmel/studio/7.0/toolchain/arm/arm-gnu-toolchain/bin/../lib/gcc/arm-none-eabi/6.3.1/thumb/v7e-m/crtbegin.o
 .bss.g_wobits_in_rtt_mr
                0x204009d4        0x4 src/ASF/sam/drivers/rtt/rtt.o
 .bss.pulso     0x204009d8        0x4 src/main.o
                0x204009d8                pulso
 .bss.dist      0x204009dc        0x4 src/main.o
                0x204009dc                dist
 .bss.f_rtt_alarme
                0x204009e0        0x1 src/main.o
                0x204009e0                f_rtt_alarme
 *fill*         0x204009e1        0x3 
 .bss.g_ul_pixel_cache
                0x204009e4      0x3c0 src/ASF/sam/components/display/ili9488/ili9488.o
 .bss.gs_interrupt_sources
                0x20400da4       0x70 src/ASF/sam/drivers/pio/pio_handler.o
 .bss.gs_ul_nb_sources
                0x20400e14        0x4 src/ASF/sam/drivers/pio/pio_handler.o
 .bss.b_is_sleep_clock_used
                0x20400e18        0x1 src/ASF/sam/drivers/pmc/sleep.o
 *fill*         0x20400e19        0x3 
 .bss.callback_clocks_restored
                0x20400e1c        0x4 src/ASF/sam/drivers/pmc/sleep.o
 .bss.heap.6420
                0x20400e20        0x4 src/ASF/sam/utils/syscalls/gcc/syscalls.o
 .bss.__malloc_current_mallinfo
                0x20400e24       0x28 c:/program files (x86)/atmel/studio/7.0/toolchain/arm/arm-gnu-toolchain/bin/../lib/gcc/arm-none-eabi/6.3.1/../../../../arm-none-eabi/lib/thumb/v7e-m\libc.a(lib_a-mallocr.o)
                0x20400e24                __malloc_current_mallinfo
 .bss.__malloc_max_sbrked_mem
                0x20400e4c        0x4 c:/program files (x86)/atmel/studio/7.0/toolchain/arm/arm-gnu-toolchain/bin/../lib/gcc/arm-none-eabi/6.3.1/../../../../arm-none-eabi/lib/thumb/v7e-m\libc.a(lib_a-mallocr.o)
                0x20400e4c                __malloc_max_sbrked_mem
 .bss.__malloc_max_total_mem
                0x20400e50        0x4 c:/program files (x86)/atmel/studio/7.0/toolchain/arm/arm-gnu-toolchain/bin/../lib/gcc/arm-none-eabi/6.3.1/../../../../arm-none-eabi/lib/thumb/v7e-m\libc.a(lib_a-mallocr.o)
                0x20400e50                __malloc_max_total_mem
 .bss.__malloc_top_pad
                0x20400e54        0x4 c:/program files (x86)/atmel/studio/7.0/toolchain/arm/arm-gnu-toolchain/bin/../lib/gcc/arm-none-eabi/6.3.1/../../../../arm-none-eabi/lib/thumb/v7e-m\libc.a(lib_a-mallocr.o)
                0x20400e54                __malloc_top_pad
 *(COMMON)
 COMMON         0x20400e58       0x24 src/main.o
                0x20400e58                minuto
                0x20400e5c                atualiza_temp
                0x20400e60                hora
                0x20400e64                seg
                0x20400e68                but_flag
                0x20400e6c                g_ili9488_display_opt
 COMMON         0x20400e7c       0x21 c:/program files (x86)/atmel/studio/7.0/toolchain/arm/arm-gnu-toolchain/bin/../lib/gcc/arm-none-eabi/6.3.1/../../../../arm-none-eabi/lib/thumb/v7e-m\libc.a(lib_a-lock.o)
                0x20400e7c                __lock___atexit_recursive_mutex
                0x20400e80                __lock___arc4random_mutex
                0x20400e84                __lock___env_recursive_mutex
                0x20400e88                __lock___sinit_recursive_mutex
                0x20400e8c                __lock___malloc_recursive_mutex
                0x20400e90                __lock___at_quick_exit_mutex
                0x20400e94                __lock___dd_hash_mutex
                0x20400e98                __lock___tz_mutex
                0x20400e9c                __lock___sfp_recursive_mutex
 *fill*         0x20400e9d        0x3 
 COMMON         0x20400ea0        0x4 c:/program files (x86)/atmel/studio/7.0/toolchain/arm/arm-gnu-toolchain/bin/../lib/gcc/arm-none-eabi/6.3.1/../../../../arm-none-eabi/lib/thumb/v7e-m\libc.a(lib_a-reent.o)
                0x20400ea0                errno
                0x20400ea4                . = ALIGN (0x4)
                0x20400ea4                _ebss = .
                0x20400ea4                _ezero = .

.stack          0x20400ea4     0x2004 load address 0x004360e0
                0x20400ea8                . = ALIGN (0x8)
 *fill*         0x20400ea4        0x4 
                0x20400ea8                _sstack = .
                0x20402ea8                . = (. + STACK_SIZE)
 *fill*         0x20400ea8     0x2000 
                0x20402ea8                . = ALIGN (0x8)
                0x20402ea8                _estack = .

.heap           0x20402ea8      0x200 load address 0x004380e4
                0x20402ea8                . = ALIGN (0x8)
                0x20402ea8                _sheap = .
                0x204030a8                . = (. + HEAP_SIZE)
 *fill*         0x20402ea8      0x200 
                0x204030a8                . = ALIGN (0x8)
                0x204030a8                _eheap = .
                0x204030a8                . = ALIGN (0x4)
                0x204030a8                _end = .
                0x2045ffff                _ram_end_ = ((ORIGIN (ram) + LENGTH (ram)) - 0x1)
OUTPUT(SAME70_FONTS.elf elf32-littlearm)

.ARM.attributes
                0x00000000       0x2e
 .ARM.attributes
                0x00000000       0x1e c:/program files (x86)/atmel/studio/7.0/toolchain/arm/arm-gnu-toolchain/bin/../lib/gcc/arm-none-eabi/6.3.1/thumb/v7e-m/crti.o
 .ARM.attributes
                0x0000001e       0x2e c:/program files (x86)/atmel/studio/7.0/toolchain/arm/arm-gnu-toolchain/bin/../lib/gcc/arm-none-eabi/6.3.1/thumb/v7e-m/crtbegin.o
 .ARM.attributes
                0x0000004c       0x37 src/ASF/sam/drivers/rtc/rtc.o
 .ARM.attributes
                0x00000083       0x37 src/ASF/sam/drivers/rtt/rtt.o
 .ARM.attributes
                0x000000ba       0x37 src/main.o
 .ARM.attributes
                0x000000f1       0x37 src/ASF/common/services/spi/sam_spi/spi_master.o
 .ARM.attributes
                0x00000128       0x37 src/ASF/sam/components/display/ili9488/ili9488.o
 .ARM.attributes
                0x0000015f       0x37 src/ASF/sam/drivers/spi/spi.o
 .ARM.attributes
                0x00000196       0x37 src/ASF/common/services/clock/same70/sysclk.o
 .ARM.attributes
                0x000001cd       0x37 src/ASF/common/utils/interrupt/interrupt_sam_nvic.o
 .ARM.attributes
                0x00000204       0x37 src/ASF/sam/boards/same70_xplained/init.o
 .ARM.attributes
                0x0000023b       0x37 src/ASF/sam/drivers/pio/pio.o
 .ARM.attributes
                0x00000272       0x37 src/ASF/sam/drivers/pio/pio_handler.o
 .ARM.attributes
                0x000002a9       0x37 src/ASF/sam/drivers/pmc/pmc.o
 .ARM.attributes
                0x000002e0       0x37 src/ASF/sam/drivers/pmc/sleep.o
 .ARM.attributes
                0x00000317       0x37 src/ASF/sam/utils/cmsis/same70/source/templates/gcc/startup_same70.o
 .ARM.attributes
                0x0000034e       0x37 src/ASF/sam/utils/cmsis/same70/source/templates/system_same70.o
 .ARM.attributes
                0x00000385       0x37 src/ASF/sam/utils/syscalls/gcc/syscalls.o
 .ARM.attributes
                0x000003bc       0x1e c:/program files (x86)/atmel/studio/7.0/toolchain/arm/arm-gnu-toolchain/bin/../lib/gcc/arm-none-eabi/6.3.1/thumb/v7e-m\libgcc.a(_arm_addsubdf3.o)
 .ARM.attributes
                0x000003da       0x1e c:/program files (x86)/atmel/studio/7.0/toolchain/arm/arm-gnu-toolchain/bin/../lib/gcc/arm-none-eabi/6.3.1/thumb/v7e-m\libgcc.a(_arm_muldivdf3.o)
 .ARM.attributes
                0x000003f8       0x1e c:/program files (x86)/atmel/studio/7.0/toolchain/arm/arm-gnu-toolchain/bin/../lib/gcc/arm-none-eabi/6.3.1/thumb/v7e-m\libgcc.a(_arm_fixdfsi.o)
 .ARM.attributes
                0x00000416       0x2e c:/program files (x86)/atmel/studio/7.0/toolchain/arm/arm-gnu-toolchain/bin/../lib/gcc/arm-none-eabi/6.3.1/../../../../arm-none-eabi/lib/thumb/v7e-m\libc.a(lib_a-impure.o)
 .ARM.attributes
                0x00000444       0x2e c:/program files (x86)/atmel/studio/7.0/toolchain/arm/arm-gnu-toolchain/bin/../lib/gcc/arm-none-eabi/6.3.1/../../../../arm-none-eabi/lib/thumb/v7e-m\libc.a(lib_a-init.o)
 .ARM.attributes
                0x00000472       0x2e c:/program files (x86)/atmel/studio/7.0/toolchain/arm/arm-gnu-toolchain/bin/../lib/gcc/arm-none-eabi/6.3.1/../../../../arm-none-eabi/lib/thumb/v7e-m\libc.a(lib_a-memset.o)
 .ARM.attributes
                0x000004a0       0x2e c:/program files (x86)/atmel/studio/7.0/toolchain/arm/arm-gnu-toolchain/bin/../lib/gcc/arm-none-eabi/6.3.1/../../../../arm-none-eabi/lib/thumb/v7e-m\libc.a(lib_a-sprintf.o)
 .ARM.attributes
                0x000004ce       0x2e c:/program files (x86)/atmel/studio/7.0/toolchain/arm/arm-gnu-toolchain/bin/../lib/gcc/arm-none-eabi/6.3.1/../../../../arm-none-eabi/lib/thumb/v7e-m\libc.a(lib_a-svfprintf.o)
 .ARM.attributes
                0x000004fc       0x2e c:/program files (x86)/atmel/studio/7.0/toolchain/arm/arm-gnu-toolchain/bin/../lib/gcc/arm-none-eabi/6.3.1/../../../../arm-none-eabi/lib/thumb/v7e-m\libc.a(lib_a-__call_atexit.o)
 .ARM.attributes
                0x0000052a       0x2e c:/program files (x86)/atmel/studio/7.0/toolchain/arm/arm-gnu-toolchain/bin/../lib/gcc/arm-none-eabi/6.3.1/../../../../arm-none-eabi/lib/thumb/v7e-m\libc.a(lib_a-atexit.o)
 .ARM.attributes
                0x00000558       0x2e c:/program files (x86)/atmel/studio/7.0/toolchain/arm/arm-gnu-toolchain/bin/../lib/gcc/arm-none-eabi/6.3.1/../../../../arm-none-eabi/lib/thumb/v7e-m\libc.a(lib_a-dtoa.o)
 .ARM.attributes
                0x00000586       0x2e c:/program files (x86)/atmel/studio/7.0/toolchain/arm/arm-gnu-toolchain/bin/../lib/gcc/arm-none-eabi/6.3.1/../../../../arm-none-eabi/lib/thumb/v7e-m\libc.a(lib_a-fini.o)
 .ARM.attributes
                0x000005b4       0x2e c:/program files (x86)/atmel/studio/7.0/toolchain/arm/arm-gnu-toolchain/bin/../lib/gcc/arm-none-eabi/6.3.1/../../../../arm-none-eabi/lib/thumb/v7e-m\libc.a(lib_a-localeconv.o)
 .ARM.attributes
                0x000005e2       0x2e c:/program files (x86)/atmel/studio/7.0/toolchain/arm/arm-gnu-toolchain/bin/../lib/gcc/arm-none-eabi/6.3.1/../../../../arm-none-eabi/lib/thumb/v7e-m\libc.a(lib_a-lock.o)
 .ARM.attributes
                0x00000610       0x2e c:/program files (x86)/atmel/studio/7.0/toolchain/arm/arm-gnu-toolchain/bin/../lib/gcc/arm-none-eabi/6.3.1/../../../../arm-none-eabi/lib/thumb/v7e-m\libc.a(lib_a-mallocr.o)
 .ARM.attributes
                0x0000063e       0x1c c:/program files (x86)/atmel/studio/7.0/toolchain/arm/arm-gnu-toolchain/bin/../lib/gcc/arm-none-eabi/6.3.1/../../../../arm-none-eabi/lib/thumb/v7e-m\libc.a(lib_a-memchr.o)
 .ARM.attributes
                0x0000065a       0x1c c:/program files (x86)/atmel/studio/7.0/toolchain/arm/arm-gnu-toolchain/bin/../lib/gcc/arm-none-eabi/6.3.1/../../../../arm-none-eabi/lib/thumb/v7e-m\libc.a(lib_a-memcpy.o)
 .ARM.attributes
                0x00000676       0x2e c:/program files (x86)/atmel/studio/7.0/toolchain/arm/arm-gnu-toolchain/bin/../lib/gcc/arm-none-eabi/6.3.1/../../../../arm-none-eabi/lib/thumb/v7e-m\libc.a(lib_a-mlock.o)
 .ARM.attributes
                0x000006a4       0x2e c:/program files (x86)/atmel/studio/7.0/toolchain/arm/arm-gnu-toolchain/bin/../lib/gcc/arm-none-eabi/6.3.1/../../../../arm-none-eabi/lib/thumb/v7e-m\libc.a(lib_a-mprec.o)
 .ARM.attributes
                0x000006d2       0x2e c:/program files (x86)/atmel/studio/7.0/toolchain/arm/arm-gnu-toolchain/bin/../lib/gcc/arm-none-eabi/6.3.1/../../../../arm-none-eabi/lib/thumb/v7e-m\libc.a(lib_a-sbrkr.o)
 .ARM.attributes
                0x00000700       0x1c c:/program files (x86)/atmel/studio/7.0/toolchain/arm/arm-gnu-toolchain/bin/../lib/gcc/arm-none-eabi/6.3.1/../../../../arm-none-eabi/lib/thumb/v7e-m\libc.a(lib_a-strlen.o)
 .ARM.attributes
                0x0000071c       0x2e c:/program files (x86)/atmel/studio/7.0/toolchain/arm/arm-gnu-toolchain/bin/../lib/gcc/arm-none-eabi/6.3.1/../../../../arm-none-eabi/lib/thumb/v7e-m\libc.a(lib_a-svfiprintf.o)
 .ARM.attributes
                0x0000074a       0x2e c:/program files (x86)/atmel/studio/7.0/toolchain/arm/arm-gnu-toolchain/bin/../lib/gcc/arm-none-eabi/6.3.1/../../../../arm-none-eabi/lib/thumb/v7e-m\libc.a(lib_a-__atexit.o)
 .ARM.attributes
                0x00000778       0x2e c:/program files (x86)/atmel/studio/7.0/toolchain/arm/arm-gnu-toolchain/bin/../lib/gcc/arm-none-eabi/6.3.1/../../../../arm-none-eabi/lib/thumb/v7e-m\libc.a(lib_a-callocr.o)
 .ARM.attributes
                0x000007a6       0x2e c:/program files (x86)/atmel/studio/7.0/toolchain/arm/arm-gnu-toolchain/bin/../lib/gcc/arm-none-eabi/6.3.1/../../../../arm-none-eabi/lib/thumb/v7e-m\libc.a(lib_a-freer.o)
 .ARM.attributes
                0x000007d4       0x2e c:/program files (x86)/atmel/studio/7.0/toolchain/arm/arm-gnu-toolchain/bin/../lib/gcc/arm-none-eabi/6.3.1/../../../../arm-none-eabi/lib/thumb/v7e-m\libc.a(lib_a-locale.o)
 .ARM.attributes
                0x00000802       0x2e c:/program files (x86)/atmel/studio/7.0/toolchain/arm/arm-gnu-toolchain/bin/../lib/gcc/arm-none-eabi/6.3.1/../../../../arm-none-eabi/lib/thumb/v7e-m\libc.a(lib_a-mbtowc_r.o)
 .ARM.attributes
                0x00000830       0x2e c:/program files (x86)/atmel/studio/7.0/toolchain/arm/arm-gnu-toolchain/bin/../lib/gcc/arm-none-eabi/6.3.1/../../../../arm-none-eabi/lib/thumb/v7e-m\libc.a(lib_a-memmove.o)
 .ARM.attributes
                0x0000085e       0x2e c:/program files (x86)/atmel/studio/7.0/toolchain/arm/arm-gnu-toolchain/bin/../lib/gcc/arm-none-eabi/6.3.1/../../../../arm-none-eabi/lib/thumb/v7e-m\libc.a(lib_a-reallocr.o)
 .ARM.attributes
                0x0000088c       0x2e c:/program files (x86)/atmel/studio/7.0/toolchain/arm/arm-gnu-toolchain/bin/../lib/gcc/arm-none-eabi/6.3.1/../../../../arm-none-eabi/lib/thumb/v7e-m\libc.a(lib_a-reent.o)
 .ARM.attributes
                0x000008ba       0x2e c:/program files (x86)/atmel/studio/7.0/toolchain/arm/arm-gnu-toolchain/bin/../lib/gcc/arm-none-eabi/6.3.1/../../../../arm-none-eabi/lib/thumb/v7e-m\libc.a(lib_a-wctomb_r.o)
 .ARM.attributes
                0x000008e8       0x2e c:/program files (x86)/atmel/studio/7.0/toolchain/arm/arm-gnu-toolchain/bin/../lib/gcc/arm-none-eabi/6.3.1/../../../../arm-none-eabi/lib/thumb/v7e-m\libc.a(lib_a-ctype_.o)
 .ARM.attributes
                0x00000916       0x1e c:/program files (x86)/atmel/studio/7.0/toolchain/arm/arm-gnu-toolchain/bin/../lib/gcc/arm-none-eabi/6.3.1/thumb/v7e-m\libgcc.a(_arm_cmpdf2.o)
 .ARM.attributes
                0x00000934       0x1e c:/program files (x86)/atmel/studio/7.0/toolchain/arm/arm-gnu-toolchain/bin/../lib/gcc/arm-none-eabi/6.3.1/thumb/v7e-m\libgcc.a(_arm_unorddf2.o)
 .ARM.attributes
                0x00000952       0x1e c:/program files (x86)/atmel/studio/7.0/toolchain/arm/arm-gnu-toolchain/bin/../lib/gcc/arm-none-eabi/6.3.1/thumb/v7e-m\libgcc.a(_aeabi_uldivmod.o)
 .ARM.attributes
                0x00000970       0x2e c:/program files (x86)/atmel/studio/7.0/toolchain/arm/arm-gnu-toolchain/bin/../lib/gcc/arm-none-eabi/6.3.1/thumb/v7e-m\libgcc.a(_udivmoddi4.o)
 .ARM.attributes
                0x0000099e       0x1e c:/program files (x86)/atmel/studio/7.0/toolchain/arm/arm-gnu-toolchain/bin/../lib/gcc/arm-none-eabi/6.3.1/thumb/v7e-m\libgcc.a(_dvmd_tls.o)
 .ARM.attributes
                0x000009bc       0x1e c:/program files (x86)/atmel/studio/7.0/toolchain/arm/arm-gnu-toolchain/bin/../lib/gcc/arm-none-eabi/6.3.1/thumb/v7e-m/crtn.o

.comment        0x00000000       0x59
 .comment       0x00000000       0x59 src/ASF/sam/drivers/rtc/rtc.o
                                 0x5a (size before relaxing)
 .comment       0x00000059       0x5a src/ASF/sam/drivers/rtt/rtt.o
 .comment       0x00000059       0x5a src/main.o
 .comment       0x00000059       0x5a src/ASF/common/services/spi/sam_spi/spi_master.o
 .comment       0x00000059       0x5a src/ASF/sam/components/display/ili9488/ili9488.o
 .comment       0x00000059       0x5a src/ASF/sam/drivers/spi/spi.o
 .comment       0x00000059       0x5a src/ASF/common/services/clock/same70/sysclk.o
 .comment       0x00000059       0x5a src/ASF/common/utils/interrupt/interrupt_sam_nvic.o
 .comment       0x00000059       0x5a src/ASF/sam/boards/same70_xplained/init.o
 .comment       0x00000059       0x5a src/ASF/sam/drivers/pio/pio.o
 .comment       0x00000059       0x5a src/ASF/sam/drivers/pio/pio_handler.o
 .comment       0x00000059       0x5a src/ASF/sam/drivers/pmc/pmc.o
 .comment       0x00000059       0x5a src/ASF/sam/drivers/pmc/sleep.o
 .comment       0x00000059       0x5a src/ASF/sam/utils/cmsis/same70/source/templates/gcc/startup_same70.o
 .comment       0x00000059       0x5a src/ASF/sam/utils/cmsis/same70/source/templates/system_same70.o
 .comment       0x00000059       0x5a src/ASF/sam/utils/syscalls/gcc/syscalls.o

.debug_info     0x00000000    0x16f81
 .debug_info    0x00000000     0x1158 src/ASF/sam/drivers/rtc/rtc.o
 .debug_info    0x00001158      0xcaf src/ASF/sam/drivers/rtt/rtt.o
 .debug_info    0x00001e07     0x3704 src/main.o
 .debug_info    0x0000550b     0x143e src/ASF/common/services/spi/sam_spi/spi_master.o
 .debug_info    0x00006949     0x208c src/ASF/sam/components/display/ili9488/ili9488.o
 .debug_info    0x000089d5     0x1123 src/ASF/sam/drivers/spi/spi.o
 .debug_info    0x00009af8     0x1311 src/ASF/common/services/clock/same70/sysclk.o
 .debug_info    0x0000ae09      0xb06 src/ASF/common/utils/interrupt/interrupt_sam_nvic.o
 .debug_info    0x0000b90f     0x1fcd src/ASF/sam/boards/same70_xplained/init.o
 .debug_info    0x0000d8dc     0x1ce3 src/ASF/sam/drivers/pio/pio.o
 .debug_info    0x0000f5bf     0x1a74 src/ASF/sam/drivers/pio/pio_handler.o
 .debug_info    0x00011033     0x1eed src/ASF/sam/drivers/pmc/pmc.o
 .debug_info    0x00012f20     0x16bf src/ASF/sam/drivers/pmc/sleep.o
 .debug_info    0x000145df     0x1612 src/ASF/sam/utils/cmsis/same70/source/templates/gcc/startup_same70.o
 .debug_info    0x00015bf1      0x5d4 src/ASF/sam/utils/cmsis/same70/source/templates/system_same70.o
 .debug_info    0x000161c5      0xdbc src/ASF/sam/utils/syscalls/gcc/syscalls.o

.debug_abbrev   0x00000000     0x2a4f
 .debug_abbrev  0x00000000      0x257 src/ASF/sam/drivers/rtc/rtc.o
 .debug_abbrev  0x00000257      0x203 src/ASF/sam/drivers/rtt/rtt.o
 .debug_abbrev  0x0000045a      0x3ab src/main.o
 .debug_abbrev  0x00000805      0x305 src/ASF/common/services/spi/sam_spi/spi_master.o
 .debug_abbrev  0x00000b0a      0x2f4 src/ASF/sam/components/display/ili9488/ili9488.o
 .debug_abbrev  0x00000dfe      0x2cf src/ASF/sam/drivers/spi/spi.o
 .debug_abbrev  0x000010cd      0x296 src/ASF/common/services/clock/same70/sysclk.o
 .debug_abbrev  0x00001363      0x214 src/ASF/common/utils/interrupt/interrupt_sam_nvic.o
 .debug_abbrev  0x00001577      0x3b8 src/ASF/sam/boards/same70_xplained/init.o
 .debug_abbrev  0x0000192f      0x296 src/ASF/sam/drivers/pio/pio.o
 .debug_abbrev  0x00001bc5      0x2c9 src/ASF/sam/drivers/pio/pio_handler.o
 .debug_abbrev  0x00001e8e      0x2ce src/ASF/sam/drivers/pmc/pmc.o
 .debug_abbrev  0x0000215c      0x2df src/ASF/sam/drivers/pmc/sleep.o
 .debug_abbrev  0x0000243b      0x2e8 src/ASF/sam/utils/cmsis/same70/source/templates/gcc/startup_same70.o
 .debug_abbrev  0x00002723      0x102 src/ASF/sam/utils/cmsis/same70/source/templates/system_same70.o
 .debug_abbrev  0x00002825      0x22a src/ASF/sam/utils/syscalls/gcc/syscalls.o

.debug_loc      0x00000000     0x653c
 .debug_loc     0x00000000      0x730 src/ASF/sam/drivers/rtc/rtc.o
 .debug_loc     0x00000730      0x330 src/ASF/sam/drivers/rtt/rtt.o
 .debug_loc     0x00000a60      0x4ea src/main.o
 .debug_loc     0x00000f4a      0x830 src/ASF/common/services/spi/sam_spi/spi_master.o
 .debug_loc     0x0000177a      0xd20 src/ASF/sam/components/display/ili9488/ili9488.o
 .debug_loc     0x0000249a      0x630 src/ASF/sam/drivers/spi/spi.o
 .debug_loc     0x00002aca      0x4a0 src/ASF/common/services/clock/same70/sysclk.o
 .debug_loc     0x00002f6a       0xa0 src/ASF/common/utils/interrupt/interrupt_sam_nvic.o
 .debug_loc     0x0000300a      0x2b8 src/ASF/sam/boards/same70_xplained/init.o
 .debug_loc     0x000032c2     0x1174 src/ASF/sam/drivers/pio/pio.o
 .debug_loc     0x00004436      0x38c src/ASF/sam/drivers/pio/pio_handler.o
 .debug_loc     0x000047c2     0x1744 src/ASF/sam/drivers/pmc/pmc.o
 .debug_loc     0x00005f06       0xe6 src/ASF/sam/drivers/pmc/sleep.o
 .debug_loc     0x00005fec      0x16c src/ASF/sam/utils/cmsis/same70/source/templates/gcc/startup_same70.o
 .debug_loc     0x00006158       0xe4 src/ASF/sam/utils/cmsis/same70/source/templates/system_same70.o
 .debug_loc     0x0000623c      0x300 src/ASF/sam/utils/syscalls/gcc/syscalls.o

.debug_aranges  0x00000000      0xb38
 .debug_aranges
                0x00000000       0xb8 src/ASF/sam/drivers/rtc/rtc.o
 .debug_aranges
                0x000000b8       0x60 src/ASF/sam/drivers/rtt/rtt.o
 .debug_aranges
                0x00000118       0x98 src/main.o
 .debug_aranges
                0x000001b0       0xe0 src/ASF/common/services/spi/sam_spi/spi_master.o
 .debug_aranges
                0x00000290      0x168 src/ASF/sam/components/display/ili9488/ili9488.o
 .debug_aranges
                0x000003f8       0xa8 src/ASF/sam/drivers/spi/spi.o
 .debug_aranges
                0x000004a0       0x98 src/ASF/common/services/clock/same70/sysclk.o
 .debug_aranges