Archive member included to satisfy reference by file (symbol)

c:/program files (x86)/atmel/studio/7.0/toolchain/arm/arm-gnu-toolchain/bin/../lib/gcc/arm-none-eabi/6.3.1/../../../../arm-none-eabi/lib/thumb/v7e-m\libc.a(lib_a-exit.o)
                              c:/program files (x86)/atmel/studio/7.0/toolchain/arm/arm-gnu-toolchain/bin/../lib/gcc/arm-none-eabi/6.3.1/../../../../arm-none-eabi/lib/thumb/v7e-m/crt0.o (exit)
c:/program files (x86)/atmel/studio/7.0/toolchain/arm/arm-gnu-toolchain/bin/../lib/gcc/arm-none-eabi/6.3.1/../../../../arm-none-eabi/lib/thumb/v7e-m\libc.a(lib_a-impure.o)
                              c:/program files (x86)/atmel/studio/7.0/toolchain/arm/arm-gnu-toolchain/bin/../lib/gcc/arm-none-eabi/6.3.1/../../../../arm-none-eabi/lib/thumb/v7e-m\libc.a(lib_a-exit.o) (_global_impure_ptr)
c:/program files (x86)/atmel/studio/7.0/toolchain/arm/arm-gnu-toolchain/bin/../lib/gcc/arm-none-eabi/6.3.1/../../../../arm-none-eabi/lib/thumb/v7e-m\libc.a(lib_a-init.o)
                              c:/program files (x86)/atmel/studio/7.0/toolchain/arm/arm-gnu-toolchain/bin/../lib/gcc/arm-none-eabi/6.3.1/../../../../arm-none-eabi/lib/thumb/v7e-m/crt0.o (__libc_init_array)
c:/program files (x86)/atmel/studio/7.0/toolchain/arm/arm-gnu-toolchain/bin/../lib/gcc/arm-none-eabi/6.3.1/../../../../arm-none-eabi/lib/thumb/v7e-m\libc.a(lib_a-memset.o)
                              c:/program files (x86)/atmel/studio/7.0/toolchain/arm/arm-gnu-toolchain/bin/../lib/gcc/arm-none-eabi/6.3.1/../../../../arm-none-eabi/lib/thumb/v7e-m/crt0.o (memset)
c:/program files (x86)/atmel/studio/7.0/toolchain/arm/arm-gnu-toolchain/bin/../lib/gcc/arm-none-eabi/6.3.1/../../../../arm-none-eabi/lib/thumb/v7e-m\libc.a(lib_a-sprintf.o)
                              src/main.o (sprintf)
c:/program files (x86)/atmel/studio/7.0/toolchain/arm/arm-gnu-toolchain/bin/../lib/gcc/arm-none-eabi/6.3.1/../../../../arm-none-eabi/lib/thumb/v7e-m\libc.a(lib_a-svfprintf.o)
                              c:/program files (x86)/atmel/studio/7.0/toolchain/arm/arm-gnu-toolchain/bin/../lib/gcc/arm-none-eabi/6.3.1/../../../../arm-none-eabi/lib/thumb/v7e-m\libc.a(lib_a-sprintf.o) (_svfprintf_r)
c:/program files (x86)/atmel/studio/7.0/toolchain/arm/arm-gnu-toolchain/bin/../lib/gcc/arm-none-eabi/6.3.1/../../../../arm-none-eabi/lib/thumb/v7e-m\libc.a(lib_a-__call_atexit.o)
                              c:/program files (x86)/atmel/studio/7.0/toolchain/arm/arm-gnu-toolchain/bin/../lib/gcc/arm-none-eabi/6.3.1/../../../../arm-none-eabi/lib/thumb/v7e-m\libc.a(lib_a-exit.o) (__call_exitprocs)
c:/program files (x86)/atmel/studio/7.0/toolchain/arm/arm-gnu-toolchain/bin/../lib/gcc/arm-none-eabi/6.3.1/../../../../arm-none-eabi/lib/thumb/v7e-m\libc.a(lib_a-atexit.o)
                              c:/program files (x86)/atmel/studio/7.0/toolchain/arm/arm-gnu-toolchain/bin/../lib/gcc/arm-none-eabi/6.3.1/../../../../arm-none-eabi/lib/thumb/v7e-m\libc.a(lib_a-__call_atexit.o) (atexit)
c:/program files (x86)/atmel/studio/7.0/toolchain/arm/arm-gnu-toolchain/bin/../lib/gcc/arm-none-eabi/6.3.1/../../../../arm-none-eabi/lib/thumb/v7e-m\libc.a(lib_a-dtoa.o)
                              c:/program files (x86)/atmel/studio/7.0/toolchain/arm/arm-gnu-toolchain/bin/../lib/gcc/arm-none-eabi/6.3.1/../../../../arm-none-eabi/lib/thumb/v7e-m\libc.a(lib_a-svfprintf.o) (_dtoa_r)
c:/program files (x86)/atmel/studio/7.0/toolchain/arm/arm-gnu-toolchain/bin/../lib/gcc/arm-none-eabi/6.3.1/../../../../arm-none-eabi/lib/thumb/v7e-m\libc.a(lib_a-fini.o)
                              c:/program files (x86)/atmel/studio/7.0/toolchain/arm/arm-gnu-toolchain/bin/../lib/gcc/arm-none-eabi/6.3.1/../../../../arm-none-eabi/lib/thumb/v7e-m\libc.a(lib_a-__call_atexit.o) (__libc_fini_array)
c:/program files (x86)/atmel/studio/7.0/toolchain/arm/arm-gnu-toolchain/bin/../lib/gcc/arm-none-eabi/6.3.1/../../../../arm-none-eabi/lib/thumb/v7e-m\libc.a(lib_a-localeconv.o)
                              c:/program files (x86)/atmel/studio/7.0/toolchain/arm/arm-gnu-toolchain/bin/../lib/gcc/arm-none-eabi/6.3.1/../../../../arm-none-eabi/lib/thumb/v7e-m\libc.a(lib_a-svfprintf.o) (_localeconv_r)
c:/program files (x86)/atmel/studio/7.0/toolchain/arm/arm-gnu-toolchain/bin/../lib/gcc/arm-none-eabi/6.3.1/../../../../arm-none-eabi/lib/thumb/v7e-m\libc.a(lib_a-lock.o)
                              c:/program files (x86)/atmel/studio/7.0/toolchain/arm/arm-gnu-toolchain/bin/../lib/gcc/arm-none-eabi/6.3.1/../../../../arm-none-eabi/lib/thumb/v7e-m\libc.a(lib_a-__call_atexit.o) (__retarget_lock_acquire_recursive)
c:/program files (x86)/atmel/studio/7.0/toolchain/arm/arm-gnu-toolchain/bin/../lib/gcc/arm-none-eabi/6.3.1/../../../../arm-none-eabi/lib/thumb/v7e-m\libc.a(lib_a-mallocr.o)
                              c:/program files (x86)/atmel/studio/7.0/toolchain/arm/arm-gnu-toolchain/bin/../lib/gcc/arm-none-eabi/6.3.1/../../../../arm-none-eabi/lib/thumb/v7e-m\libc.a(lib_a-svfprintf.o) (_malloc_r)
[...]
Memory Configuration

Name             Origin             Length             Attributes
rom              0x00400000         0x00200000         xr
ram              0x20400000         0x00060000         xrw
*default*        0x00000000         0xffffffff

Linker script and memory map

LOAD c:/program files (x86)/atmel/studio/7.0/toolchain/arm/arm-gnu-toolchain/bin/../lib/gcc/arm-none-eabi/6.3.1/thumb/v7e-m/crti.o
LOAD c:/program files (x86)/atmel/studio/7.0/toolchain/arm/arm-gnu-toolchain/bin/../lib/gcc/arm-none-eabi/6.3.1/thumb/v7e-m/crtbegin.o
LOAD c:/program files (x86)/atmel/studio/7.0/toolchain/arm/arm-gnu-toolchain/bin/../lib/gcc/arm-none-eabi/6.3.1/../../../../arm-none-eabi/lib/thumb/v7e-m/crt0.o
LOAD src/ASF/sam/drivers/rtc/rtc.o
LOAD src/ASF/sam/drivers/rtt/rtt.o
LOAD src/ASF/sam/drivers/tc/tc.o
LOAD src/main.o
LOAD src/ASF/common/services/delay/sam/cycle_counter.o
LOAD src/ASF/common/services/spi/sam_spi/spi_master.o
LOAD src/ASF/sam/components/display/ili9488/ili9488.o
LOAD src/ASF/sam/drivers/spi/spi.o
LOAD src/ASF/common/services/clock/same70/sysclk.o
LOAD src/ASF/common/utils/interrupt/interrupt_sam_nvic.o
LOAD src/ASF/sam/boards/same70_xplained/init.o
LOAD src/ASF/sam/drivers/mpu/mpu.o
LOAD src/ASF/sam/drivers/pio/pio.o
LOAD src/ASF/sam/drivers/pio/pio_handler.o
LOAD src/ASF/sam/drivers/pmc/pmc.o
LOAD src/ASF/sam/drivers/pmc/sleep.o
LOAD src/ASF/sam/utils/cmsis/same70/source/templates/gcc/startup_same70.o
LOAD src/ASF/sam/utils/cmsis/same70/source/templates/system_same70.o
LOAD src/ASF/sam/utils/syscalls/gcc/syscalls.o
START GROUP
LOAD ../src/ASF/thirdparty/CMSIS/Lib/GCC\libarm_cortexM7lfsp_math_softfp.a
LOAD c:/program files (x86)/atmel/studio/7.0/toolchain/arm/arm-gnu-toolchain/bin/../lib/gcc/arm-none-eabi/6.3.1/../../../../arm-none-eabi/lib/thumb/v7e-m\libm.a
END GROUP
START GROUP
LOAD c:/program files (x86)/atmel/studio/7.0/toolchain/arm/arm-gnu-toolchain/bin/../lib/gcc/arm-none-eabi/6.3.1/thumb/v7e-m\libgcc.a
LOAD c:/program files (x86)/atmel/studio/7.0/toolchain/arm/arm-gnu-toolchain/bin/../lib/gcc/arm-none-eabi/6.3.1/../../../../arm-none-eabi/lib/thumb/v7e-m\libc.a
END GROUP
LOAD c:/program files (x86)/atmel/studio/7.0/toolchain/arm/arm-gnu-toolchain/bin/../lib/gcc/arm-none-eabi/6.3.1/thumb/v7e-m/crtend.o
LOAD c:/program files (x86)/atmel/studio/7.0/toolchain/arm/arm-gnu-toolchain/bin/../lib/gcc/arm-none-eabi/6.3.1/thumb/v7e-m/crtn.o
                0x00002000                STACK_SIZE = DEFINED (STACK_SIZE)?STACK_SIZE:0x2000
                0x2045fffc                __ram_end__ = ((ORIGIN (ram) + LENGTH (ram)) - 0x4)
                0x00000200                HEAP_SIZE = DEFINED (HEAP_SIZE)?HEAP_SIZE:0x200

.text           0x00400000    0x3485c
                0x00400000                . = ALIGN (0x4)
                0x00400000                _sfixed = .
 *(.vectors .vectors.*)
 .vectors       0x00400000      0x168 src/ASF/sam/utils/cmsis/same70/source/templates/gcc/startup_same70.o
                0x00400000                exception_table
 *(.text .text.* .gnu.linkonce.t.*)
 .text          0x00400168       0x6c c:/program files (x86)/atmel/studio/7.0/toolchain/arm/arm-gnu-toolchain/bin/../lib/gcc/arm-none-eabi/6.3.1/thumb/v7e-m/crtbegin.o
 .text.rtc_set_hour_mode
                0x004001d4       0x36 src/ASF/sam/drivers/rtc/rtc.o
                0x004001d4                rtc_set_hour_mode
 .text.rtc_enable_interrupt
                0x0040020a       0x1c src/ASF/sam/drivers/rtc/rtc.o
                0x0040020a                rtc_enable_interrupt
 .text.rtc_get_time
                0x00400226       0xc4 src/ASF/sam/drivers/rtc/rtc.o
                0x00400226                rtc_get_time
 *fill*         0x004002ea        0x2 
 .text.rtc_set_time
                0x004002ec      0x108 src/ASF/sam/drivers/rtc/rtc.o
                0x004002ec                rtc_set_time
 .text.rtc_set_time_alarm
                0x004003f4      0x100 src/ASF/sam/drivers/rtc/rtc.o
                0x004003f4                rtc_set_time_alarm
 .text.rtc_set_date
                0x004004f4      0x140 src/ASF/sam/drivers/rtc/rtc.o
                0x004004f4                rtc_set_date
 .text.rtc_set_date_alarm
                0x00400634       0xb0 src/ASF/sam/drivers/rtc/rtc.o
                0x00400634                rtc_set_date_alarm
 .text.rtc_get_status
                0x004006e4       0x18 src/ASF/sam/drivers/rtc/rtc.o
                0x004006e4                rtc_get_status
 .text.rtc_clear_status
                0x004006fc       0x1c src/ASF/sam/drivers/rtc/rtc.o
                0x004006fc                rtc_clear_status
 .text.NVIC_EnableIRQ
                0x00400718       0x34 src/main.o
 .text.NVIC_DisableIRQ
                0x0040074c       0x34 src/main.o
 .text.NVIC_ClearPendingIRQ
                0x00400780       0x34 src/main.o
 .text.NVIC_SetPriority
                0x004007b4       0x54 src/main.o
 .text.configure_lcd
                0x00400808       0x4c src/main.o
                0x00400808                configure_lcd
 .text.font_draw_text
                0x00400854       0x88 src/main.o
                0x00400854                font_draw_text
 .text.but_flag_callback
                0x004008dc       0x1c src/main.o
                0x004008dc                but_flag_callback
 .text.RTC_Handler
                0x004008f8       0xe8 src/main.o
                0x004008f8                RTC_Handler
 .text.rtc_init
                0x004009e0       0x84 src/main.o
                0x004009e0                rtc_init
 .text.io_init  0x00400a64       0x4c src/main.o
                0x00400a64                io_init
 .text.main     0x00400ab0      0x15c src/main.o
                0x00400ab0                main
 .text.osc_get_rate
                0x00400c0c       0x74 src/ASF/common/services/spi/sam_spi/spi_master.o
 .text.sysclk_get_main_hz
                0x00400c80       0x20 src/ASF/common/services/spi/sam_spi/spi_master.o
 .text.sysclk_get_peripheral_hz
                0x00400ca0       0x14 src/ASF/common/services/spi/sam_spi/spi_master.o
 .text.spi_reset
                0x00400cb4       0x1a src/ASF/common/services/spi/sam_spi/spi_master.o
 .text.spi_set_master_mode
                0x00400cce       0x20 src/ASF/common/services/spi/sam_spi/spi_master.o
 .text.spi_set_fixed_peripheral_select
                0x00400cee       0x20 src/ASF/common/services/spi/sam_spi/spi_master.o
 .text.spi_disable_peripheral_select_decode
                0x00400d0e       0x20 src/ASF/common/services/spi/sam_spi/spi_master.o
 .text.spi_get_peripheral_select_decode_setting
                0x00400d2e       0x26 src/ASF/common/services/spi/sam_spi/spi_master.o
 .text.spi_disable_mode_fault_detect
                0x00400d54       0x20 src/ASF/common/services/spi/sam_spi/spi_master.o
 .text.spi_disable_loopback
                0x00400d74       0x20 src/ASF/common/services/spi/sam_spi/spi_master.o
 .text.spi_put  0x00400d94       0x1e src/ASF/common/services/spi/sam_spi/spi_master.o
 .text.spi_get  0x00400db2       0x1a src/ASF/common/services/spi/sam_spi/spi_master.o
 .text.spi_is_tx_ready
                0x00400dcc       0x26 src/ASF/common/services/spi/sam_spi/spi_master.o
 .text.spi_is_rx_ready
                0x00400df2       0x2c src/ASF/common/services/spi/sam_spi/spi_master.o
 *fill*         0x00400e1e        0x2 
 .text.spi_write_single
                0x00400e20       0x24 src/ASF/common/services/spi/sam_spi/spi_master.o
 .text.spi_read_single
                0x00400e44       0x24 src/ASF/common/services/spi/sam_spi/spi_master.o
 .text.spi_master_init
                0x00400e68       0x70 src/ASF/common/services/spi/sam_spi/spi_master.o
                0x00400e68                spi_master_init
 .text.spi_master_setup_device
                0x00400ed8       0xb4 src/ASF/common/services/spi/sam_spi/spi_master.o
                0x00400ed8                spi_master_setup_device
 .text.spi_select_device
                0x00400f8c       0x58 src/ASF/common/services/spi/sam_spi/spi_master.o
                0x00400f8c                spi_select_device
 .text.spi_write_packet
                0x00400fe4       0x74 src/ASF/common/services/spi/sam_spi/spi_master.o
                0x00400fe4                spi_write_packet
 .text.spi_read_packet
                0x00401058       0xac src/ASF/common/services/spi/sam_spi/spi_master.o
                0x00401058                spi_read_packet
 .text.spi_enable
                0x00401104       0x1a src/ASF/sam/components/display/ili9488/ili9488.o
 .text.spi_enable_interrupt
                0x0040111e       0x1c src/ASF/sam/components/display/ili9488/ili9488.o
 *fill*         0x0040113a        0x2 
 .text.ili9488_write_ram_prepare
                0x0040113c       0x40 src/ASF/sam/components/display/ili9488/ili9488.o
 .text.ili9488_write_ram_buffer
                0x0040117c       0x40 src/ASF/sam/components/display/ili9488/ili9488.o
 .text.ili9488_write_register
                0x004011bc       0x78 src/ASF/sam/components/display/ili9488/ili9488.o
 .text.ili9488_read_chipid
                0x00401234       0xcc src/ASF/sam/components/display/ili9488/ili9488.o
 .text.ili9488_delay
                0x00401300       0x40 src/ASF/sam/components/display/ili9488/ili9488.o
                0x00401300                ili9488_delay
 .text.ili9488_check_box_coordinates
                0x00401340       0xa2 src/ASF/sam/components/display/ili9488/ili9488.o
 *fill*         0x004013e2        0x2 
 .text.ili9488_set_display_direction
                0x004013e4       0x34 src/ASF/sam/components/display/ili9488/ili9488.o
                0x004013e4                ili9488_set_display_direction
 .text.ili9488_set_window
                0x00401418       0xc8 src/ASF/sam/components/display/ili9488/ili9488.o
                0x00401418                ili9488_set_window
 .text.ili9488_init
                0x004014e0      0x15c src/ASF/sam/components/display/ili9488/ili9488.o
                0x004014e0                ili9488_init
 .text.ili9488_display_on
                0x0040163c       0x18 src/ASF/sam/components/display/ili9488/ili9488.o
                0x0040163c                ili9488_display_on
 .text.ili9488_set_foreground_color
                0x00401654       0x54 src/ASF/sam/components/display/ili9488/ili9488.o
                0x00401654                ili9488_set_foreground_color
 .text.ili9488_set_cursor_position
                0x004016a8       0x84 src/ASF/sam/components/display/ili9488/ili9488.o
                0x004016a8                ili9488_set_cursor_position
 .text.ili9488_draw_filled_rectangle
                0x0040172c       0xdc src/ASF/sam/components/display/ili9488/ili9488.o
                0x0040172c                ili9488_draw_filled_rectangle
 .text.ili9488_draw_pixmap
                0x00401808       0xb4 src/ASF/sam/components/display/ili9488/ili9488.o
                0x00401808                ili9488_draw_pixmap
 .text.spi_get_peripheral_select_mode
                0x004018bc       0x26 src/ASF/sam/drivers/spi/spi.o
 *fill*         0x004018e2        0x2 
 .text.sysclk_enable_peripheral_clock
                0x004018e4       0x1c src/ASF/sam/drivers/spi/spi.o
 .text.spi_enable_clock
                0x00401900       0x3c src/ASF/sam/drivers/spi/spi.o
                0x00401900                spi_enable_clock
 .text.spi_set_peripheral_chip_select_value
                0x0040193c       0x34 src/ASF/sam/drivers/spi/spi.o
                0x0040193c                spi_set_peripheral_chip_select_value
 .text.spi_set_delay_between_chip_select
                0x00401970       0x30 src/ASF/sam/drivers/spi/spi.o
                0x00401970                spi_set_delay_between_chip_select
 .text.spi_write
                0x004019a0       0x80 src/ASF/sam/drivers/spi/spi.o
                0x004019a0                spi_write
 .text.spi_set_clock_polarity
                0x00401a20       0x50 src/ASF/sam/drivers/spi/spi.o
                0x00401a20                spi_set_clock_polarity
 .text.spi_set_clock_phase
                0x00401a70       0x50 src/ASF/sam/drivers/spi/spi.o
                0x00401a70                spi_set_clock_phase
 .text.spi_configure_cs_behavior
                0x00401ac0       0xa6 src/ASF/sam/drivers/spi/spi.o
                0x00401ac0                spi_configure_cs_behavior
 .text.spi_set_bits_per_transfer
                0x00401b66       0x4a src/ASF/sam/drivers/spi/spi.o
                0x00401b66                spi_set_bits_per_transfer
 .text.spi_calc_baudrate_div
                0x00401bb0       0x3c src/ASF/sam/drivers/spi/spi.o
                0x00401bb0                spi_calc_baudrate_div
 .text.spi_set_baudrate_div
                0x00401bec       0x5e src/ASF/sam/drivers/spi/spi.o
                0x00401bec                spi_set_baudrate_div
 .text.spi_set_transfer_delay
                0x00401c4a       0x5e src/ASF/sam/drivers/spi/spi.o
                0x00401c4a                spi_set_transfer_delay
 .text.osc_enable
                0x00401ca8       0x88 src/ASF/common/services/clock/same70/sysclk.o
 .text.osc_is_ready
                0x00401d30       0x70 src/ASF/common/services/clock/same70/sysclk.o
 .text.osc_get_rate
                0x00401da0       0x74 src/ASF/common/services/clock/same70/sysclk.o
 .text.osc_wait_ready
                0x00401e14       0x2c src/ASF/common/services/clock/same70/sysclk.o
 .text.pll_config_init
                0x00401e40       0x6c src/ASF/common/services/clock/same70/sysclk.o
 .text.pll_enable
                0x00401eac       0x40 src/ASF/common/services/clock/same70/sysclk.o
 .text.pll_is_locked
                0x00401eec       0x2c src/ASF/common/services/clock/same70/sysclk.o
 .text.pll_enable_source
                0x00401f18       0x38 src/ASF/common/services/clock/same70/sysclk.o
 .text.pll_wait_for_lock
                0x00401f50       0x24 src/ASF/common/services/clock/same70/sysclk.o
 .text.sysclk_get_main_hz
                0x00401f74       0x20 src/ASF/common/services/clock/same70/sysclk.o
 .text.sysclk_get_cpu_hz
                0x00401f94       0x14 src/ASF/common/services/clock/same70/sysclk.o
 .text.sysclk_init
                0x00401fa8       0x7c src/ASF/common/services/clock/same70/sysclk.o
                0x00401fa8                sysclk_init
 .text.sysclk_enable_peripheral_clock
                0x00402024       0x1c src/ASF/sam/boards/same70_xplained/init.o
 .text.ioport_init
                0x00402040       0x2c src/ASF/sam/boards/same70_xplained/init.o
 .text.ioport_disable_pin
                0x0040206c       0x4c src/ASF/sam/boards/same70_xplained/init.o
 .text.ioport_set_pin_mode
                0x004020b8      0x11c src/ASF/sam/boards/same70_xplained/init.o
 .text.ioport_set_pin_dir
                0x004021d4       0x88 src/ASF/sam/boards/same70_xplained/init.o
 .text.ioport_set_pin_level
                0x0040225c       0x6c src/ASF/sam/boards/same70_xplained/init.o
 .text.ioport_set_pin_sense_mode
                0x004022c8       0xd0 src/ASF/sam/boards/same70_xplained/init.o
 .text.tcm_disable
                0x00402398       0x44 src/ASF/sam/boards/same70_xplained/init.o
 .text.board_init
                0x004023dc      0x1ac src/ASF/sam/boards/same70_xplained/init.o
                0x004023dc                board_init
 .text.pio_pull_up
                0x00402588       0x2c src/ASF/sam/drivers/pio/pio.o
                0x00402588                pio_pull_up
 .text.pio_set  0x004025b4       0x1c src/ASF/sam/drivers/pio/pio.o
                0x004025b4                pio_set
 .text.pio_set_peripheral
                0x004025d0      0x110 src/ASF/sam/drivers/pio/pio.o
                0x004025d0                pio_set_peripheral
 .text.pio_set_input
                0x004026e0       0x80 src/ASF/sam/drivers/pio/pio.o
                0x004026e0                pio_set_input
 .text.pio_set_output
                0x00402760       0x64 src/ASF/sam/drivers/pio/pio.o
                0x00402760                pio_set_output
 .text.pio_configure
                0x004027c4       0xcc src/ASF/sam/drivers/pio/pio.o
                0x004027c4                pio_configure
 .text.pio_configure_interrupt
                0x00402890       0x6c src/ASF/sam/drivers/pio/pio.o
                0x00402890                pio_configure_interrupt
 .text.pio_disable_interrupt
                0x004028fc       0x1c src/ASF/sam/drivers/pio/pio.o
                0x004028fc                pio_disable_interrupt
 .text.pio_get_interrupt_status
                0x00402918       0x18 src/ASF/sam/drivers/pio/pio.o
                0x00402918                pio_get_interrupt_status
 .text.pio_get_interrupt_mask
                0x00402930       0x18 src/ASF/sam/drivers/pio/pio.o
                0x00402930                pio_get_interrupt_mask
 .text.pio_set_pin_high
                0x00402948       0x30 src/ASF/sam/drivers/pio/pio.o
                0x00402948                pio_set_pin_high
 .text.pio_set_pin_low
                0x00402978       0x30 src/ASF/sam/drivers/pio/pio.o
                0x00402978                pio_set_pin_low
 .text.pio_configure_pin
                0x004029a8      0x1b0 src/ASF/sam/drivers/pio/pio.o
                0x004029a8                pio_configure_pin
 .text.pio_get_pin_group
                0x00402b58       0x28 src/ASF/sam/drivers/pio/pio.o
                0x00402b58                pio_get_pin_group
 .text.pio_handler_process
                0x00402b80       0xb4 src/ASF/sam/drivers/pio/pio_handler.o
                0x00402b80                pio_handler_process
 .text.pio_handler_set
                0x00402c34       0xa0 src/ASF/sam/drivers/pio/pio_handler.o
                0x00402c34                pio_handler_set
 .text.PIOA_Handler
                0x00402cd4       0x18 src/ASF/sam/drivers/pio/pio_handler.o
                0x00402cd4                PIOA_Handler
 .text.PIOB_Handler
                0x00402cec       0x18 src/ASF/sam/drivers/pio/pio_handler.o
                0x00402cec                PIOB_Handler
 .text.PIOC_Handler
                0x00402d04       0x18 src/ASF/sam/drivers/pio/pio_handler.o
                0x00402d04                PIOC_Handler
 .text.PIOD_Handler
                0x00402d1c       0x18 src/ASF/sam/drivers/pio/pio_handler.o
                0x00402d1c                PIOD_Handler
 .text.PIOE_Handler
                0x00402d34       0x18 src/ASF/sam/drivers/pio/pio_handler.o
                0x00402d34                PIOE_Handler
 .text.pmc_mck_set_division
                0x00402d4c       0x7c src/ASF/sam/drivers/pmc/pmc.o
                0x00402d4c                pmc_mck_set_division
 .text.pmc_switch_mck_to_pllack
                0x00402dc8       0x84 src/ASF/sam/drivers/pmc/pmc.o
                0x00402dc8                pmc_switch_mck_to_pllack
 .text.pmc_switch_sclk_to_32kxtal
                0x00402e4c       0x38 src/ASF/sam/drivers/pmc/pmc.o
                0x00402e4c                pmc_switch_sclk_to_32kxtal
 .text.pmc_osc_is_ready_32kxtal
                0x00402e84       0x34 src/ASF/sam/drivers/pmc/pmc.o
                0x00402e84                pmc_osc_is_ready_32kxtal
 .text.pmc_switch_mainck_to_fastrc
                0x00402eb8       0x70 src/ASF/sam/drivers/pmc/pmc.o
                0x00402eb8                pmc_switch_mainck_to_fastrc
 .text.pmc_switch_mainck_to_xtal
                0x00402f28       0x78 src/ASF/sam/drivers/pmc/pmc.o
                0x00402f28                pmc_switch_mainck_to_xtal
 .text.pmc_osc_is_ready_mainck
                0x00402fa0       0x1c src/ASF/sam/drivers/pmc/pmc.o
                0x00402fa0                pmc_osc_is_ready_mainck
 .text.pmc_disable_pllack
                0x00402fbc       0x1c src/ASF/sam/drivers/pmc/pmc.o
                0x00402fbc                pmc_disable_pllack
 .text.pmc_is_locked_pllack
                0x00402fd8       0x1c src/ASF/sam/drivers/pmc/pmc.o
                0x00402fd8                pmc_is_locked_pllack
 .text.pmc_is_locked_upll
                0x00402ff4       0x1c src/ASF/sam/drivers/pmc/pmc.o
                0x00402ff4                pmc_is_locked_upll
 .text.pmc_enable_periph_clk
                0x00403010       0x3c src/ASF/sam/drivers/pmc/pmc.o
                0x00403010                pmc_enable_periph_clk
 .text.cpu_irq_save
                0x0040304c       0x38 src/ASF/sam/utils/cmsis/same70/source/templates/gcc/startup_same70.o
 .text.cpu_irq_is_enabled_flags
                0x00403084       0x20 src/ASF/sam/utils/cmsis/same70/source/templates/gcc/startup_same70.o
 .text.cpu_irq_restore
                0x004030a4       0x30 src/ASF/sam/utils/cmsis/same70/source/templates/gcc/startup_same70.o
 .text.Reset_Handler
                0x004030d4       0xb0 src/ASF/sam/utils/cmsis/same70/source/templates/gcc/startup_same70.o
                0x004030d4                Reset_Handler
 .text.Dummy_Handler
                0x00403184        0x6 src/ASF/sam/utils/cmsis/same70/source/templates/gcc/startup_same70.o
                0x00403184                DACC_Handler
                0x00403184                DebugMon_Handler
                0x00403184                UART3_Handler
                0x00403184                UART2_Handler
                0x00403184                TRNG_Handler
                0x00403184                HardFault_Handler
                0x00403184                TC2_Handler
                0x00403184                SysTick_Handler
                0x00403184                AFEC1_Handler
                0x00403184                PendSV_Handler
                0x00403184                NMI_Handler
                0x00403184                TC7_Handler
                0x00403184                QSPI_Handler
                0x00403184                ISI_Handler
                0x00403184                MCAN0_INT0_Handler
                0x00403184                TC9_Handler
                0x00403184                RSWDT_Handler
                0x00403184                USART0_Handler
                0x00403184                RTT_Handler
                0x00403184                USBHS_Handler
                0x00403184                IXC_Handler
                0x00403184                CCF_Handler
                0x00403184                UsageFault_Handler
                0x00403184                TC6_Handler
                0x00403184                WDT_Handler
                0x00403184                MCAN1_INT1_Handler
                0x00403184                TC4_Handler
                0x00403184                TC1_Handler
                0x00403184                HSMCI_Handler
                0x00403184                UART1_Handler
                0x00403184                TC3_Handler
                0x00403184                Dummy_Handler
                0x00403184                TWIHS1_Handler
                0x00403184                XDMAC_Handler
                0x00403184                UART4_Handler
                0x00403184                PWM1_Handler
                0x00403184                USART1_Handler
                0x00403184                PWM0_Handler
                0x00403184                AFEC0_Handler
                0x00403184                CCW_Handler
                0x00403184                TC11_Handler
                0x00403184                SSC_Handler
                0x00403184                ACC_Handler
                0x00403184                PMC_Handler
                0x00403184                GMAC_Handler
                0x00403184                MCAN0_INT1_Handler
                0x00403184                GMAC_Q5_Handler
                0x00403184                MemManage_Handler
                0x00403184                SUPC_Handler
                0x00403184                SVC_Handler
                0x00403184                TC8_Handler
                0x00403184                MCAN1_INT0_Handler
                0x00403184                EFC_Handler
                0x00403184                GMAC_Q1_Handler
                0x00403184                USART2_Handler
                0x00403184                SDRAMC_Handler
                0x00403184                GMAC_Q2_Handler
                0x00403184                SPI1_Handler
                0x00403184                TC10_Handler
                0x00403184                GMAC_Q3_Handler
                0x00403184                TWIHS2_Handler
                0x00403184                I2SC0_Handler
                0x00403184                UART0_Handler
                0x00403184                I2SC1_Handler
                0x00403184                GMAC_Q4_Handler
                0x00403184                FPU_Handler
                0x00403184                BusFault_Handler
                0x00403184                RSTC_Handler
                0x00403184                TC0_Handler
                0x00403184                TC5_Handler
                0x00403184                AES_Handler
                0x00403184                ICM_Handler
                0x00403184                TWIHS0_Handler
                0x00403184                SPI0_Handler
 *fill*         0x0040318a        0x2 
 .text.SystemCoreClockUpdate
                0x0040318c      0x168 src/ASF/sam/utils/cmsis/same70/source/templates/system_same70.o
                0x0040318c                SystemCoreClockUpdate
 .text.system_init_flash
                0x004032f4       0xb0 src/ASF/sam/utils/cmsis/same70/source/templates/system_same70.o
                0x004032f4                system_init_flash
 .text._sbrk    0x004033a4       0x58 src/ASF/sam/utils/syscalls/gcc/syscalls.o
                0x004033a4                _sbrk
 .text.__libc_init_array
                0x004033fc       0x50 c:/program files (x86)/atmel/studio/7.0/toolchain/arm/arm-gnu-toolchain/bin/../lib/gcc/arm-none-eabi/6.3.1/../../../../arm-none-eabi/lib/thumb/v7e-m\libc.a(lib_a-init.o)
                0x004033fc                __libc_init_array
 .text.memset   0x0040344c       0x9c c:/program files (x86)/atmel/studio/7.0/toolchain/arm/arm-gnu-toolchain/bin/../lib/gcc/arm-none-eabi/6.3.1/../../../../arm-none-eabi/lib/thumb/v7e-m\libc.a(lib_a-memset.o)
                0x0040344c                memset
 .text.sprintf  0x004034e8       0x4c c:/program files (x86)/atmel/studio/7.0/toolchain/arm/arm-gnu-toolchain/bin/../lib/gcc/arm-none-eabi/6.3.1/../../../../arm-none-eabi/lib/thumb/v7e-m\libc.a(lib_a-sprintf.o)
                0x004034e8                sprintf
 .text._svfprintf_r
                0x00403534     0x145c c:/program files (x86)/atmel/studio/7.0/toolchain/arm/arm-gnu-toolchain/bin/../lib/gcc/arm-none-eabi/6.3.1/../../../../arm-none-eabi/lib/thumb/v7e-m\libc.a(lib_a-svfprintf.o)
                0x00403534                _svfprintf_r
 .text.startup.register_fini
                0x00404990       0x14 c:/program files (x86)/atmel/studio/7.0/toolchain/arm/arm-gnu-toolchain/bin/../lib/gcc/arm-none-eabi/6.3.1/../../../../arm-none-eabi/lib/thumb/v7e-m\libc.a(lib_a-__call_atexit.o)
 .text.atexit   0x004049a4        0xc c:/program files (x86)/atmel/studio/7.0/toolchain/arm/arm-gnu-toolchain/bin/../lib/gcc/arm-none-eabi/6.3.1/../../../../arm-none-eabi/lib/thumb/v7e-m\libc.a(lib_a-atexit.o)
                0x004049a4                atexit
 .text.quorem   0x004049b0      0x128 c:/program files (x86)/atmel/studio/7.0/toolchain/arm/arm-gnu-toolchain/bin/../lib/gcc/arm-none-eabi/6.3.1/../../../../arm-none-eabi/lib/thumb/v7e-m\libc.a(lib_a-dtoa.o)
 .text._dtoa_r  0x00404ad8      0xe54 c:/program files (x86)/atmel/studio/7.0/toolchain/arm/arm-gnu-toolchain/bin/../lib/gcc/arm-none-eabi/6.3.1/../../../../arm-none-eabi/lib/thumb/v7e-m\libc.a(lib_a-dtoa.o)
                0x00404ad8                _dtoa_r
 .text.__libc_fini_array
                0x0040592c       0x34 c:/program files (x86)/atmel/studio/7.0/toolchain/arm/arm-gnu-toolchain/bin/../lib/gcc/arm-none-eabi/6.3.1/../../../../arm-none-eabi/lib/thumb/v7e-m\libc.a(lib_a-fini.o)
                0x0040592c                __libc_fini_array
 .text._localeconv_r
                0x00405960       0x1c c:/program files (x86)/atmel/studio/7.0/toolchain/arm/arm-gnu-toolchain/bin/../lib/gcc/arm-none-eabi/6.3.1/../../../../arm-none-eabi/lib/thumb/v7e-m\libc.a(lib_a-localeconv.o)
                0x00405960                _localeconv_r
 .text.__retarget_lock_acquire_recursive
                0x0040597c        0x4 c:/program files (x86)/atmel/studio/7.0/toolchain/arm/arm-gnu-toolchain/bin/../lib/gcc/arm-none-eabi/6.3.1/../../../../arm-none-eabi/lib/thumb/v7e-m\libc.a(lib_a-lock.o)
                0x0040597c                __retarget_lock_acquire_recursive
 .text.__retarget_lock_release_recursive
                0x00405980        0x4 c:/program files (x86)/atmel/studio/7.0/toolchain/arm/arm-gnu-toolchain/bin/../lib/gcc/arm-none-eabi/6.3.1/../../../../arm-none-eabi/lib/thumb/v7e-m\libc.a(lib_a-lock.o)
                0x00405980                __retarget_lock_release_recursive
 .text._malloc_r
                0x00405984      0x560 c:/program files (x86)/atmel/studio/7.0/toolchain/arm/arm-gnu-toolchain/bin/../lib/gcc/arm-none-eabi/6.3.1/../../../../arm-none-eabi/lib/thumb/v7e-m\libc.a(lib_a-mallocr.o)
                0x00405984                _malloc_r
 *fill*         0x00405ee4        0xc 
 .text          0x00405ef0       0xa0 c:/program files (x86)/atmel/studio/7.0/toolchain/arm/arm-gnu-toolchain/bin/../lib/gcc/arm-none-eabi/6.3.1/../../../../arm-none-eabi/lib/thumb/v7e-m\libc.a(lib_a-memchr.o)
                0x00405ef0                memchr
 .text          0x00405f90      0x134 c:/program files (x86)/atmel/studio/7.0/toolchain/arm/arm-gnu-toolchain/bin/../lib/gcc/arm-none-eabi/6.3.1/../../../../arm-none-eabi/lib/thumb/v7e-m\libc.a(lib_a-memcpy.o)
                0x00405f90                memcpy
 .text.__malloc_lock
                0x004060c4        0xc c:/program files (x86)/atmel/studio/7.0/toolchain/arm/arm-gnu-toolchain/bin/../lib/gcc/arm-none-eabi/6.3.1/../../../../arm-none-eabi/lib/thumb/v7e-m\libc.a(lib_a-mlock.o)
                0x004060c4                __malloc_lock
 .text.__malloc_unlock
                0x004060d0        0xc c:/program files (x86)/atmel/studio/7.0/toolchain/arm/arm-gnu-toolchain/bin/../lib/gcc/arm-none-eabi/6.3.1/../../../../arm-none-eabi/lib/thumb/v7e-m\libc.a(lib_a-mlock.o)
                0x004060d0                __malloc_unlock
 .text._Balloc  0x004060dc       0x4c c:/program files (x86)/atmel/studio/7.0/toolchain/arm/arm-gnu-toolchain/bin/../lib/gcc/arm-none-eabi/6.3.1/../../../../arm-none-eabi/lib/thumb/v7e-m\libc.a(lib_a-mprec.o)
                0x004060dc                _Balloc
 .text._Bfree   0x00406128       0x14 c:/program files (x86)/atmel/studio/7.0/toolchain/arm/arm-gnu-toolchain/bin/../lib/gcc/arm-none-eabi/6.3.1/../../../../arm-none-eabi/lib/thumb/v7e-m\libc.a(lib_a-mprec.o)
                0x00406128                _Bfree
 .text.__multadd
                0x0040613c       0x80 c:/program files (x86)/atmel/studio/7.0/toolchain/arm/arm-gnu-toolchain/bin/../lib/gcc/arm-none-eabi/6.3.1/../../../../arm-none-eabi/lib/thumb/v7e-m\libc.a(lib_a-mprec.o)
                0x0040613c                __multadd
 .text.__hi0bits
                0x004061bc       0x40 c:/program files (x86)/atmel/studio/7.0/toolchain/arm/arm-gnu-toolchain/bin/../lib/gcc/arm-none-eabi/6.3.1/../../../../arm-none-eabi/lib/thumb/v7e-m\libc.a(lib_a-mprec.o)
                0x004061bc                __hi0bits
 .text.__lo0bits
                0x004061fc       0x60 c:/program files (x86)/atmel/studio/7.0/toolchain/arm/arm-gnu-toolchain/bin/../lib/gcc/arm-none-eabi/6.3.1/../../../../arm-none-eabi/lib/thumb/v7e-m\libc.a(lib_a-mprec.o)
                0x004061fc                __lo0bits
 .text.__i2b    0x0040625c       0x14 c:/program files (x86)/atmel/studio/7.0/toolchain/arm/arm-gnu-toolchain/bin/../lib/gcc/arm-none-eabi/6.3.1/../../../../arm-none-eabi/lib/thumb/v7e-m\libc.a(lib_a-mprec.o)
                0x0040625c                __i2b
 .text.__multiply
                0x00406270      0x124 c:/program files (x86)/atmel/studio/7.0/toolchain/arm/arm-gnu-toolchain/bin/../lib/gcc/arm-none-eabi/6.3.1/../../../../arm-none-eabi/lib/thumb/v7e-m\libc.a(lib_a-mprec.o)
                0x00406270                __multiply
 .text.__pow5mult
                0x00406394       0xa0 c:/program files (x86)/atmel/studio/7.0/toolchain/arm/arm-gnu-toolchain/bin/../lib/gcc/arm-none-eabi/6.3.1/../../../../arm-none-eabi/lib/thumb/v7e-m\libc.a(lib_a-mprec.o)
                0x00406394                __pow5mult
 .text.__lshift
                0x00406434       0xa4 c:/program files (x86)/atmel/studio/7.0/toolchain/arm/arm-gnu-toolchain/bin/../lib/gcc/arm-none-eabi/6.3.1/../../../../arm-none-eabi/lib/thumb/v7e-m\libc.a(lib_a-mprec.o)
                0x00406434                __lshift
 .text.__mcmp   0x004064d8       0x38 c:/program files (x86)/atmel/studio/7.0/toolchain/arm/arm-gnu-toolchain/bin/../lib/gcc/arm-none-eabi/6.3.1/../../../../arm-none-eabi/lib/thumb/v7e-m\libc.a(lib_a-mprec.o)
                0x004064d8                __mcmp
 .text.__mdiff  0x00406510      0x108 c:/program files (x86)/atmel/studio/7.0/toolchain/arm/arm-gnu-toolchain/bin/../lib/gcc/arm-none-eabi/6.3.1/../../../../arm-none-eabi/lib/thumb/v7e-m\libc.a(lib_a-mprec.o)
                0x00406510                __mdiff
 .text.__d2b    0x00406618       0xb8 c:/program files (x86)/atmel/studio/7.0/toolchain/arm/arm-gnu-toolchain/bin/../lib/gcc/arm-none-eabi/6.3.1/../../../../arm-none-eabi/lib/thumb/v7e-m\libc.a(lib_a-mprec.o)
                0x00406618                __d2b
 .text._sbrk_r  0x004066d0       0x24 c:/program files (x86)/atmel/studio/7.0/toolchain/arm/arm-gnu-toolchain/bin/../lib/gcc/arm-none-eabi/6.3.1/../../../../arm-none-eabi/lib/thumb/v7e-m\libc.a(lib_a-sbrkr.o)
                0x004066d0                _sbrk_r
 *fill*         0x004066f4        0xc 
 .text          0x00406700       0xdc c:/program files (x86)/atmel/studio/7.0/toolchain/arm/arm-gnu-toolchain/bin/../lib/gcc/arm-none-eabi/6.3.1/../../../../arm-none-eabi/lib/thumb/v7e-m\libc.a(lib_a-strlen.o)
                0x00406700                strlen
 .text.__ssprint_r
                0x004067dc       0xfc c:/program files (x86)/atmel/studio/7.0/toolchain/arm/arm-gnu-toolchain/bin/../lib/gcc/arm-none-eabi/6.3.1/../../../../arm-none-eabi/lib/thumb/v7e-m\libc.a(lib_a-svfiprintf.o)
                0x004067dc                __ssprint_r
 .text.__register_exitproc
                0x004068d8       0xc4 c:/program files (x86)/atmel/studio/7.0/toolchain/arm/arm-gnu-toolchain/bin/../lib/gcc/arm-none-eabi/6.3.1/../../../../arm-none-eabi/lib/thumb/v7e-m\libc.a(lib_a-__atexit.o)
                0x004068d8                __register_exitproc
 .text._calloc_r
                0x0040699c       0x60 c:/program files (x86)/atmel/studio/7.0/toolchain/arm/arm-gnu-toolchain/bin/../lib/gcc/arm-none-eabi/6.3.1/../../../../arm-none-eabi/lib/thumb/v7e-m\libc.a(lib_a-callocr.o)
                0x0040699c                _calloc_r
 .text._malloc_trim_r
                0x004069fc       0xa0 c:/program files (x86)/atmel/studio/7.0/toolchain/arm/arm-gnu-toolchain/bin/../lib/gcc/arm-none-eabi/6.3.1/../../../../arm-none-eabi/lib/thumb/v7e-m\libc.a(lib_a-freer.o)
                0x004069fc                _malloc_trim_r
 .text._free_r  0x00406a9c      0x1cc c:/program files (x86)/atmel/studio/7.0/toolchain/arm/arm-gnu-toolchain/bin/../lib/gcc/arm-none-eabi/6.3.1/../../../../arm-none-eabi/lib/thumb/v7e-m\libc.a(lib_a-freer.o)
                0x00406a9c                _free_r
 .text.__ascii_mbtowc
                0x00406c68       0x2c c:/program files (x86)/atmel/studio/7.0/toolchain/arm/arm-gnu-toolchain/bin/../lib/gcc/arm-none-eabi/6.3.1/../../../../arm-none-eabi/lib/thumb/v7e-m\libc.a(lib_a-mbtowc_r.o)
                0x00406c68                __ascii_mbtowc
 .text.memmove  0x00406c94       0xc8 c:/program files (x86)/atmel/studio/7.0/toolchain/arm/arm-gnu-toolchain/bin/../lib/gcc/arm-none-eabi/6.3.1/../../../../arm-none-eabi/lib/thumb/v7e-m\libc.a(lib_a-memmove.o)
                0x00406c94                memmove
 .text._realloc_r
                0x00406d5c      0x34c c:/program files (x86)/atmel/studio/7.0/toolchain/arm/arm-gnu-toolchain/bin/../lib/gcc/arm-none-eabi/6.3.1/../../../../arm-none-eabi/lib/thumb/v7e-m\libc.a(lib_a-reallocr.o)
                0x00406d5c                _realloc_r
 .text.__ascii_wctomb
                0x004070a8       0x1c c:/program files (x86)/atmel/studio/7.0/toolchain/arm/arm-gnu-toolchain/bin/../lib/gcc/arm-none-eabi/6.3.1/../../../../arm-none-eabi/lib/thumb/v7e-m\libc.a(lib_a-wctomb_r.o)
                0x004070a8                __ascii_wctomb
 .text          0x004070c4      0x370 c:/program files (x86)/atmel/studio/7.0/toolchain/arm/arm-gnu-toolchain/bin/../lib/gcc/arm-none-eabi/6.3.1/thumb/v7e-m\libgcc.a(_arm_addsubdf3.o)
                0x004070c4                __aeabi_drsub
                0x004070cc                __aeabi_dsub
                0x004070cc                __subdf3
                0x004070d0                __aeabi_dadd
                0x004070d0                __adddf3
                0x00407348                __floatunsidf
                0x00407348                __aeabi_ui2d
                0x00407368                __floatsidf
                0x00407368                __aeabi_i2d
                0x0040738c                __aeabi_f2d
                0x0040738c                __extendsfdf2
                0x004073c8                __floatundidf
                0x004073c8                __aeabi_ul2d
                0x004073d8                __floatdidf
                0x004073d8                __aeabi_l2d
 .text          0x00407434      0x424 c:/program files (x86)/atmel/studio/7.0/toolchain/arm/arm-gnu-toolchain/bin/../lib/gcc/arm-none-eabi/6.3.1/thumb/v7e-m\libgcc.a(_arm_muldivdf3.o)
                0x00407434                __aeabi_dmul
                0x00407434                __muldf3
                0x00407688                __divdf3
                0x00407688                __aeabi_ddiv
 .text          0x00407858      0x110 c:/program files (x86)/atmel/studio/7.0/toolchain/arm/arm-gnu-toolchain/bin/../lib/gcc/arm-none-eabi/6.3.1/thumb/v7e-m\libgcc.a(_arm_cmpdf2.o)
                0x00407858                __gtdf2
                0x00407858                __gedf2
                0x00407860                __ltdf2
                0x00407860                __ledf2
                0x00407868                __nedf2
                0x00407868                __eqdf2
                0x00407868                __cmpdf2
                0x004078e4                __aeabi_cdrcmple
                0x004078f4                __aeabi_cdcmpeq
                0x004078f4                __aeabi_cdcmple
                0x00407904                __aeabi_dcmpeq
                0x00407918                __aeabi_dcmplt
                0x0040792c                __aeabi_dcmple
                0x00407940                __aeabi_dcmpge
                0x00407954                __aeabi_dcmpgt
 .text          0x00407968       0x2c c:/program files (x86)/atmel/studio/7.0/toolchain/arm/arm-gnu-toolchain/bin/../lib/gcc/arm-none-eabi/6.3.1/thumb/v7e-m\libgcc.a(_arm_unorddf2.o)
                0x00407968                __unorddf2
                0x00407968                __aeabi_dcmpun
 .text          0x00407994       0x50 c:/program files (x86)/atmel/studio/7.0/toolchain/arm/arm-gnu-toolchain/bin/../lib/gcc/arm-none-eabi/6.3.1/thumb/v7e-m\libgcc.a(_arm_fixdfsi.o)
                0x00407994                __aeabi_d2iz
                0x00407994                __fixdfsi
 .text          0x004079e4       0x30 c:/program files (x86)/atmel/studio/7.0/toolchain/arm/arm-gnu-toolchain/bin/../lib/gcc/arm-none-eabi/6.3.1/thumb/v7e-m\libgcc.a(_aeabi_uldivmod.o)
                0x004079e4                __aeabi_uldivmod
 .text          0x00407a14      0x2dc c:/program files (x86)/atmel/studio/7.0/toolchain/arm/arm-gnu-toolchain/bin/../lib/gcc/arm-none-eabi/6.3.1/thumb/v7e-m\libgcc.a(_udivmoddi4.o)
                0x00407a14                __udivmoddi4
 .text          0x00407cf0        0x4 c:/program files (x86)/atmel/studio/7.0/toolchain/arm/arm-gnu-toolchain/bin/../lib/gcc/arm-none-eabi/6.3.1/thumb/v7e-m\libgcc.a(_dvmd_tls.o)
                0x00407cf0                __aeabi_idiv0
                0x00407cf0                __aeabi_ldiv0
 *(.glue_7t)
 .glue_7t       0x00407cf4        0x0 linker stubs
 *(.glue_7)
 .glue_7        0x00407cf4        0x0 linker stubs
 *(.rodata .rodata* .gnu.linkonce.r.*)
 .rodata.image_data_calibri_36_0x20
                0x00407cf4      0x378 src/main.o
 .rodata.calibri_36_0x20
                0x0040806c       0x10 src/main.o
 .rodata.image_data_calibri_36_0x21
                0x0040807c      0x534 src/main.o
 .rodata.calibri_36_0x21
                0x004085b0       0x10 src/main.o
 .rodata.image_data_calibri_36_0x22
                0x004085c0      0x612 src/main.o
 *fill*         0x00408bd2        0x2 
 .rodata.calibri_36_0x22
                0x00408bd4       0x10 src/main.o
 .rodata.image_data_calibri_36_0x23
                0x00408be4      0x7ce src/main.o
 *fill*         0x004093b2        0x2 
 .rodata.calibri_36_0x23
                0x004093b4       0x10 src/main.o
 .rodata.image_data_calibri_36_0x24
                0x004093c4      0x7ce src/main.o
 *fill*         0x00409b92        0x2 
 .rodata.calibri_36_0x24
                0x00409b94       0x10 src/main.o
 .rodata.image_data_calibri_36_0x25
                0x00409ba4      0xb46 src/main.o
 *fill*         0x0040a6ea        0x2 
 .rodata.calibri_36_0x25
                0x0040a6ec       0x10 src/main.o
 .rodata.image_data_calibri_36_0x26
                0x0040a6fc      0xad7 src/main.o
 *fill*         0x0040b1d3        0x1 
 .rodata.calibri_36_0x26
                0x0040b1d4       0x10 src/main.o
 .rodata.image_data_calibri_36_0x27
                0x0040b1e4      0x378 src/main.o
 .rodata.calibri_36_0x27
                0x0040b55c       0x10 src/main.o
 .rodata.image_data_calibri_36_0x28
                0x0040b56c      0x4c5 src/main.o
 *fill*         0x0040ba31        0x3 
 .rodata.calibri_36_0x28
                0x0040ba34       0x10 src/main.o
 .rodata.image_data_calibri_36_0x29
                0x0040ba44      0x4c5 src/main.o
 *fill*         0x0040bf09        0x3 
 .rodata.calibri_36_0x29
                0x0040bf0c       0x10 src/main.o
 .rodata.image_data_calibri_36_0x2a
                0x0040bf1c      0x7ce src/main.o
 *fill*         0x0040c6ea        0x2 
 .rodata.calibri_36_0x2a
                0x0040c6ec       0x10 src/main.o
 .rodata.image_data_calibri_36_0x2b
                0x0040c6fc      0x7ce src/main.o
 *fill*         0x0040ceca        0x2 
 .rodata.calibri_36_0x2b
                0x0040cecc       0x10 src/main.o
 .rodata.image_data_calibri_36_0x2c
                0x0040cedc      0x3e7 src/main.o
 *fill*         0x0040d2c3        0x1 
 .rodata.calibri_36_0x2c
                0x0040d2c4       0x10 src/main.o
 .rodata.image_data_calibri_36_0x2d
                0x0040d2d4      0x4c5 src/main.o
 *fill*         0x0040d799        0x3 
 .rodata.calibri_36_0x2d
                0x0040d79c       0x10 src/main.o
 .rodata.image_data_calibri_36_0x2e
                0x0040d7ac      0x3e7 src/main.o
 *fill*         0x0040db93        0x1 
 .rodata.calibri_36_0x2e
                0x0040db94       0x10 src/main.o
 .rodata.image_data_calibri_36_0x2f
                0x0040dba4      0x612 src/main.o
 *fill*         0x0040e1b6        0x2 
 .rodata.calibri_36_0x2f
                0x0040e1b8       0x10 src/main.o
 .rodata.image_data_calibri_36_0x30
                0x0040e1c8      0x7ce src/main.o
 *fill*         0x0040e996        0x2 
 .rodata.calibri_36_0x30
                0x0040e998       0x10 src/main.o
 .rodata.image_data_calibri_36_0x31
                0x0040e9a8      0x7ce src/main.o
 *fill*         0x0040f176        0x2 
 .rodata.calibri_36_0x31
                0x0040f178       0x10 src/main.o
 .rodata.image_data_calibri_36_0x32
                0x0040f188      0x7ce src/main.o
 *fill*         0x0040f956        0x2 
 .rodata.calibri_36_0x32
                0x0040f958       0x10 src/main.o
 .rodata.image_data_calibri_36_0x33
                0x0040f968      0x7ce src/main.o
 *fill*         0x00410136        0x2 
 .rodata.calibri_36_0x33
                0x00410138       0x10 src/main.o
 .rodata.image_data_calibri_36_0x34
                0x00410148      0x7ce src/main.o
 *fill*         0x00410916        0x2 
 .rodata.calibri_36_0x34
                0x00410918       0x10 src/main.o
 .rodata.image_data_calibri_36_0x35
                0x00410928      0x7ce src/main.o
 *fill*         0x004110f6        0x2 
 .rodata.calibri_36_0x35
                0x004110f8       0x10 src/main.o
 .rodata.image_data_calibri_36_0x36
                0x00411108      0x7ce src/main.o
 *fill*         0x004118d6        0x2 
 .rodata.calibri_36_0x36
                0x004118d8       0x10 src/main.o
 .rodata.image_data_calibri_36_0x37
                0x004118e8      0x7ce src/main.o
 *fill*         0x004120b6        0x2 
 .rodata.calibri_36_0x37
                0x004120b8       0x10 src/main.o
 .rodata.image_data_calibri_36_0x38
                0x004120c8      0x7ce src/main.o
 *fill*         0x00412896        0x2 
 .rodata.calibri_36_0x38
                0x00412898       0x10 src/main.o
 .rodata.image_data_calibri_36_0x39
                0x004128a8      0x7ce src/main.o
 *fill*         0x00413076        0x2 
 .rodata.calibri_36_0x39
                0x00413078       0x10 src/main.o
 .rodata.image_data_calibri_36_0x3a
                0x00413088      0x456 src/main.o
 *fill*         0x004134de        0x2 
 .rodata.calibri_36_0x3a
                0x004134e0       0x10 src/main.o
 .rodata.image_data_calibri_36_0x3b
                0x004134f0      0x456 src/main.o
 *fill*         0x00413946        0x2 
 .rodata.calibri_36_0x3b
                0x00413948       0x10 src/main.o
 .rodata.image_data_calibri_36_0x3c
                0x00413958      0x7ce src/main.o
 *fill*         0x00414126        0x2 
 .rodata.calibri_36_0x3c
                0x00414128       0x10 src/main.o
 .rodata.image_data_calibri_36_0x3d
                0x00414138      0x7ce src/main.o
 *fill*         0x00414906        0x2 
 .rodata.calibri_36_0x3d
                0x00414908       0x10 src/main.o
 .rodata.image_data_calibri_36_0x3e
                0x00414918      0x7ce src/main.o
 *fill*         0x004150e6        0x2 
 .rodata.calibri_36_0x3e
                0x004150e8       0x10 src/main.o
 .rodata.image_data_calibri_36_0x3f
                0x004150f8      0x75f src/main.o
 *fill*         0x00415857        0x1 
 .rodata.calibri_36_0x3f
                0x00415858       0x10 src/main.o
 .rodata.image_data_calibri_36_0x40
                0x00415868      0xde0 src/main.o
 .rodata.calibri_36_0x40
                0x00416648       0x10 src/main.o
 .rodata.image_data_calibri_36_0x41
                0x00416658      0x91b src/main.o
 *fill*         0x00416f73        0x1 
 .rodata.calibri_36_0x41
                0x00416f74       0x10 src/main.o
 .rodata.image_data_calibri_36_0x42
                0x00416f84      0x8ac src/main.o
 .rodata.calibri_36_0x42
                0x00417830       0x10 src/main.o
 .rodata.image_data_calibri_36_0x43
                0x00417840      0x83d src/main.o
 *fill*         0x0041807d        0x3 
 .rodata.calibri_36_0x43
                0x00418080       0x10 src/main.o
 .rodata.image_data_calibri_36_0x44
                0x00418090      0x98a src/main.o
 *fill*         0x00418a1a        0x2 
 .rodata.calibri_36_0x44
                0x00418a1c       0x10 src/main.o
 .rodata.image_data_calibri_36_0x45
                0x00418a2c      0x7ce src/main.o
 *fill*         0x004191fa        0x2 
 .rodata.calibri_36_0x45
                0x004191fc       0x10 src/main.o
 .rodata.image_data_calibri_36_0x46
                0x0041920c      0x75f src/main.o
 *fill*         0x0041996b        0x1 
 .rodata.calibri_36_0x46
                0x0041996c       0x10 src/main.o
 .rodata.image_data_calibri_36_0x47
                0x0041997c      0x9f9 src/main.o
 *fill*         0x0041a375        0x3 
 .rodata.calibri_36_0x47
                0x0041a378       0x10 src/main.o
 .rodata.image_data_calibri_36_0x48
                0x0041a388      0x98a src/main.o
 *fill*         0x0041ad12        0x2 
 .rodata.calibri_36_0x48
                0x0041ad14       0x10 src/main.o
 .rodata.image_data_calibri_36_0x49
                0x0041ad24      0x3e7 src/main.o
 *fill*         0x0041b10b        0x1 
 .rodata.calibri_36_0x49
                0x0041b10c       0x10 src/main.o
 .rodata.image_data_calibri_36_0x4a
                0x0041b11c      0x4c5 src/main.o
 *fill*         0x0041b5e1        0x3 
 .rodata.calibri_36_0x4a
                0x0041b5e4       0x10 src/main.o
 .rodata.image_data_calibri_36_0x4b
                0x0041b5f4      0x83d src/main.o
 *fill*         0x0041be31        0x3 
 .rodata.calibri_36_0x4b
                0x0041be34       0x10 src/main.o
 .rodata.image_data_calibri_36_0x4c
                0x0041be44      0x681 src/main.o
 *fill*         0x0041c4c5        0x3 
 .rodata.calibri_36_0x4c
                0x0041c4c8       0x10 src/main.o
 .rodata.image_data_calibri_36_0x4d
                0x0041c4d8      0xd71 src/main.o
 *fill*         0x0041d249        0x3 
 .rodata.calibri_36_0x4d
                0x0041d24c       0x10 src/main.o
 .rodata.image_data_calibri_36_0x4e
                0x0041d25c      0x9f9 src/main.o
 *fill*         0x0041dc55        0x3 
 .rodata.calibri_36_0x4e
                0x0041dc58       0x10 src/main.o
 .rodata.image_data_calibri_36_0x4f
                0x0041dc68      0xa68 src/main.o
 .rodata.calibri_36_0x4f
                0x0041e6d0       0x10 src/main.o
 .rodata.image_data_calibri_36_0x50
                0x0041e6e0      0x83d src/main.o
 *fill*         0x0041ef1d        0x3 
 .rodata.calibri_36_0x50
                0x0041ef20       0x10 src/main.o
 .rodata.image_data_calibri_36_0x51
                0x0041ef30      0xad7 src/main.o
 *fill*         0x0041fa07        0x1 
 .rodata.calibri_36_0x51
                0x0041fa08       0x10 src/main.o
 .rodata.image_data_calibri_36_0x52
                0x0041fa18      0x8ac src/main.o
 .rodata.calibri_36_0x52
                0x004202c4       0x10 src/main.o
 .rodata.image_data_calibri_36_0x53
                0x004202d4      0x75f src/main.o
 *fill*         0x00420a33        0x1 
 .rodata.calibri_36_0x53
                0x00420a34       0x10 src/main.o
 .rodata.image_data_calibri_36_0x54
                0x00420a44      0x7ce src/main.o
 *fill*         0x00421212        0x2 
 .rodata.calibri_36_0x54
                0x00421214       0x10 src/main.o
 .rodata.image_data_calibri_36_0x55
                0x00421224      0x9f9 src/main.o
 *fill*         0x00421c1d        0x3 
 .rodata.calibri_36_0x55
                0x00421c20       0x10 src/main.o
 .rodata.image_data_calibri_36_0x56
                0x00421c30      0x8ac src/main.o
 .rodata.calibri_36_0x56
                0x004224dc       0x10 src/main.o
 .rodata.image_data_calibri_36_0x57
                0x004224ec      0xde0 src/main.o
 .rodata.calibri_36_0x57
                0x004232cc       0x10 src/main.o
 .rodata.image_data_calibri_36_0x58
                0x004232dc      0x83d src/main.o
 *fill*         0x00423b19        0x3 
 .rodata.calibri_36_0x58
                0x00423b1c       0x10 src/main.o
 .rodata.image_data_calibri_36_0x59
                0x00423b2c      0x7ce src/main.o
 *fill*         0x004242fa        0x2 
 .rodata.calibri_36_0x59
                0x004242fc       0x10 src/main.o
 .rodata.image_data_calibri_36_0x5a
                0x0042430c      0x75f src/main.o
 *fill*         0x00424a6b        0x1 
 .rodata.calibri_36_0x5a
                0x00424a6c       0x10 src/main.o
 .rodata.image_data_calibri_36_0x5b
                0x00424a7c      0x4c5 src/main.o
 *fill*         0x00424f41        0x3 
 .rodata.calibri_36_0x5b
                0x00424f44       0x10 src/main.o
 .rodata.image_data_calibri_36_0x5c
                0x00424f54      0x612 src/main.o
 *fill*         0x00425566        0x2 
 .rodata.calibri_36_0x5c
                0x00425568       0x10 src/main.o
 .rodata.image_data_calibri_36_0x5d
                0x00425578      0x4c5 src/main.o
 *fill*         0x00425a3d        0x3 
 .rodata.calibri_36_0x5d
                0x00425a40       0x10 src/main.o
 .rodata.image_data_calibri_36_0x5e
                0x00425a50      0x7ce src/main.o
 *fill*         0x0042621e        0x2 
 .rodata.calibri_36_0x5e
                0x00426220       0x10 src/main.o
 .rodata.image_data_calibri_36_0x5f
                0x00426230      0x7ce src/main.o
 *fill*         0x004269fe        0x2 
 .rodata.calibri_36_0x5f
                0x00426a00       0x10 src/main.o
 .rodata.image_data_calibri_36_0x60
                0x00426a10      0x456 src/main.o
 *fill*         0x00426e66        0x2 
 .rodata.calibri_36_0x60
                0x00426e68       0x10 src/main.o
 .rodata.image_data_calibri_36_0x61
                0x00426e78      0x75f src/main.o
 *fill*         0x004275d7        0x1 
 .rodata.calibri_36_0x61
                0x004275d8       0x10 src/main.o
 .rodata.image_data_calibri_36_0x62
                0x004275e8      0x83d src/main.o
 *fill*         0x00427e25        0x3 
 .rodata.calibri_36_0x62
                0x00427e28       0x10 src/main.o
 .rodata.image_data_calibri_36_0x63
                0x00427e38      0x681 src/main.o
 *fill*         0x004284b9        0x3 
 .rodata.calibri_36_0x63
                0x004284bc       0x10 src/main.o
 .rodata.image_data_calibri_36_0x64
                0x004284cc      0x83d src/main.o
 *fill*         0x00428d09        0x3 
 .rodata.calibri_36_0x64
                0x00428d0c       0x10 src/main.o
 .rodata.image_data_calibri_36_0x65
                0x00428d1c      0x7ce src/main.o
 *fill*         0x004294ea        0x2 
 .rodata.calibri_36_0x65
                0x004294ec       0x10 src/main.o
 .rodata.image_data_calibri_36_0x66
                0x004294fc      0x4c5 src/main.o
 *fill*         0x004299c1        0x3 
 .rodata.calibri_36_0x66
                0x004299c4       0x10 src/main.o
 .rodata.image_data_calibri_36_0x67
                0x004299d4      0x75f src/main.o
 *fill*         0x0042a133        0x1 
 .rodata.calibri_36_0x67
                0x0042a134       0x10 src/main.o
 .rodata.image_data_calibri_36_0x68
                0x0042a144      0x83d src/main.o
 *fill*         0x0042a981        0x3 
 .rodata.calibri_36_0x68
                0x0042a984       0x10 src/main.o
 .rodata.image_data_calibri_36_0x69
                0x0042a994      0x378 src/main.o
 .rodata.calibri_36_0x69
                0x0042ad0c       0x10 src/main.o
 .rodata.image_data_calibri_36_0x6a
                0x0042ad1c      0x3e7 src/main.o
 *fill*         0x0042b103        0x1 
 .rodata.calibri_36_0x6a
                0x0042b104       0x10 src/main.o
 .rodata.image_data_calibri_36_0x6b
                0x0042b114      0x6f0 src/main.o
 .rodata.calibri_36_0x6b
                0x0042b804       0x10 src/main.o
 .rodata.image_data_calibri_36_0x6c
                0x0042b814      0x378 src/main.o
 .rodata.calibri_36_0x6c
                0x0042bb8c       0x10 src/main.o
 .rodata.image_data_calibri_36_0x6d
                0x0042bb9c      0xc93 src/main.o
 *fill*         0x0042c82f        0x1 
 .rodata.calibri_36_0x6d
                0x0042c830       0x10 src/main.o
 .rodata.image_data_calibri_36_0x6e
                0x0042c840      0x83d src/main.o
 *fill*         0x0042d07d        0x3 
 .rodata.calibri_36_0x6e
                0x0042d080       0x10 src/main.o
 .rodata.image_data_calibri_36_0x6f
                0x0042d090      0x83d src/main.o
 *fill*         0x0042d8cd        0x3 
 .rodata.calibri_36_0x6f
                0x0042d8d0       0x10 src/main.o
 .rodata.image_data_calibri_36_0x70
                0x0042d8e0      0x83d src/main.o
 *fill*         0x0042e11d        0x3 
 .rodata.calibri_36_0x70
                0x0042e120       0x10 src/main.o
 .rodata.image_data_calibri_36_0x71
                0x0042e130      0x83d src/main.o
 *fill*         0x0042e96d        0x3 
 .rodata.calibri_36_0x71
                0x0042e970       0x10 src/main.o
 .rodata.image_data_calibri_36_0x72
                0x0042e980      0x5a3 src/main.o
 *fill*         0x0042ef23        0x1 
 .rodata.calibri_36_0x72
                0x0042ef24       0x10 src/main.o
 .rodata.image_data_calibri_36_0x73
                0x0042ef34      0x612 src/main.o
 *fill*         0x0042f546        0x2 
 .rodata.calibri_36_0x73
                0x0042f548       0x10 src/main.o
 .rodata.image_data_calibri_36_0x74
                0x0042f558      0x534 src/main.o
 .rodata.calibri_36_0x74
                0x0042fa8c       0x10 src/main.o
 .rodata.image_data_calibri_36_0x75
                0x0042fa9c      0x83d src/main.o
 *fill*         0x004302d9        0x3 
 .rodata.calibri_36_0x75
                0x004302dc       0x10 src/main.o
 .rodata.image_data_calibri_36_0x76
                0x004302ec      0x6f0 src/main.o
 .rodata.calibri_36_0x76
                0x004309dc       0x10 src/main.o
 .rodata.image_data_calibri_36_0x77
                0x004309ec      0xb46 src/main.o
 *fill*         0x00431532        0x2 
 .rodata.calibri_36_0x77
                0x00431534       0x10 src/main.o
 .rodata.image_data_calibri_36_0x78
                0x00431544      0x6f0 src/main.o
 .rodata.calibri_36_0x78
                0x00431c34       0x10 src/main.o
 .rodata.image_data_calibri_36_0x79
                0x00431c44      0x6f0 src/main.o
 .rodata.calibri_36_0x79
                0x00432334       0x10 src/main.o
 .rodata.image_data_calibri_36_0x7a
                0x00432344      0x612 src/main.o
 *fill*         0x00432956        0x2 
 .rodata.calibri_36_0x7a
                0x00432958       0x10 src/main.o
 .rodata.image_data_calibri_36_0x7b
                0x00432968      0x4c5 src/main.o
 *fill*         0x00432e2d        0x3 
 .rodata.calibri_36_0x7b
                0x00432e30       0x10 src/main.o
 .rodata.image_data_calibri_36_0x7c
                0x00432e40      0x75f src/main.o
 *fill*         0x0043359f        0x1 
 .rodata.calibri_36_0x7c
                0x004335a0       0x10 src/main.o
 .rodata.image_data_calibri_36_0x7d
                0x004335b0      0x4c5 src/main.o
 *fill*         0x00433a75        0x3 
 .rodata.calibri_36_0x7d
                0x00433a78       0x10 src/main.o
 .rodata.image_data_calibri_36_0x7e
                0x00433a88      0x7ce src/main.o
 *fill*         0x00434256        0x2 
 .rodata.calibri_36_0x7e
                0x00434258       0x10 src/main.o
 .rodata.calibri_36_array
                0x00434268      0x2f8 src/main.o
 .rodata.calibri_36
                0x00434560        0xc src/main.o
                0x00434560                calibri_36
 .rodata        0x0043456c       0x44 src/main.o
 .rodata._global_impure_ptr
                0x004345b0        0x4 c:/program files (x86)/atmel/studio/7.0/toolchain/arm/arm-gnu-toolchain/bin/../lib/gcc/arm-none-eabi/6.3.1/../../../../arm-none-eabi/lib/thumb/v7e-m\libc.a(lib_a-impure.o)
                0x004345b0                _global_impure_ptr
 .rodata._svfprintf_r.str1.4
                0x004345b4       0x42 c:/program files (x86)/atmel/studio/7.0/toolchain/arm/arm-gnu-toolchain/bin/../lib/gcc/arm-none-eabi/6.3.1/../../../../arm-none-eabi/lib/thumb/v7e-m\libc.a(lib_a-svfprintf.o)
 *fill*         0x004345f6        0x2 
 .rodata.blanks.7223
                0x004345f8       0x10 c:/program files (x86)/atmel/studio/7.0/toolchain/arm/arm-gnu-toolchain/bin/../lib/gcc/arm-none-eabi/6.3.1/../../../../arm-none-eabi/lib/thumb/v7e-m\libc.a(lib_a-svfprintf.o)
 .rodata.zeroes.7224
                0x00434608       0x10 c:/program files (x86)/atmel/studio/7.0/toolchain/arm/arm-gnu-toolchain/bin/../lib/gcc/arm-none-eabi/6.3.1/../../../../arm-none-eabi/lib/thumb/v7e-m\libc.a(lib_a-svfprintf.o)
 .rodata._dtoa_r.str1.4
                0x00434618       0x10 c:/program files (x86)/atmel/studio/7.0/toolchain/arm/arm-gnu-toolchain/bin/../lib/gcc/arm-none-eabi/6.3.1/../../../../arm-none-eabi/lib/thumb/v7e-m\libc.a(lib_a-dtoa.o)
                                 0x12 (size before relaxing)
 .rodata.__mprec_bigtens
                0x00434628       0x28 c:/program files (x86)/atmel/studio/7.0/toolchain/arm/arm-gnu-toolchain/bin/../lib/gcc/arm-none-eabi/6.3.1/../../../../arm-none-eabi/lib/thumb/v7e-m\libc.a(lib_a-mprec.o)
                0x00434628                __mprec_bigtens
 .rodata.__mprec_tens
                0x00434650       0xc8 c:/program files (x86)/atmel/studio/7.0/toolchain/arm/arm-gnu-toolchain/bin/../lib/gcc/arm-none-eabi/6.3.1/../../../../arm-none-eabi/lib/thumb/v7e-m\libc.a(lib_a-mprec.o)
                0x00434650                __mprec_tens
 .rodata.p05.6055
                0x00434718        0xc c:/program files (x86)/atmel/studio/7.0/toolchain/arm/arm-gnu-toolchain/bin/../lib/gcc/arm-none-eabi/6.3.1/../../../../arm-none-eabi/lib/thumb/v7e-m\libc.a(lib_a-mprec.o)
 .rodata._setlocale_r.str1.4
                0x00434724        0xa c:/program files (x86)/atmel/studio/7.0/toolchain/arm/arm-gnu-toolchain/bin/../lib/gcc/arm-none-eabi/6.3.1/../../../../arm-none-eabi/lib/thumb/v7e-m\libc.a(lib_a-locale.o)
                                  0xd (size before relaxing)
 *fill*         0x0043472e        0x2 
 .rodata.str1.4
                0x00434730        0x4 c:/program files (x86)/atmel/studio/7.0/toolchain/arm/arm-gnu-toolchain/bin/../lib/gcc/arm-none-eabi/6.3.1/../../../../arm-none-eabi/lib/thumb/v7e-m\libc.a(lib_a-locale.o)
                                  0x2 (size before relaxing)
 .rodata._ctype_
                0x00434734      0x101 c:/program files (x86)/atmel/studio/7.0/toolchain/arm/arm-gnu-toolchain/bin/../lib/gcc/arm-none-eabi/6.3.1/../../../../arm-none-eabi/lib/thumb/v7e-m\libc.a(lib_a-ctype_.o)
                0x00434734                _ctype_
 *(.ARM.extab* .gnu.linkonce.armextab.*)
                0x00434838                . = ALIGN (0x4)
 *fill*         0x00434835        0x3 
 *(.init)
 .init          0x00434838        0x4 c:/program files (x86)/atmel/studio/7.0/toolchain/arm/arm-gnu-toolchain/bin/../lib/gcc/arm-none-eabi/6.3.1/thumb/v7e-m/crti.o
                0x00434838                _init
 .init          0x0043483c        0x8 c:/program files (x86)/atmel/studio/7.0/toolchain/arm/arm-gnu-toolchain/bin/../lib/gcc/arm-none-eabi/6.3.1/thumb/v7e-m/crtn.o
                0x00434844                . = ALIGN (0x4)
                0x00434844                __preinit_array_start = .
 *(.preinit_array)
                0x00434844                __preinit_array_end = .
                0x00434844                . = ALIGN (0x4)
                0x00434844                __init_array_start = .
 *(SORT(.init_array.*))
 .init_array.00000
                0x00434844        0x4 c:/program files (x86)/atmel/studio/7.0/toolchain/arm/arm-gnu-toolchain/bin/../lib/gcc/arm-none-eabi/6.3.1/../../../../arm-none-eabi/lib/thumb/v7e-m\libc.a(lib_a-__call_atexit.o)
 *(.init_array)
 .init_array    0x00434848        0x4 c:/program files (x86)/atmel/studio/7.0/toolchain/arm/arm-gnu-toolchain/bin/../lib/gcc/arm-none-eabi/6.3.1/thumb/v7e-m/crtbegin.o
                0x0043484c                __init_array_end = .
                0x0043484c                . = ALIGN (0x4)
 *crtbegin.o(.ctors)
 *(EXCLUDE_FILE(*crtend.o) .ctors)
 *(SORT(.ctors.*))
 *crtend.o(.ctors)
                0x0043484c                . = ALIGN (0x4)
 *(.fini)
 .fini          0x0043484c        0x4 c:/program files (x86)/atmel/studio/7.0/toolchain/arm/arm-gnu-toolchain/bin/../lib/gcc/arm-none-eabi/6.3.1/thumb/v7e-m/crti.o
                0x0043484c                _fini
 .fini          0x00434850        0x8 c:/program files (x86)/atmel/studio/7.0/toolchain/arm/arm-gnu-toolchain/bin/../lib/gcc/arm-none-eabi/6.3.1/thumb/v7e-m/crtn.o
                0x00434858                . = ALIGN (0x4)
                0x00434858                __fini_array_start = .
 *(.fini_array)
 .fini_array    0x00434858        0x4 c:/program files (x86)/atmel/studio/7.0/toolchain/arm/arm-gnu-toolchain/bin/../lib/gcc/arm-none-eabi/6.3.1/thumb/v7e-m/crtbegin.o
 *(SORT(.fini_array.*))
                0x0043485c                __fini_array_end = .
 *crtbegin.o(.dtors)
 *(EXCLUDE_FILE(*crtend.o) .dtors)
 *(SORT(.dtors.*))
 *crtend.o(.dtors)
                0x0043485c                . = ALIGN (0x4)
                0x0043485c                _efixed = .
                [!provide]                PROVIDE (__exidx_start, .)

.vfp11_veneer   0x0043485c        0x0
 .vfp11_veneer  0x0043485c        0x0 linker stubs

.v4_bx          0x0043485c        0x0
 .v4_bx         0x0043485c        0x0 linker stubs

.iplt           0x0043485c        0x0
 .iplt          0x0043485c        0x0 c:/program files (x86)/atmel/studio/7.0/toolchain/arm/arm-gnu-toolchain/bin/../lib/gcc/arm-none-eabi/6.3.1/thumb/v7e-m/crtbegin.o

.ARM.exidx      0x0043485c        0x8
 *(.ARM.exidx* .gnu.linkonce.armexidx.*)
 .ARM.exidx     0x0043485c        0x8 c:/program files (x86)/atmel/studio/7.0/toolchain/arm/arm-gnu-toolchain/bin/../lib/gcc/arm-none-eabi/6.3.1/thumb/v7e-m\libgcc.a(_udivmoddi4.o)
                [!provide]                PROVIDE (__exidx_end, .)

.eh_frame       0x00434864        0x0
 .eh_frame      0x00434864        0x0 c:/program files (x86)/atmel/studio/7.0/toolchain/arm/arm-gnu-toolchain/bin/../lib/gcc/arm-none-eabi/6.3.1/thumb/v7e-m/crtbegin.o

.rel.dyn        0x00434864        0x0
 .rel.iplt      0x00434864        0x0 c:/program files (x86)/atmel/studio/7.0/toolchain/arm/arm-gnu-toolchain/bin/../lib/gcc/arm-none-eabi/6.3.1/thumb/v7e-m/crtbegin.o

.jcr            0x00434864        0x0
 .jcr           0x00434864        0x0 c:/program files (x86)/atmel/studio/7.0/toolchain/arm/arm-gnu-toolchain/bin/../lib/gcc/arm-none-eabi/6.3.1/thumb/v7e-m/crtbegin.o

.igot.plt       0x00434864        0x0
 .igot.plt      0x00434864        0x0 c:/program files (x86)/atmel/studio/7.0/toolchain/arm/arm-gnu-toolchain/bin/../lib/gcc/arm-none-eabi/6.3.1/thumb/v7e-m/crtbegin.o
                0x00434864                . = ALIGN (0x4)
                0x00434864                _etext = .

.relocate       0x20400000      0x9b8 load address 0x00434864
                0x20400000                . = ALIGN (0x4)
                0x20400000                _srelocate = .
 *(.ramfunc .ramfunc.*)
 *(.data .data.*)
 .data.g_interrupt_enabled
                0x20400000        0x1 src/ASF/common/utils/interrupt/interrupt_sam_nvic.o
                0x20400000                g_interrupt_enabled
 *fill*         0x20400001        0x3 
 .data.SystemCoreClock
                0x20400004        0x4 src/ASF/sam/utils/cmsis/same70/source/templates/system_same70.o
                0x20400004                SystemCoreClock
 .data._impure_ptr
                0x20400008        0x4 c:/program files (x86)/atmel/studio/7.0/toolchain/arm/arm-gnu-toolchain/bin/../lib/gcc/arm-none-eabi/6.3.1/../../../../arm-none-eabi/lib/thumb/v7e-m\libc.a(lib_a-impure.o)
                0x20400008                _impure_ptr
 *fill*         0x2040000c        0x4 
 .data.impure_data
                0x20400010      0x428 c:/program files (x86)/atmel/studio/7.0/toolchain/arm/arm-gnu-toolchain/bin/../lib/gcc/arm-none-eabi/6.3.1/../../../../arm-none-eabi/lib/thumb/v7e-m\libc.a(lib_a-impure.o)
 .data.__atexit_recursive_mutex
                0x20400438        0x4 c:/program files (x86)/atmel/studio/7.0/toolchain/arm/arm-gnu-toolchain/bin/../lib/gcc/arm-none-eabi/6.3.1/../../../../arm-none-eabi/lib/thumb/v7e-m\libc.a(lib_a-__call_atexit.o)
                0x20400438                __atexit_recursive_mutex
 .data.__malloc_av_
                0x2040043c      0x408 c:/program files (x86)/atmel/studio/7.0/toolchain/arm/arm-gnu-toolchain/bin/../lib/gcc/arm-none-eabi/6.3.1/../../../../arm-none-eabi/lib/thumb/v7e-m\libc.a(lib_a-mallocr.o)
                0x2040043c                __malloc_av_
 .data.__malloc_sbrk_base
                0x20400844        0x4 c:/program files (x86)/atmel/studio/7.0/toolchain/arm/arm-gnu-toolchain/bin/../lib/gcc/arm-none-eabi/6.3.1/../../../../arm-none-eabi/lib/thumb/v7e-m\libc.a(lib_a-mallocr.o)
                0x20400844                __malloc_sbrk_base
 .data.__malloc_trim_threshold
                0x20400848        0x4 c:/program files (x86)/atmel/studio/7.0/toolchain/arm/arm-gnu-toolchain/bin/../lib/gcc/arm-none-eabi/6.3.1/../../../../arm-none-eabi/lib/thumb/v7e-m\libc.a(lib_a-mallocr.o)
                0x20400848                __malloc_trim_threshold
 .data.__global_locale
                0x2040084c      0x16c c:/program files (x86)/atmel/studio/7.0/toolchain/arm/arm-gnu-toolchain/bin/../lib/gcc/arm-none-eabi/6.3.1/../../../../arm-none-eabi/lib/thumb/v7e-m\libc.a(lib_a-locale.o)
                0x2040084c                __global_locale
                0x204009b8                . = ALIGN (0x4)
                0x204009b8                _erelocate = .

.bss            0x204009b8      0x4d4 load address 0x0043521c
                0x204009b8                . = ALIGN (0x4)
                0x204009b8                _sbss = .
                0x204009b8                _szero = .
 *(.bss .bss.*)
 .bss           0x204009b8       0x1c c:/program files (x86)/atmel/studio/7.0/toolchain/arm/arm-gnu-toolchain/bin/../lib/gcc/arm-none-eabi/6.3.1/thumb/v7e-m/crtbegin.o
 .bss.g_ul_pixel_cache
                0x204009d4      0x3c0 src/ASF/sam/components/display/ili9488/ili9488.o
 .bss.gs_interrupt_sources
                0x20400d94       0x70 src/ASF/sam/drivers/pio/pio_handler.o
 .bss.gs_ul_nb_sources
                0x20400e04        0x4 src/ASF/sam/drivers/pio/pio_handler.o
 .bss.heap.6420
                0x20400e08        0x4 src/ASF/sam/utils/syscalls/gcc/syscalls.o
 .bss.__malloc_current_mallinfo
                0x20400e0c       0x28 c:/program files (x86)/atmel/studio/7.0/toolchain/arm/arm-gnu-toolchain/bin/../lib/gcc/arm-none-eabi/6.3.1/../../../../arm-none-eabi/lib/thumb/v7e-m\libc.a(lib_a-mallocr.o)
                0x20400e0c                __malloc_current_mallinfo
 .bss.__malloc_max_sbrked_mem
                0x20400e34        0x4 c:/program files (x86)/atmel/studio/7.0/toolchain/arm/arm-gnu-toolchain/bin/../lib/gcc/arm-none-eabi/6.3.1/../../../../arm-none-eabi/lib/thumb/v7e-m\libc.a(lib_a-mallocr.o)
                0x20400e34                __malloc_max_sbrked_mem
 .bss.__malloc_max_total_mem
                0x20400e38        0x4 c:/program files (x86)/atmel/studio/7.0/toolchain/arm/arm-gnu-toolchain/bin/../lib/gcc/arm-none-eabi/6.3.1/../../../../arm-none-eabi/lib/thumb/v7e-m\libc.a(lib_a-mallocr.o)
                0x20400e38                __malloc_max_total_mem
 .bss.__malloc_top_pad
                0x20400e3c        0x4 c:/program files (x86)/atmel/studio/7.0/toolchain/arm/arm-gnu-toolchain/bin/../lib/gcc/arm-none-eabi/6.3.1/../../../../arm-none-eabi/lib/thumb/v7e-m\libc.a(lib_a-mallocr.o)
                0x20400e3c                __malloc_top_pad
 *(COMMON)
 COMMON         0x20400e40       0x24 src/main.o
                0x20400e40                minuto
                0x20400e44                atualiza_temp
                0x20400e48                hora
                0x20400e4c                seg
                0x20400e50                but_flag
                0x20400e54                g_ili9488_display_opt
 COMMON         0x20400e64       0x21 c:/program files (x86)/atmel/studio/7.0/toolchain/arm/arm-gnu-toolchain/bin/../lib/gcc/arm-none-eabi/6.3.1/../../../../arm-none-eabi/lib/thumb/v7e-m\libc.a(lib_a-lock.o)
                0x20400e64                __lock___atexit_recursive_mutex
                0x20400e68                __lock___arc4random_mutex
                0x20400e6c                __lock___env_recursive_mutex
                0x20400e70                __lock___sinit_recursive_mutex
                0x20400e74                __lock___malloc_recursive_mutex
                0x20400e78                __lock___at_quick_exit_mutex
                0x20400e7c                __lock___dd_hash_mutex
                0x20400e80                __lock___tz_mutex
                0x20400e84                __lock___sfp_recursive_mutex
 *fill*         0x20400e85        0x3 
 COMMON         0x20400e88        0x4 c:/program files (x86)/atmel/studio/7.0/toolchain/arm/arm-gnu-toolchain/bin/../lib/gcc/arm-none-eabi/6.3.1/../../../../arm-none-eabi/lib/thumb/v7e-m\libc.a(lib_a-reent.o)
                0x20400e88                errno
                0x20400e8c                . = ALIGN (0x4)
                0x20400e8c                _ebss = .
                0x20400e8c                _ezero = .

.stack          0x20400e8c     0x2004 load address 0x004356f0
                0x20400e90                . = ALIGN (0x8)
 *fill*         0x20400e8c        0x4 
                0x20400e90                _sstack = .
                0x20402e90                . = (. + STACK_SIZE)
 *fill*         0x20400e90     0x2000 
                0x20402e90                . = ALIGN (0x8)
                0x20402e90                _estack = .

.heap           0x20402e90      0x200 load address 0x004376f4
                0x20402e90                . = ALIGN (0x8)
                0x20402e90                _sheap = .
                0x20403090                . = (. + HEAP_SIZE)
 *fill*         0x20402e90      0x200 
                0x20403090                . = ALIGN (0x8)
                0x20403090                _eheap = .
                0x20403090                . = ALIGN (0x4)
                0x20403090                _end = .
                0x2045ffff                _ram_end_ = ((ORIGIN (ram) + LENGTH (ram)) - 0x1)
OUTPUT(SAME70_FONTS.elf elf32-littlearm)

.ARM.attributes
                0x00000000       0x2e
 .ARM.attributes
                0x00000000       0x1e c:/program files (x86)/atmel/studio/7.0/toolchain/arm/arm-gnu-toolchain/bin/../lib/gcc/arm-none-eabi/6.3.1/thumb/v7e-m/crti.o
 .ARM.attributes
                0x0000001e       0x2e c:/program files (x86)/atmel/studio/7.0/toolchain/arm/arm-gnu-toolchain/bin/../lib/gcc/arm-none-eabi/6.3.1/thumb/v7e-m/crtbegin.o
 .ARM.attributes
                0x0000004c       0x37 src/ASF/sam/drivers/rtc/rtc.o
 .ARM.attributes
                0x00000083       0x37 src/main.o
 .ARM.attributes
                0x000000ba       0x37 src/ASF/common/services/spi/sam_spi/spi_master.o
 .ARM.attributes
                0x000000f1       0x37 src/ASF/sam/components/display/ili9488/ili9488.o
 .ARM.attributes
                0x00000128       0x37 src/ASF/sam/drivers/spi/spi.o
 .ARM.attributes
                0x0000015f       0x37 src/ASF/common/services/clock/same70/sysclk.o
 .ARM.attributes
                0x00000196       0x37 src/ASF/common/utils/interrupt/interrupt_sam_nvic.o
 .ARM.attributes
                0x000001cd       0x37 src/ASF/sam/boards/same70_xplained/init.o
 .ARM.attributes
                0x00000204       0x37 src/ASF/sam/drivers/pio/pio.o
 .ARM.attributes
                0x0000023b       0x37 src/ASF/sam/drivers/pio/pio_handler.o
 .ARM.attributes
                0x00000272       0x37 src/ASF/sam/drivers/pmc/pmc.o
 .ARM.attributes
                0x000002a9       0x37 src/ASF/sam/utils/cmsis/same70/source/templates/gcc/startup_same70.o
 .ARM.attributes
                0x000002e0       0x37 src/ASF/sam/utils/cmsis/same70/source/templates/system_same70.o
 .ARM.attributes
                0x00000317       0x37 src/ASF/sam/utils/syscalls/gcc/syscalls.o
 .ARM.attributes
                0x0000034e       0x2e c:/program files (x86)/atmel/studio/7.0/toolchain/arm/arm-gnu-toolchain/bin/../lib/gcc/arm-none-eabi/6.3.1/../../../../arm-none-eabi/lib/thumb/v7e-m\libc.a(lib_a-impure.o)
 .ARM.attributes
                0x0000037c       0x2e c:/program files (x86)/atmel/studio/7.0/toolchain/arm/arm-gnu-toolchain/bin/../lib/gcc/arm-none-eabi/6.3.1/../../../../arm-none-eabi/lib/thumb/v7e-m\libc.a(lib_a-init.o)
 .ARM.attributes
                0x000003aa       0x2e c:/program files (x86)/atmel/studio/7.0/toolchain/arm/arm-gnu-toolchain/bin/../lib/gcc/arm-none-eabi/6.3.1/../../../../arm-none-eabi/lib/thumb/v7e-m\libc.a(lib_a-memset.o)
 .ARM.attributes
                0x000003d8       0x2e c:/program files (x86)/atmel/studio/7.0/toolchain/arm/arm-gnu-toolchain/bin/../lib/gcc/arm-none-eabi/6.3.1/../../../../arm-none-eabi/lib/thumb/v7e-m\libc.a(lib_a-sprintf.o)
 .ARM.attributes
                0x00000406       0x2e c:/program files (x86)/atmel/studio/7.0/toolchain/arm/arm-gnu-toolchain/bin/../lib/gcc/arm-none-eabi/6.3.1/../../../../arm-none-eabi/lib/thumb/v7e-m\libc.a(lib_a-svfprintf.o)
 .ARM.attributes
                0x00000434       0x2e c:/program files (x86)/atmel/studio/7.0/toolchain/arm/arm-gnu-toolchain/bin/../lib/gcc/arm-none-eabi/6.3.1/../../../../arm-none-eabi/lib/thumb/v7e-m\libc.a(lib_a-__call_atexit.o)
 .ARM.attributes
                0x00000462       0x2e c:/program files (x86)/atmel/studio/7.0/toolchain/arm/arm-gnu-toolchain/bin/../lib/gcc/arm-none-eabi/6.3.1/../../../../arm-none-eabi/lib/thumb/v7e-m\libc.a(lib_a-atexit.o)
 .ARM.attributes
                0x00000490       0x2e c:/program files (x86)/atmel/studio/7.0/toolchain/arm/arm-gnu-toolchain/bin/../lib/gcc/arm-none-eabi/6.3.1/../../../../arm-none-eabi/lib/thumb/v7e-m\libc.a(lib_a-dtoa.o)
 .ARM.attributes
                0x000004be       0x2e c:/program files (x86)/atmel/studio/7.0/toolchain/arm/arm-gnu-toolchain/bin/../lib/gcc/arm-none-eabi/6.3.1/../../../../arm-none-eabi/lib/thumb/v7e-m\libc.a(lib_a-fini.o)
 .ARM.attributes
                0x000004ec       0x2e c:/program files (x86)/atmel/studio/7.0/toolchain/arm/arm-gnu-toolchain/bin/../lib/gcc/arm-none-eabi/6.3.1/../../../../arm-none-eabi/lib/thumb/v7e-m\libc.a(lib_a-localeconv.o)
 .ARM.attributes
                0x0000051a       0x2e c:/program files (x86)/atmel/studio/7.0/toolchain/arm/arm-gnu-toolchain/bin/../lib/gcc/arm-none-eabi/6.3.1/../../../../arm-none-eabi/lib/thumb/v7e-m\libc.a(lib_a-lock.o)
 .ARM.attributes
                0x00000548       0x2e c:/program files (x86)/atmel/studio/7.0/toolchain/arm/arm-gnu-toolchain/bin/../lib/gcc/arm-none-eabi/6.3.1/../../../../arm-none-eabi/lib/thumb/v7e-m\libc.a(lib_a-mallocr.o)
 .ARM.attributes
                0x00000576       0x1c c:/program files (x86)/atmel/studio/7.0/toolchain/arm/arm-gnu-toolchain/bin/../lib/gcc/arm-none-eabi/6.3.1/../../../../arm-none-eabi/lib/thumb/v7e-m\libc.a(lib_a-memchr.o)
 .ARM.attributes
                0x00000592       0x1c c:/program files (x86)/atmel/studio/7.0/toolchain/arm/arm-gnu-toolchain/bin/../lib/gcc/arm-none-eabi/6.3.1/../../../../arm-none-eabi/lib/thumb/v7e-m\libc.a(lib_a-memcpy.o)
 .ARM.attributes
                0x000005ae       0x2e c:/program files (x86)/atmel/studio/7.0/toolchain/arm/arm-gnu-toolchain/bin/../lib/gcc/arm-none-eabi/6.3.1/../../../../arm-none-eabi/lib/thumb/v7e-m\libc.a(lib_a-mlock.o)
 .ARM.attributes
                0x000005dc       0x2e c:/program files (x86)/atmel/studio/7.0/toolchain/arm/arm-gnu-toolchain/bin/../lib/gcc/arm-none-eabi/6.3.1/../../../../arm-none-eabi/lib/thumb/v7e-m\libc.a(lib_a-mprec.o)
 .ARM.attributes
                0x0000060a       0x2e c:/program files (x86)/atmel/studio/7.0/toolchain/arm/arm-gnu-toolchain/bin/../lib/gcc/arm-none-eabi/6.3.1/../../../../arm-none-eabi/lib/thumb/v7e-m\libc.a(lib_a-sbrkr.o)
 .ARM.attributes
                0x00000638       0x1c c:/program files (x86)/atmel/studio/7.0/toolchain/arm/arm-gnu-toolchain/bin/../lib/gcc/arm-none-eabi/6.3.1/../../../../arm-none-eabi/lib/thumb/v7e-m\libc.a(lib_a-strlen.o)
 .ARM.attributes
                0x00000654       0x2e c:/program files (x86)/atmel/studio/7.0/toolchain/arm/arm-gnu-toolchain/bin/../lib/gcc/arm-none-eabi/6.3.1/../../../../arm-none-eabi/lib/thumb/v7e-m\libc.a(lib_a-svfiprintf.o)
 .ARM.attributes
                0x00000682       0x2e c:/program files (x86)/atmel/studio/7.0/toolchain/arm/arm-gnu-toolchain/bin/../lib/gcc/arm-none-eabi/6.3.1/../../../../arm-none-eabi/lib/thumb/v7e-m\libc.a(lib_a-__atexit.o)
 .ARM.attributes
                0x000006b0       0x2e c:/program files (x86)/atmel/studio/7.0/toolchain/arm/arm-gnu-toolchain/bin/../lib/gcc/arm-none-eabi/6.3.1/../../../../arm-none-eabi/lib/thumb/v7e-m\libc.a(lib_a-callocr.o)
 .ARM.attributes
                0x000006de       0x2e c:/program files (x86)/atmel/studio/7.0/toolchain/arm/arm-gnu-toolchain/bin/../lib/gcc/arm-none-eabi/6.3.1/../../../../arm-none-eabi/lib/thumb/v7e-m\libc.a(lib_a-freer.o)
 .ARM.attributes
                0x0000070c       0x2e c:/program files (x86)/atmel/studio/7.0/toolchain/arm/arm-gnu-toolchain/bin/../lib/gcc/arm-none-eabi/6.3.1/../../../../arm-none-eabi/lib/thumb/v7e-m\libc.a(lib_a-locale.o)
 .ARM.attributes
                0x0000073a       0x2e c:/program files (x86)/atmel/studio/7.0/toolchain/arm/arm-gnu-toolchain/bin/../lib/gcc/arm-none-eabi/6.3.1/../../../../arm-none-eabi/lib/thumb/v7e-m\libc.a(lib_a-mbtowc_r.o)
 .ARM.attributes
                0x00000768       0x2e c:/program files (x86)/atmel/studio/7.0/toolchain/arm/arm-gnu-toolchain/bin/../lib/gcc/arm-none-eabi/6.3.1/../../../../arm-none-eabi/lib/thumb/v7e-m\libc.a(lib_a-memmove.o)
 .ARM.attributes
                0x00000796       0x2e c:/program files (x86)/atmel/studio/7.0/toolchain/arm/arm-gnu-toolchain/bin/../lib/gcc/arm-none-eabi/6.3.1/../../../../arm-none-eabi/lib/thumb/v7e-m\libc.a(lib_a-reallocr.o)
 .ARM.attributes
                0x000007c4       0x2e c:/program files (x86)/atmel/studio/7.0/toolchain/arm/arm-gnu-toolchain/bin/../lib/gcc/arm-none-eabi/6.3.1/../../../../arm-none-eabi/lib/thumb/v7e-m\libc.a(lib_a-reent.o)
 .ARM.attributes
                0x000007f2       0x2e c:/program files (x86)/atmel/studio/7.0/toolchain/arm/arm-gnu-toolchain/bin/../lib/gcc/arm-none-eabi/6.3.1/../../../../arm-none-eabi/lib/thumb/v7e-m\libc.a(lib_a-wctomb_r.o)
 .ARM.attributes
                0x00000820       0x2e c:/program files (x86)/atmel/studio/7.0/toolchain/arm/arm-gnu-toolchain/bin/../lib/gcc/arm-none-eabi/6.3.1/../../../../arm-none-eabi/lib/thumb/v7e-m\libc.a(lib_a-ctype_.o)
 .ARM.attributes
                0x0000084e       0x1e c:/program files (x86)/atmel/studio/7.0/toolchain/arm/arm-gnu-toolchain/bin/../lib/gcc/arm-none-eabi/6.3.1/thumb/v7e-m\libgcc.a(_arm_addsubdf3.o)
 .ARM.attributes
                0x0000086c       0x1e c:/program files (x86)/atmel/studio/7.0/toolchain/arm/arm-gnu-toolchain/bin/../lib/gcc/arm-none-eabi/6.3.1/thumb/v7e-m\libgcc.a(_arm_muldivdf3.o)
 .ARM.attributes
                0x0000088a       0x1e c:/program files (x86)/atmel/studio/7.0/toolchain/arm/arm-gnu-toolchain/bin/../lib/gcc/arm-none-eabi/6.3.1/thumb/v7e-m\libgcc.a(_arm_cmpdf2.o)
 .ARM.attributes
                0x000008a8       0x1e c:/program files (x86)/atmel/studio/7.0/toolchain/arm/arm-gnu-toolchain/bin/../lib/gcc/arm-none-eabi/6.3.1/thumb/v7e-m\libgcc.a(_arm_unorddf2.o)
 .ARM.attributes
                0x000008c6       0x1e c:/program files (x86)/atmel/studio/7.0/toolchain/arm/arm-gnu-toolchain/bin/../lib/gcc/arm-none-eabi/6.3.1/thumb/v7e-m\libgcc.a(_arm_fixdfsi.o)
 .ARM.attributes
                0x000008e4       0x1e c:/program files (x86)/atmel/studio/7.0/toolchain/arm/arm-gnu-toolchain/bin/../lib/gcc/arm-none-eabi/6.3.1/thumb/v7e-m\libgcc.a(_aeabi_uldivmod.o)
 .ARM.attributes
                0x00000902       0x2e c:/program files (x86)/atmel/studio/7.0/toolchain/arm/arm-gnu-toolchain/bin/../lib/gcc/arm-none-eabi/6.3.1/thumb/v7e-m\libgcc.a(_udivmoddi4.o)
 .ARM.attributes
                0x00000930       0x1e c:/program files (x86)/atmel/studio/7.0/toolchain/arm/arm-gnu-toolchain/bin/../lib/gcc/arm-none-eabi/6.3.1/thumb/v7e-m\libgcc.a(_dvmd_tls.o)
 .ARM.attributes
                0x0000094e       0x1e c:/program files (x86)/atmel/studio/7.0/toolchain/arm/arm-gnu-toolchain/bin/../lib/gcc/arm-none-eabi/6.3.1/thumb/v7e-m/crtn.o

.comment        0x00000000       0x59
 .comment       0x00000000       0x59 src/ASF/sam/drivers/rtc/rtc.o
                                 0x5a (size before relaxing)
 .comment       0x00000059       0x5a src/main.o
 .comment       0x00000059       0x5a src/ASF/common/services/spi/sam_spi/spi_master.o
 .comment       0x00000059       0x5a src/ASF/sam/components/display/ili9488/ili9488.o
 .comment       0x00000059       0x5a src/ASF/sam/drivers/spi/spi.o
 .comment       0x00000059       0x5a src/ASF/common/services/clock/same70/sysclk.o
 .comment       0x00000059       0x5a src/ASF/common/utils/interrupt/interrupt_sam_nvic.o
 .comment       0x00000059       0x5a src/ASF/sam/boards/same70_xplained/init.o
 .comment       0x00000059       0x5a src/ASF/sam/drivers/pio/pio.o
 .comment       0x00000059       0x5a src/ASF/sam/drivers/pio/pio_handler.o
 .comment       0x00000059       0x5a src/ASF/sam/drivers/pmc/pmc.o
 .comment       0x00000059       0x5a src/ASF/sam/utils/cmsis/same70/source/templates/gcc/startup_same70.o
 .comment       0x00000059       0x5a src/ASF/sam/utils/cmsis/same70/source/templates/system_same70.o
 .comment       0x00000059       0x5a src/ASF/sam/utils/syscalls/gcc/syscalls.o

.debug_info     0x00000000    0x148a7
 .debug_info    0x00000000     0x1158 src/ASF/sam/drivers/rtc/rtc.o
 .debug_info    0x00001158     0x3398 src/main.o
 .debug_info    0x000044f0     0x143e src/ASF/common/services/spi/sam_spi/spi_master.o
 .debug_info    0x0000592e     0x208c src/ASF/sam/components/display/ili9488/ili9488.o
 .debug_info    0x000079ba     0x1123 src/ASF/sam/drivers/spi/spi.o
 .debug_info    0x00008add     0x1311 src/ASF/common/services/clock/same70/sysclk.o
 .debug_info    0x00009dee      0xb06 src/ASF/common/utils/interrupt/interrupt_sam_nvic.o
 .debug_info    0x0000a8f4     0x1fcd src/ASF/sam/boards/same70_xplained/init.o
 .debug_info    0x0000c8c1     0x1ce3 src/ASF/sam/drivers/pio/pio.o
 .debug_info    0x0000e5a4     0x1a74 src/ASF/sam/drivers/pio/pio_handler.o
 .debug_info    0x00010018     0x1eed src/ASF/sam/drivers/pmc/pmc.o
 .debug_info    0x00011f05     0x1612 src/ASF/sam/utils/cmsis/same70/source/templates/gcc/startup_same70.o
 .debug_info    0x00013517      0x5d4 src/ASF/sam/utils/cmsis/same70/source/templates/system_same70.o
 .debug_info    0x00013aeb      0xdbc src/ASF/sam/utils/syscalls/gcc/syscalls.o

.debug_abbrev   0x00000000     0x2518
 .debug_abbrev  0x00000000      0x257 src/ASF/sam/drivers/rtc/rtc.o
 .debug_abbrev  0x00000257      0x356 src/main.o
 .debug_abbrev  0x000005ad      0x305 src/ASF/common/services/spi/sam_spi/spi_master.o
 .debug_abbrev  0x000008b2      0x2f4 src/ASF/sam/components/display/ili9488/ili9488.o
 .debug_abbrev  0x00000ba6      0x2cf src/ASF/sam/drivers/spi/spi.o
 .debug_abbrev  0x00000e75      0x296 src/ASF/common/services/clock/same70/sysclk.o
 .debug_abbrev  0x0000110b      0x214 src/ASF/common/utils/interrupt/interrupt_sam_nvic.o
 .debug_abbrev  0x0000131f      0x3b8 src/ASF/sam/boards/same70_xplained/init.o
 .debug_abbrev  0x000016d7      0x296 src/ASF/sam/drivers/pio/pio.o
 .debug_abbrev  0x0000196d      0x2c9 src/ASF/sam/drivers/pio/pio_handler.o
 .debug_abbrev  0x00001c36      0x2ce src/ASF/sam/drivers/pmc/pmc.o
 .debug_abbrev  0x00001f04      0x2e8 src/ASF/sam/utils/cmsis/same70/source/templates/gcc/startup_same70.o
 .debug_abbrev  0x000021ec      0x102 src/ASF/sam/utils/cmsis/same70/source/templates/system_same70.o
 .debug_abbrev  0x000022ee      0x22a src/ASF/sam/utils/syscalls/gcc/syscalls.o

.debug_loc      0x00000000     0x5fda
 .debug_loc     0x00000000      0x730 src/ASF/sam/drivers/rtc/rtc.o
 .debug_loc     0x00000730      0x39e src/main.o
 .debug_loc     0x00000ace      0x830 src/ASF/common/services/spi/sam_spi/spi_master.o
 .debug_loc     0x000012fe      0xd20 src/ASF/sam/components/display/ili9488/ili9488.o
 .debug_loc     0x0000201e      0x630 src/ASF/sam/drivers/spi/spi.o
 .debug_loc     0x0000264e      0x4a0 src/ASF/common/services/clock/same70/sysclk.o
 .debug_loc     0x00002aee       0xa0 src/ASF/common/utils/interrupt/interrupt_sam_nvic.o
 .debug_loc     0x00002b8e      0x2b8 src/ASF/sam/boards/same70_xplained/init.o
 .debug_loc     0x00002e46     0x1174 src/ASF/sam/drivers/pio/pio.o
 .debug_loc     0x00003fba      0x38c src/ASF/sam/drivers/pio/pio_handler.o
 .debug_loc     0x00004346     0x1744 src/ASF/sam/drivers/pmc/pmc.o
 .debug_loc     0x00005a8a      0x16c src/ASF/sam/utils/cmsis/same70/source/templates/gcc/startup_same70.o
 .debug_loc     0x00005bf6       0xe4 src/ASF/sam/utils/cmsis/same70/source/templates/system_same70.o
 .debug_loc     0x00005cda      0x300 src/ASF/sam/utils/syscalls/gcc/syscalls.o

.debug_aranges  0x00000000      0xa88
 .debug_aranges
                0x00000000       0xb8 src/ASF/sam/drivers/rtc/rtc.o
 .debug_aranges
                0x000000b8       0x78 src/main.o
 .debug_aranges
                0x00000130       0xe0 src/ASF/common/services/spi/sam_spi/spi_master.o
 .debug_aranges
                0x00000210      0x168 src/ASF/sam/components/display/ili9488/ili9488.o
 .debug_aranges
                0x00000378       0xa8 src/ASF/sam/drivers/spi/spi.o
 .debug_aranges
                0x00000420       0x98 src/ASF/common/services/clock/same70/sysclk.o
 .debug_aranges
                0x000004b8       0x28 src/ASF/common/utils/interrupt/interrupt_sam_nvic.o
 .debug_aranges
                0x000004e0       0x60 src/ASF/sam/boards/same70_xplained/init.o
 .debug_aranges
                0x00000540      0x1a8 src/ASF/sam/drivers/pio/pio.o
 .debug_aranges
                0x000006e8       0x80 src/ASF/sam/drivers/pio/pio_handler.o
 .debug_aranges
                0x00000768      0x250 src/ASF/sam/drivers/pmc/pmc.o
 .debug_aranges
                0x000009b8       0x40 src/ASF/sam/utils/cmsis/same70/source/templates/gcc/startup_same70.o
 .debug_aranges
                0x000009f8       0x30 src/ASF/sam/utils/cmsis/same70/source/templates/system_same70.o
 .debug_aranges
                0x00000a28       0x60 src/ASF/sam/utils/syscalls/gcc/syscalls.o

.debug_ranges   0x00000000      0xa20
 .debug_ranges  0x00000000       0xa8 src/ASF/sam/drivers/rtc/rtc.o
 .debug_ranges  0x000000a8       0x68 src/main.o
 .debug_ranges  0x00000110       0xd0 src/ASF/common/services/spi/sam_spi/spi_master.o
 .debug_ranges  0x000001e0      0x158 src/ASF/sam/components/display/ili9488/ili9488.o
 .debug_ranges  0x00000338       0x98 src/ASF/sam/drivers/spi/spi.o
 .debug_ranges  0x000003d0       0x88 src/ASF/common/services/clock/same70/sysclk.o
 .debug_ranges  0x00000458       0x18 src/ASF/common/utils/interrupt/interrupt_sam_nvic.o
 .debug_ranges  0x00000470       0xc8 src/ASF/sam/boards/same70_xplained/init.o
 .debug_ranges  0x00000538      0x198 src/ASF/sam/drivers/pio/pio.o
 .debug_ranges  0x000006d0       0x70 src/ASF/sam/drivers/pio/pio_handler.o
 .debug_ranges  0x00000740      0x240 src/ASF/sam/drivers/pmc/pmc.o
 .debug_ranges  0x00000980       0x30 src/ASF/sam/utils/cmsis/same70/source/templates/gcc/startup_same70.o
 .debug_ranges  0x000009b0       0x20 src/ASF/sam/utils/cmsis/same70/source/templates/system_same70.o
 .debug_ranges  0x000009d0       0x50 src/ASF/sam/utils/syscalls/gcc/syscalls.o

.debug_macro    0x00000000    0x1fd52
 .debug_macro   0x00000000      0x699 src/ASF/sam/drivers/rtc/rtc.o
 .debug_macro   0x00000699      0x8d4 src/ASF/sam/drivers/rtc/rtc.o
 .debug_macro   0x00000f6d      0x16d src/ASF/sam/drivers/rtc/rtc.o
 .debug_macro   0x000010da      0x6d7 src/ASF/sam/drivers/rtc/rtc.o
 .debug_macro   0x000017b1       0x76 src/ASF/sam/drivers/rtc/rtc.o
 .debug_macro   0x00001827       0x16 src/ASF/sam/drivers/rtc/rtc.o
 .debug_macro   0x0000183d      0x6da src/ASF/sam/drivers/rtc/rtc.o
 .debug_macro   0x00001f17       0x22 src/ASF/sam/drivers/rtc/rtc.o
 .debug_macro   0x00001f39       0x87 src/ASF/sam/drivers/rtc/rtc.o
 .debug_macro   0x00001fc0       0x51 src/ASF/sam/drivers/rtc/rtc.o
 .debug_macro   0x00002011       0xef src/ASF/sam/drivers/rtc/rtc.o
 .debug_macro   0x00002100       0x6a src/ASF/sam/drivers/rtc/rtc.o
 .debug_macro   0x0000216a      0x1df src/ASF/sam/drivers/rtc/rtc.o
 .debug_macro   0x00002349       0x51 src/ASF/sam/drivers/rtc/rtc.o
 .debug_macro   0x0000239a       0x3b src/ASF/sam/drivers/rtc/rtc.o
 .debug_macro   0x000023d5       0x2d src/ASF/sam/drivers/rtc/rtc.o
 .debug_macro   0x00002402       0x26 src/ASF/sam/drivers/rtc/rtc.o
 .debug_macro   0x00002428      0xf9a src/ASF/sam/drivers/rtc/rtc.o
 .debug_macro   0x000033c2      0x191 src/ASF/sam/drivers/rtc/rtc.o
 .debug_macro   0x00003553      0x2ee src/ASF/sam/drivers/rtc/rtc.o
 .debug_macro   0x00003841      0xa23 src/ASF/sam/drivers/rtc/rtc.o
 .debug_macro   0x00004264      0x1b4 src/ASF/sam/drivers/rtc/rtc.o
 .debug_macro   0x00004418      0x35f src/ASF/sam/drivers/rtc/rtc.o
 .debug_macro   0x00004777      0x15a src/ASF/sam/drivers/rtc/rtc.o
 .debug_macro   0x000048d1     0x18b3 src/ASF/sam/drivers/rtc/rtc.o
 .debug_macro   0x00006184       0x1c src/ASF/sam/drivers/rtc/rtc.o
 .debug_macro   0x000061a0      0x6a2 src/ASF/sam/drivers/rtc/rtc.o
 .debug_macro   0x00006842      0x27f src/ASF/sam/drivers/rtc/rtc.o
 .debug_macro   0x00006ac1      0x3ba src/ASF/sam/drivers/rtc/rtc.o
 .debug_macro   0x00006e7b      0x4f0 src/ASF/sam/drivers/rtc/rtc.o